Skipping image OS validation for hb__125d6e469991bf365f72af9ee99eefdd: docker inspect returned 1
Running command: command -v autods-harbor >/dev/null 2>&1
Command failed
Running command: if ! command -v curl >/dev/null 2>&1; then   (apt-get update && apt-get install -y curl)   || apk add --no-cache curl   || (yum install -y curl) || true; fi
Skipping image OS validation for hb__5a7d0661bb01ee4923f4b728816662f5: docker inspect returned 1
Running command: command -v autods-harbor >/dev/null 2>&1
Command failed
Running command: if ! command -v curl >/dev/null 2>&1; then   (apt-get update && apt-get install -y curl)   || apk add --no-cache curl   || (yum install -y curl) || true; fi
Command outputs captured
Running command: mkdir -p /opt/autods-agent-venv && chown -R $(id -u):$(id -g) /opt/autods-agent-venv
Command outputs captured
Running command: set -e; if python3 -c 'import sys; raise SystemExit(0 if sys.version_info >= (3, 12) else 1)'; then   python3 -m venv --system-site-packages /opt/autods-agent-venv;   /opt/autods-agent-venv/bin/python -m pip install --quiet --upgrade pip; else   curl -LsSf https://astral.sh/uv/install.sh | sh;   . "$HOME/.local/bin/env" 2>/dev/null || export PATH="$HOME/.local/bin:$PATH";   uv python install 3.12;   uv venv /opt/autods-agent-venv --python 3.12 --seed; fi; printf '%s\n' "$AUTODS_INSTALL_SPEC" | tr ' ' '\n' | sed '/^$/d' > /tmp/autods-install-req.txt; /opt/autods-agent-venv/bin/pip install -r /tmp/autods-install-req.txt
Command outputs captured
Running command: mkdir -p /opt/autods-agent-venv && chown -R $(id -u):$(id -g) /opt/autods-agent-venv
Command outputs captured
Running command: set -e; if python3 -c 'import sys; raise SystemExit(0 if sys.version_info >= (3, 12) else 1)'; then   python3 -m venv --system-site-packages /opt/autods-agent-venv;   /opt/autods-agent-venv/bin/python -m pip install --quiet --upgrade pip; else   curl -LsSf https://astral.sh/uv/install.sh | sh;   . "$HOME/.local/bin/env" 2>/dev/null || export PATH="$HOME/.local/bin:$PATH";   uv python install 3.12;   uv venv /opt/autods-agent-venv --python 3.12 --seed; fi; printf '%s\n' "$AUTODS_INSTALL_SPEC" | tr ' ' '\n' | sed '/^$/d' > /tmp/autods-install-req.txt; /opt/autods-agent-venv/bin/pip install -r /tmp/autods-install-req.txt
Command outputs captured
Running command: ln -sf /opt/autods-agent-venv/bin/autods-harbor /usr/local/bin/autods-harbor
Command outputs captured
Running command: ls -1 /workspace 2>/dev/null; echo '<<<H>>>'; head -1 /workspace/train.csv 2>/dev/null
Command failed
AutoDS C1 layer applied (family=tabular)
Running command: autods-harbor --instruction-file /installed-agent/instruction.md --workspace /app --trace-out /logs/agent/autods_trace.json 2>&1 | stdbuf -oL tee /logs/agent/autods.log
Command outputs captured
Running command: ln -sf /opt/autods-agent-venv/bin/autods-harbor /usr/local/bin/autods-harbor
Command outputs captured
Running command: ls -1 /workspace 2>/dev/null; echo '<<<H>>>'; head -1 /workspace/train.csv 2>/dev/null
Command failed
AutoDS C1 layer applied (family=tabular)
Running command: autods-harbor --instruction-file /installed-agent/instruction.md --workspace /app --trace-out /logs/agent/autods_trace.json 2>&1 | stdbuf -oL tee /logs/agent/autods.log
Command outputs captured
Collecting main service artifacts
Skipping image OS validation for hb__0612845e095e012706fcb60606ee0f37: docker inspect returned 1
Running command: command -v autods-harbor >/dev/null 2>&1
Command failed
Running command: if ! command -v curl >/dev/null 2>&1; then   (apt-get update && apt-get install -y curl)   || apk add --no-cache curl   || (yum install -y curl) || true; fi
Command outputs captured
Running command: mkdir -p /opt/autods-agent-venv && chown -R $(id -u):$(id -g) /opt/autods-agent-venv
Command outputs captured
Running command: set -e; if python3 -c 'import sys; raise SystemExit(0 if sys.version_info >= (3, 12) else 1)'; then   python3 -m venv --system-site-packages /opt/autods-agent-venv;   /opt/autods-agent-venv/bin/python -m pip install --quiet --upgrade pip; else   curl -LsSf https://astral.sh/uv/install.sh | sh;   . "$HOME/.local/bin/env" 2>/dev/null || export PATH="$HOME/.local/bin:$PATH";   uv python install 3.12;   uv venv /opt/autods-agent-venv --python 3.12 --seed; fi; printf '%s\n' "$AUTODS_INSTALL_SPEC" | tr ' ' '\n' | sed '/^$/d' > /tmp/autods-install-req.txt; /opt/autods-agent-venv/bin/pip install -r /tmp/autods-install-req.txt
Command outputs captured
Running command: ln -sf /opt/autods-agent-venv/bin/autods-harbor /usr/local/bin/autods-harbor
Command outputs captured
Running command: ls -1 /workspace 2>/dev/null; echo '<<<H>>>'; head -1 /workspace/train.csv 2>/dev/null
Command failed
AutoDS C1 layer applied (family=tabular)
Running command: autods-harbor --instruction-file /installed-agent/instruction.md --workspace /app --trace-out /logs/agent/autods_trace.json 2>&1 | stdbuf -oL tee /logs/agent/autods.log
Command outputs captured
Collecting main service artifacts
Skipping image OS validation for hb__2bde76ef3ea13380fff860ea3fbc1e33: docker inspect returned 1
Running command: command -v autods-harbor >/dev/null 2>&1
Command failed
Running command: if ! command -v curl >/dev/null 2>&1; then   (apt-get update && apt-get install -y curl)   || apk add --no-cache curl   || (yum install -y curl) || true; fi
Command outputs captured
Running command: mkdir -p /opt/autods-agent-venv && chown -R $(id -u):$(id -g) /opt/autods-agent-venv
Command outputs captured
Running command: set -e; if python3 -c 'import sys; raise SystemExit(0 if sys.version_info >= (3, 12) else 1)'; then   python3 -m venv --system-site-packages /opt/autods-agent-venv;   /opt/autods-agent-venv/bin/python -m pip install --quiet --upgrade pip; else   curl -LsSf https://astral.sh/uv/install.sh | sh;   . "$HOME/.local/bin/env" 2>/dev/null || export PATH="$HOME/.local/bin:$PATH";   uv python install 3.12;   uv venv /opt/autods-agent-venv --python 3.12 --seed; fi; printf '%s\n' "$AUTODS_INSTALL_SPEC" | tr ' ' '\n' | sed '/^$/d' > /tmp/autods-install-req.txt; /opt/autods-agent-venv/bin/pip install -r /tmp/autods-install-req.txt
Command outputs captured
Running command: ln -sf /opt/autods-agent-venv/bin/autods-harbor /usr/local/bin/autods-harbor
Command outputs captured
Running command: ls -1 /workspace 2>/dev/null; echo '<<<H>>>'; head -1 /workspace/train.csv 2>/dev/null
Command failed
AutoDS C1 layer applied (family=tabular)
Running command: autods-harbor --instruction-file /installed-agent/instruction.md --workspace /app --trace-out /logs/agent/autods_trace.json 2>&1 | stdbuf -oL tee /logs/agent/autods.log
Command outputs captured
Collecting main service artifacts
Skipping image OS validation for hb__7c06da68f110ae26f21ea0235e140956: docker inspect returned 1
Running command: command -v autods-harbor >/dev/null 2>&1
Command failed
Running command: if ! command -v curl >/dev/null 2>&1; then   (apt-get update && apt-get install -y curl)   || apk add --no-cache curl   || (yum install -y curl) || true; fi
Command outputs captured
Running command: mkdir -p /opt/autods-agent-venv && chown -R $(id -u):$(id -g) /opt/autods-agent-venv
Command outputs captured
Running command: set -e; if python3 -c 'import sys; raise SystemExit(0 if sys.version_info >= (3, 12) else 1)'; then   python3 -m venv --system-site-packages /opt/autods-agent-venv;   /opt/autods-agent-venv/bin/python -m pip install --quiet --upgrade pip; else   curl -LsSf https://astral.sh/uv/install.sh | sh;   . "$HOME/.local/bin/env" 2>/dev/null || export PATH="$HOME/.local/bin:$PATH";   uv python install 3.12;   uv venv /opt/autods-agent-venv --python 3.12 --seed; fi; printf '%s\n' "$AUTODS_INSTALL_SPEC" | tr ' ' '\n' | sed '/^$/d' > /tmp/autods-install-req.txt; /opt/autods-agent-venv/bin/pip install -r /tmp/autods-install-req.txt
Command outputs captured
Running command: ln -sf /opt/autods-agent-venv/bin/autods-harbor /usr/local/bin/autods-harbor
Command outputs captured
Running command: ls -1 /workspace 2>/dev/null; echo '<<<H>>>'; head -1 /workspace/train.csv 2>/dev/null
Command failed
AutoDS C1 layer applied (family=tabular)
Running command: autods-harbor --instruction-file /installed-agent/instruction.md --workspace /app --trace-out /logs/agent/autods_trace.json 2>&1 | stdbuf -oL tee /logs/agent/autods.log
Command outputs captured
Collecting main service artifacts
Skipping image OS validation for hb__560ea29b5df726488c1564b86d5666d8: docker inspect returned 1
Running command: command -v autods-harbor >/dev/null 2>&1
Command failed
Running command: if ! command -v curl >/dev/null 2>&1; then   (apt-get update && apt-get install -y curl)   || apk add --no-cache curl   || (yum install -y curl) || true; fi
Command outputs captured
Running command: mkdir -p /opt/autods-agent-venv && chown -R $(id -u):$(id -g) /opt/autods-agent-venv
Command outputs captured
Running command: set -e; if python3 -c 'import sys; raise SystemExit(0 if sys.version_info >= (3, 12) else 1)'; then   python3 -m venv --system-site-packages /opt/autods-agent-venv;   /opt/autods-agent-venv/bin/python -m pip install --quiet --upgrade pip; else   curl -LsSf https://astral.sh/uv/install.sh | sh;   . "$HOME/.local/bin/env" 2>/dev/null || export PATH="$HOME/.local/bin:$PATH";   uv python install 3.12;   uv venv /opt/autods-agent-venv --python 3.12 --seed; fi; printf '%s\n' "$AUTODS_INSTALL_SPEC" | tr ' ' '\n' | sed '/^$/d' > /tmp/autods-install-req.txt; /opt/autods-agent-venv/bin/pip install -r /tmp/autods-install-req.txt
Command outputs captured
Running command: ln -sf /opt/autods-agent-venv/bin/autods-harbor /usr/local/bin/autods-harbor
Command outputs captured
Running command: ls -1 /workspace 2>/dev/null; echo '<<<H>>>'; head -1 /workspace/train.csv 2>/dev/null
Command failed
AutoDS C1 layer applied (family=tabular)
Running command: autods-harbor --instruction-file /installed-agent/instruction.md --workspace /app --trace-out /logs/agent/autods_trace.json 2>&1 | stdbuf -oL tee /logs/agent/autods.log
Command outputs captured
Collecting main service artifacts
Skipping image OS validation for hb__a1865b71d5c2f0a55cc8128839a56408: docker inspect returned 1
Running command: command -v autods-harbor >/dev/null 2>&1
Command failed
Running command: if ! command -v curl >/dev/null 2>&1; then   (apt-get update && apt-get install -y curl)   || apk add --no-cache curl   || (yum install -y curl) || true; fi
Command outputs captured
Running command: mkdir -p /opt/autods-agent-venv && chown -R $(id -u):$(id -g) /opt/autods-agent-venv
Command outputs captured
Running command: set -e; if python3 -c 'import sys; raise SystemExit(0 if sys.version_info >= (3, 12) else 1)'; then   python3 -m venv --system-site-packages /opt/autods-agent-venv;   /opt/autods-agent-venv/bin/python -m pip install --quiet --upgrade pip; else   curl -LsSf https://astral.sh/uv/install.sh | sh;   . "$HOME/.local/bin/env" 2>/dev/null || export PATH="$HOME/.local/bin:$PATH";   uv python install 3.12;   uv venv /opt/autods-agent-venv --python 3.12 --seed; fi; printf '%s\n' "$AUTODS_INSTALL_SPEC" | tr ' ' '\n' | sed '/^$/d' > /tmp/autods-install-req.txt; /opt/autods-agent-venv/bin/pip install -r /tmp/autods-install-req.txt
Command outputs captured
Running command: ln -sf /opt/autods-agent-venv/bin/autods-harbor /usr/local/bin/autods-harbor
Command outputs captured
Running command: ls -1 /workspace 2>/dev/null; echo '<<<H>>>'; head -1 /workspace/train.csv 2>/dev/null
Command failed
AutoDS C1 layer applied (family=tabular)
Running command: autods-harbor --instruction-file /installed-agent/instruction.md --workspace /app --trace-out /logs/agent/autods_trace.json 2>&1 | stdbuf -oL tee /logs/agent/autods.log
Command outputs captured
Collecting main service artifacts
Skipping image OS validation for hb__a746e348e3e3151b64dc0b47006657ad: docker inspect returned 1
Running command: command -v autods-harbor >/dev/null 2>&1
Command failed
Running command: if ! command -v curl >/dev/null 2>&1; then   (apt-get update && apt-get install -y curl)   || apk add --no-cache curl   || (yum install -y curl) || true; fi
Command outputs captured
Running command: mkdir -p /opt/autods-agent-venv && chown -R $(id -u):$(id -g) /opt/autods-agent-venv
Command outputs captured
Running command: set -e; if python3 -c 'import sys; raise SystemExit(0 if sys.version_info >= (3, 12) else 1)'; then   python3 -m venv --system-site-packages /opt/autods-agent-venv;   /opt/autods-agent-venv/bin/python -m pip install --quiet --upgrade pip; else   curl -LsSf https://astral.sh/uv/install.sh | sh;   . "$HOME/.local/bin/env" 2>/dev/null || export PATH="$HOME/.local/bin:$PATH";   uv python install 3.12;   uv venv /opt/autods-agent-venv --python 3.12 --seed; fi; printf '%s\n' "$AUTODS_INSTALL_SPEC" | tr ' ' '\n' | sed '/^$/d' > /tmp/autods-install-req.txt; /opt/autods-agent-venv/bin/pip install -r /tmp/autods-install-req.txt
Command outputs captured
Running command: ln -sf /opt/autods-agent-venv/bin/autods-harbor /usr/local/bin/autods-harbor
Command outputs captured
Running command: ls -1 /workspace 2>/dev/null; echo '<<<H>>>'; head -1 /workspace/train.csv 2>/dev/null
Command failed
AutoDS C1 layer applied (family=tabular)
Running command: autods-harbor --instruction-file /installed-agent/instruction.md --workspace /app --trace-out /logs/agent/autods_trace.json 2>&1 | stdbuf -oL tee /logs/agent/autods.log
Command outputs captured
Collecting main service artifacts
Skipping image OS validation for hb__125d6e469991bf365f72af9ee99eefdd: docker inspect returned 1
Running command: command -v autods-harbor >/dev/null 2>&1
Command failed
Running command: if ! command -v curl >/dev/null 2>&1; then   (apt-get update && apt-get install -y curl)   || apk add --no-cache curl   || (yum install -y curl) || true; fi
Command outputs captured
Running command: mkdir -p /opt/autods-agent-venv && chown -R $(id -u):$(id -g) /opt/autods-agent-venv
Command outputs captured
Running command: set -e; if python3 -c 'import sys; raise SystemExit(0 if sys.version_info >= (3, 12) else 1)'; then   python3 -m venv --system-site-packages /opt/autods-agent-venv;   /opt/autods-agent-venv/bin/python -m pip install --quiet --upgrade pip; else   curl -LsSf https://astral.sh/uv/install.sh | sh;   . "$HOME/.local/bin/env" 2>/dev/null || export PATH="$HOME/.local/bin:$PATH";   uv python install 3.12;   uv venv /opt/autods-agent-venv --python 3.12 --seed; fi; printf '%s\n' "$AUTODS_INSTALL_SPEC" | tr ' ' '\n' | sed '/^$/d' > /tmp/autods-install-req.txt; /opt/autods-agent-venv/bin/pip install -r /tmp/autods-install-req.txt
Command outputs captured
Running command: ln -sf /opt/autods-agent-venv/bin/autods-harbor /usr/local/bin/autods-harbor
Command outputs captured
Running command: ls -1 /workspace 2>/dev/null; echo '<<<H>>>'; head -1 /workspace/train.csv 2>/dev/null
Command failed
AutoDS C1 layer applied (family=tabular)
Running command: autods-harbor --instruction-file /installed-agent/instruction.md --workspace /app --trace-out /logs/agent/autods_trace.json 2>&1 | stdbuf -oL tee /logs/agent/autods.log
Command outputs captured
Collecting main service artifacts
Skipping image OS validation for hb__5a7d0661bb01ee4923f4b728816662f5: docker inspect returned 1
Running command: command -v autods-harbor >/dev/null 2>&1
Command failed
Running command: if ! command -v curl >/dev/null 2>&1; then   (apt-get update && apt-get install -y curl)   || apk add --no-cache curl   || (yum install -y curl) || true; fi
Command outputs captured
Running command: mkdir -p /opt/autods-agent-venv && chown -R $(id -u):$(id -g) /opt/autods-agent-venv
Command outputs captured
Running command: set -e; if python3 -c 'import sys; raise SystemExit(0 if sys.version_info >= (3, 12) else 1)'; then   python3 -m venv --system-site-packages /opt/autods-agent-venv;   /opt/autods-agent-venv/bin/python -m pip install --quiet --upgrade pip; else   curl -LsSf https://astral.sh/uv/install.sh | sh;   . "$HOME/.local/bin/env" 2>/dev/null || export PATH="$HOME/.local/bin:$PATH";   uv python install 3.12;   uv venv /opt/autods-agent-venv --python 3.12 --seed; fi; printf '%s\n' "$AUTODS_INSTALL_SPEC" | tr ' ' '\n' | sed '/^$/d' > /tmp/autods-install-req.txt; /opt/autods-agent-venv/bin/pip install -r /tmp/autods-install-req.txt
Command outputs captured
Running command: ln -sf /opt/autods-agent-venv/bin/autods-harbor /usr/local/bin/autods-harbor
Command outputs captured
Running command: ls -1 /workspace 2>/dev/null; echo '<<<H>>>'; head -1 /workspace/train.csv 2>/dev/null
Command failed
AutoDS C1 layer applied (family=tabular)
Running command: autods-harbor --instruction-file /installed-agent/instruction.md --workspace /app --trace-out /logs/agent/autods_trace.json 2>&1 | stdbuf -oL tee /logs/agent/autods.log
Command outputs captured
Collecting main service artifacts
Skipping image OS validation for hb__0612845e095e012706fcb60606ee0f37: docker inspect returned 1
Running command: command -v autods-harbor >/dev/null 2>&1
Command failed
Running command: if ! command -v curl >/dev/null 2>&1; then   (apt-get update && apt-get install -y curl)   || apk add --no-cache curl   || (yum install -y curl) || true; fi
Command outputs captured
Running command: mkdir -p /opt/autods-agent-venv && chown -R $(id -u):$(id -g) /opt/autods-agent-venv
Command outputs captured
Running command: set -e; if python3 -c 'import sys; raise SystemExit(0 if sys.version_info >= (3, 12) else 1)'; then   python3 -m venv --system-site-packages /opt/autods-agent-venv;   /opt/autods-agent-venv/bin/python -m pip install --quiet --upgrade pip; else   curl -LsSf https://astral.sh/uv/install.sh | sh;   . "$HOME/.local/bin/env" 2>/dev/null || export PATH="$HOME/.local/bin:$PATH";   uv python install 3.12;   uv venv /opt/autods-agent-venv --python 3.12 --seed; fi; printf '%s\n' "$AUTODS_INSTALL_SPEC" | tr ' ' '\n' | sed '/^$/d' > /tmp/autods-install-req.txt; /opt/autods-agent-venv/bin/pip install -r /tmp/autods-install-req.txt
Command outputs captured
Running command: ln -sf /opt/autods-agent-venv/bin/autods-harbor /usr/local/bin/autods-harbor
Command outputs captured
Running command: ls -1 /workspace 2>/dev/null; echo '<<<H>>>'; head -1 /workspace/train.csv 2>/dev/null
Command failed
AutoDS C1 layer applied (family=tabular)
Running command: autods-harbor --instruction-file /installed-agent/instruction.md --workspace /app --trace-out /logs/agent/autods_trace.json 2>&1 | stdbuf -oL tee /logs/agent/autods.log
Command outputs captured
Collecting main service artifacts
Command outputs captured
Collecting main service artifacts
Skipping image OS validation for hb__2bde76ef3ea13380fff860ea3fbc1e33: docker inspect returned 1
Skipping image OS validation for hb__7c06da68f110ae26f21ea0235e140956: docker inspect returned 1
Running command: command -v autods-harbor >/dev/null 2>&1
Command failed
Running command: if ! command -v curl >/dev/null 2>&1; then   (apt-get update && apt-get install -y curl)   || apk add --no-cache curl   || (yum install -y curl) || true; fi
Running command: command -v autods-harbor >/dev/null 2>&1
Command failed
Running command: if ! command -v curl >/dev/null 2>&1; then   (apt-get update && apt-get install -y curl)   || apk add --no-cache curl   || (yum install -y curl) || true; fi
Command outputs captured
Running command: mkdir -p /opt/autods-agent-venv && chown -R $(id -u):$(id -g) /opt/autods-agent-venv
Command outputs captured
Running command: mkdir -p /opt/autods-agent-venv && chown -R $(id -u):$(id -g) /opt/autods-agent-venv
Command outputs captured
Running command: set -e; if python3 -c 'import sys; raise SystemExit(0 if sys.version_info >= (3, 12) else 1)'; then   python3 -m venv --system-site-packages /opt/autods-agent-venv;   /opt/autods-agent-venv/bin/python -m pip install --quiet --upgrade pip; else   curl -LsSf https://astral.sh/uv/install.sh | sh;   . "$HOME/.local/bin/env" 2>/dev/null || export PATH="$HOME/.local/bin:$PATH";   uv python install 3.12;   uv venv /opt/autods-agent-venv --python 3.12 --seed; fi; printf '%s\n' "$AUTODS_INSTALL_SPEC" | tr ' ' '\n' | sed '/^$/d' > /tmp/autods-install-req.txt; /opt/autods-agent-venv/bin/pip install -r /tmp/autods-install-req.txt
Command outputs captured
Running command: set -e; if python3 -c 'import sys; raise SystemExit(0 if sys.version_info >= (3, 12) else 1)'; then   python3 -m venv --system-site-packages /opt/autods-agent-venv;   /opt/autods-agent-venv/bin/python -m pip install --quiet --upgrade pip; else   curl -LsSf https://astral.sh/uv/install.sh | sh;   . "$HOME/.local/bin/env" 2>/dev/null || export PATH="$HOME/.local/bin:$PATH";   uv python install 3.12;   uv venv /opt/autods-agent-venv --python 3.12 --seed; fi; printf '%s\n' "$AUTODS_INSTALL_SPEC" | tr ' ' '\n' | sed '/^$/d' > /tmp/autods-install-req.txt; /opt/autods-agent-venv/bin/pip install -r /tmp/autods-install-req.txt
Command outputs captured
Running command: ln -sf /opt/autods-agent-venv/bin/autods-harbor /usr/local/bin/autods-harbor
Command outputs captured
Command outputs captured
Running command: ln -sf /opt/autods-agent-venv/bin/autods-harbor /usr/local/bin/autods-harbor
Command outputs captured
Running command: ls -1 /workspace 2>/dev/null; echo '<<<H>>>'; head -1 /workspace/train.csv 2>/dev/null
Running command: ls -1 /workspace 2>/dev/null; echo '<<<H>>>'; head -1 /workspace/train.csv 2>/dev/null
Command failed
AutoDS C1 layer applied (family=tabular)
Running command: autods-harbor --instruction-file /installed-agent/instruction.md --workspace /app --trace-out /logs/agent/autods_trace.json 2>&1 | stdbuf -oL tee /logs/agent/autods.log
Command failed
AutoDS C1 layer applied (family=tabular)
Running command: autods-harbor --instruction-file /installed-agent/instruction.md --workspace /app --trace-out /logs/agent/autods_trace.json 2>&1 | stdbuf -oL tee /logs/agent/autods.log
Command outputs captured
Collecting main service artifacts
Skipping image OS validation for hb__560ea29b5df726488c1564b86d5666d8: docker inspect returned 1
Running command: command -v autods-harbor >/dev/null 2>&1
Command failed
Running command: if ! command -v curl >/dev/null 2>&1; then   (apt-get update && apt-get install -y curl)   || apk add --no-cache curl   || (yum install -y curl) || true; fi
Command outputs captured
Running command: mkdir -p /opt/autods-agent-venv && chown -R $(id -u):$(id -g) /opt/autods-agent-venv
Command outputs captured
Running command: set -e; if python3 -c 'import sys; raise SystemExit(0 if sys.version_info >= (3, 12) else 1)'; then   python3 -m venv --system-site-packages /opt/autods-agent-venv;   /opt/autods-agent-venv/bin/python -m pip install --quiet --upgrade pip; else   curl -LsSf https://astral.sh/uv/install.sh | sh;   . "$HOME/.local/bin/env" 2>/dev/null || export PATH="$HOME/.local/bin:$PATH";   uv python install 3.12;   uv venv /opt/autods-agent-venv --python 3.12 --seed; fi; printf '%s\n' "$AUTODS_INSTALL_SPEC" | tr ' ' '\n' | sed '/^$/d' > /tmp/autods-install-req.txt; /opt/autods-agent-venv/bin/pip install -r /tmp/autods-install-req.txt
Command outputs captured
Running command: ln -sf /opt/autods-agent-venv/bin/autods-harbor /usr/local/bin/autods-harbor
Command outputs captured
Running command: ls -1 /workspace 2>/dev/null; echo '<<<H>>>'; head -1 /workspace/train.csv 2>/dev/null
Command failed
AutoDS C1 layer applied (family=tabular)
Running command: autods-harbor --instruction-file /installed-agent/instruction.md --workspace /app --trace-out /logs/agent/autods_trace.json 2>&1 | stdbuf -oL tee /logs/agent/autods.log
Command outputs captured
Collecting main service artifacts
Skipping image OS validation for hb__a1865b71d5c2f0a55cc8128839a56408: docker inspect returned 1
Running command: command -v autods-harbor >/dev/null 2>&1
Command failed
Running command: if ! command -v curl >/dev/null 2>&1; then   (apt-get update && apt-get install -y curl)   || apk add --no-cache curl   || (yum install -y curl) || true; fi
Command outputs captured
Running command: mkdir -p /opt/autods-agent-venv && chown -R $(id -u):$(id -g) /opt/autods-agent-venv
Command outputs captured
Running command: set -e; if python3 -c 'import sys; raise SystemExit(0 if sys.version_info >= (3, 12) else 1)'; then   python3 -m venv --system-site-packages /opt/autods-agent-venv;   /opt/autods-agent-venv/bin/python -m pip install --quiet --upgrade pip; else   curl -LsSf https://astral.sh/uv/install.sh | sh;   . "$HOME/.local/bin/env" 2>/dev/null || export PATH="$HOME/.local/bin:$PATH";   uv python install 3.12;   uv venv /opt/autods-agent-venv --python 3.12 --seed; fi; printf '%s\n' "$AUTODS_INSTALL_SPEC" | tr ' ' '\n' | sed '/^$/d' > /tmp/autods-install-req.txt; /opt/autods-agent-venv/bin/pip install -r /tmp/autods-install-req.txt
Command outputs captured
Running command: ln -sf /opt/autods-agent-venv/bin/autods-harbor /usr/local/bin/autods-harbor
Command outputs captured
Running command: ls -1 /workspace 2>/dev/null; echo '<<<H>>>'; head -1 /workspace/train.csv 2>/dev/null
Command failed
AutoDS C1 layer applied (family=tabular)
Running command: autods-harbor --instruction-file /installed-agent/instruction.md --workspace /app --trace-out /logs/agent/autods_trace.json 2>&1 | stdbuf -oL tee /logs/agent/autods.log
Command outputs captured
Collecting main service artifacts
Skipping image OS validation for hb__a746e348e3e3151b64dc0b47006657ad: docker inspect returned 1
Running command: command -v autods-harbor >/dev/null 2>&1
Command failed
Running command: if ! command -v curl >/dev/null 2>&1; then   (apt-get update && apt-get install -y curl)   || apk add --no-cache curl   || (yum install -y curl) || true; fi
Command outputs captured
Running command: mkdir -p /opt/autods-agent-venv && chown -R $(id -u):$(id -g) /opt/autods-agent-venv
Command outputs captured
Running command: set -e; if python3 -c 'import sys; raise SystemExit(0 if sys.version_info >= (3, 12) else 1)'; then   python3 -m venv --system-site-packages /opt/autods-agent-venv;   /opt/autods-agent-venv/bin/python -m pip install --quiet --upgrade pip; else   curl -LsSf https://astral.sh/uv/install.sh | sh;   . "$HOME/.local/bin/env" 2>/dev/null || export PATH="$HOME/.local/bin:$PATH";   uv python install 3.12;   uv venv /opt/autods-agent-venv --python 3.12 --seed; fi; printf '%s\n' "$AUTODS_INSTALL_SPEC" | tr ' ' '\n' | sed '/^$/d' > /tmp/autods-install-req.txt; /opt/autods-agent-venv/bin/pip install -r /tmp/autods-install-req.txt
Command outputs captured
Running command: ln -sf /opt/autods-agent-venv/bin/autods-harbor /usr/local/bin/autods-harbor
Command outputs captured
Running command: ls -1 /workspace 2>/dev/null; echo '<<<H>>>'; head -1 /workspace/train.csv 2>/dev/null
Command failed
AutoDS C1 layer applied (family=tabular)
Running command: autods-harbor --instruction-file /installed-agent/instruction.md --workspace /app --trace-out /logs/agent/autods_trace.json 2>&1 | stdbuf -oL tee /logs/agent/autods.log
Command outputs captured
Collecting main service artifacts
Skipping image OS validation for hb__125d6e469991bf365f72af9ee99eefdd: docker inspect returned 1
Running command: command -v autods-harbor >/dev/null 2>&1
Command failed
Running command: if ! command -v curl >/dev/null 2>&1; then   (apt-get update && apt-get install -y curl)   || apk add --no-cache curl   || (yum install -y curl) || true; fi
Command outputs captured
Running command: mkdir -p /opt/autods-agent-venv && chown -R $(id -u):$(id -g) /opt/autods-agent-venv
Command outputs captured
Running command: set -e; if python3 -c 'import sys; raise SystemExit(0 if sys.version_info >= (3, 12) else 1)'; then   python3 -m venv --system-site-packages /opt/autods-agent-venv;   /opt/autods-agent-venv/bin/python -m pip install --quiet --upgrade pip; else   curl -LsSf https://astral.sh/uv/install.sh | sh;   . "$HOME/.local/bin/env" 2>/dev/null || export PATH="$HOME/.local/bin:$PATH";   uv python install 3.12;   uv venv /opt/autods-agent-venv --python 3.12 --seed; fi; printf '%s\n' "$AUTODS_INSTALL_SPEC" | tr ' ' '\n' | sed '/^$/d' > /tmp/autods-install-req.txt; /opt/autods-agent-venv/bin/pip install -r /tmp/autods-install-req.txt
Command outputs captured
Running command: ln -sf /opt/autods-agent-venv/bin/autods-harbor /usr/local/bin/autods-harbor
Command outputs captured
Running command: ls -1 /workspace 2>/dev/null; echo '<<<H>>>'; head -1 /workspace/train.csv 2>/dev/null
Command failed
AutoDS C1 layer applied (family=tabular)
Running command: autods-harbor --instruction-file /installed-agent/instruction.md --workspace /app --trace-out /logs/agent/autods_trace.json 2>&1 | stdbuf -oL tee /logs/agent/autods.log
Command outputs captured
Collecting main service artifacts
Skipping image OS validation for hb__5a7d0661bb01ee4923f4b728816662f5: docker inspect returned 1
Running command: command -v autods-harbor >/dev/null 2>&1
Command failed
Running command: if ! command -v curl >/dev/null 2>&1; then   (apt-get update && apt-get install -y curl)   || apk add --no-cache curl   || (yum install -y curl) || true; fi
Command outputs captured
Running command: mkdir -p /opt/autods-agent-venv && chown -R $(id -u):$(id -g) /opt/autods-agent-venv
Command outputs captured
Running command: set -e; if python3 -c 'import sys; raise SystemExit(0 if sys.version_info >= (3, 12) else 1)'; then   python3 -m venv --system-site-packages /opt/autods-agent-venv;   /opt/autods-agent-venv/bin/python -m pip install --quiet --upgrade pip; else   curl -LsSf https://astral.sh/uv/install.sh | sh;   . "$HOME/.local/bin/env" 2>/dev/null || export PATH="$HOME/.local/bin:$PATH";   uv python install 3.12;   uv venv /opt/autods-agent-venv --python 3.12 --seed; fi; printf '%s\n' "$AUTODS_INSTALL_SPEC" | tr ' ' '\n' | sed '/^$/d' > /tmp/autods-install-req.txt; /opt/autods-agent-venv/bin/pip install -r /tmp/autods-install-req.txt
Command outputs captured
Running command: ln -sf /opt/autods-agent-venv/bin/autods-harbor /usr/local/bin/autods-harbor
Command outputs captured
Running command: ls -1 /workspace 2>/dev/null; echo '<<<H>>>'; head -1 /workspace/train.csv 2>/dev/null
Command failed
AutoDS C1 layer applied (family=tabular)
Running command: autods-harbor --instruction-file /installed-agent/instruction.md --workspace /app --trace-out /logs/agent/autods_trace.json 2>&1 | stdbuf -oL tee /logs/agent/autods.log
Command outputs captured
Collecting main service artifacts
Skipping image OS validation for hb__0612845e095e012706fcb60606ee0f37: docker inspect returned 1
Running command: command -v autods-harbor >/dev/null 2>&1
Command failed
Running command: if ! command -v curl >/dev/null 2>&1; then   (apt-get update && apt-get install -y curl)   || apk add --no-cache curl   || (yum install -y curl) || true; fi
Command outputs captured
Running command: mkdir -p /opt/autods-agent-venv && chown -R $(id -u):$(id -g) /opt/autods-agent-venv
Command outputs captured
Running command: set -e; if python3 -c 'import sys; raise SystemExit(0 if sys.version_info >= (3, 12) else 1)'; then   python3 -m venv --system-site-packages /opt/autods-agent-venv;   /opt/autods-agent-venv/bin/python -m pip install --quiet --upgrade pip; else   curl -LsSf https://astral.sh/uv/install.sh | sh;   . "$HOME/.local/bin/env" 2>/dev/null || export PATH="$HOME/.local/bin:$PATH";   uv python install 3.12;   uv venv /opt/autods-agent-venv --python 3.12 --seed; fi; printf '%s\n' "$AUTODS_INSTALL_SPEC" | tr ' ' '\n' | sed '/^$/d' > /tmp/autods-install-req.txt; /opt/autods-agent-venv/bin/pip install -r /tmp/autods-install-req.txt
Command outputs captured
Running command: ln -sf /opt/autods-agent-venv/bin/autods-harbor /usr/local/bin/autods-harbor
Command outputs captured
Running command: ls -1 /workspace 2>/dev/null; echo '<<<H>>>'; head -1 /workspace/train.csv 2>/dev/null
Command failed
AutoDS C1 layer applied (family=tabular)
Running command: autods-harbor --instruction-file /installed-agent/instruction.md --workspace /app --trace-out /logs/agent/autods_trace.json 2>&1 | stdbuf -oL tee /logs/agent/autods.log
Command outputs captured
Collecting main service artifacts
Skipping image OS validation for hb__2bde76ef3ea13380fff860ea3fbc1e33: docker inspect returned 1
Running command: command -v autods-harbor >/dev/null 2>&1
Command failed
Running command: if ! command -v curl >/dev/null 2>&1; then   (apt-get update && apt-get install -y curl)   || apk add --no-cache curl   || (yum install -y curl) || true; fi
Command outputs captured
Running command: mkdir -p /opt/autods-agent-venv && chown -R $(id -u):$(id -g) /opt/autods-agent-venv
Command outputs captured
Running command: set -e; if python3 -c 'import sys; raise SystemExit(0 if sys.version_info >= (3, 12) else 1)'; then   python3 -m venv --system-site-packages /opt/autods-agent-venv;   /opt/autods-agent-venv/bin/python -m pip install --quiet --upgrade pip; else   curl -LsSf https://astral.sh/uv/install.sh | sh;   . "$HOME/.local/bin/env" 2>/dev/null || export PATH="$HOME/.local/bin:$PATH";   uv python install 3.12;   uv venv /opt/autods-agent-venv --python 3.12 --seed; fi; printf '%s\n' "$AUTODS_INSTALL_SPEC" | tr ' ' '\n' | sed '/^$/d' > /tmp/autods-install-req.txt; /opt/autods-agent-venv/bin/pip install -r /tmp/autods-install-req.txt
Command outputs captured
Running command: ln -sf /opt/autods-agent-venv/bin/autods-harbor /usr/local/bin/autods-harbor
Command outputs captured
Running command: ls -1 /workspace 2>/dev/null; echo '<<<H>>>'; head -1 /workspace/train.csv 2>/dev/null
Command failed
AutoDS C1 layer applied (family=tabular)
Running command: autods-harbor --instruction-file /installed-agent/instruction.md --workspace /app --trace-out /logs/agent/autods_trace.json 2>&1 | stdbuf -oL tee /logs/agent/autods.log
Command outputs captured
Collecting main service artifacts
Skipping image OS validation for hb__7c06da68f110ae26f21ea0235e140956: docker inspect returned 1
Running command: command -v autods-harbor >/dev/null 2>&1
Command failed
Running command: if ! command -v curl >/dev/null 2>&1; then   (apt-get update && apt-get install -y curl)   || apk add --no-cache curl   || (yum install -y curl) || true; fi
Command outputs captured
Running command: mkdir -p /opt/autods-agent-venv && chown -R $(id -u):$(id -g) /opt/autods-agent-venv
Command outputs captured
Running command: set -e; if python3 -c 'import sys; raise SystemExit(0 if sys.version_info >= (3, 12) else 1)'; then   python3 -m venv --system-site-packages /opt/autods-agent-venv;   /opt/autods-agent-venv/bin/python -m pip install --quiet --upgrade pip; else   curl -LsSf https://astral.sh/uv/install.sh | sh;   . "$HOME/.local/bin/env" 2>/dev/null || export PATH="$HOME/.local/bin:$PATH";   uv python install 3.12;   uv venv /opt/autods-agent-venv --python 3.12 --seed; fi; printf '%s\n' "$AUTODS_INSTALL_SPEC" | tr ' ' '\n' | sed '/^$/d' > /tmp/autods-install-req.txt; /opt/autods-agent-venv/bin/pip install -r /tmp/autods-install-req.txt
Command outputs captured
Running command: ln -sf /opt/autods-agent-venv/bin/autods-harbor /usr/local/bin/autods-harbor
Command outputs captured
Running command: ls -1 /workspace 2>/dev/null; echo '<<<H>>>'; head -1 /workspace/train.csv 2>/dev/null
Command failed
AutoDS C1 layer applied (family=tabular)
Running command: autods-harbor --instruction-file /installed-agent/instruction.md --workspace /app --trace-out /logs/agent/autods_trace.json 2>&1 | stdbuf -oL tee /logs/agent/autods.log
Command outputs captured
Collecting main service artifacts
Skipping image OS validation for hb__560ea29b5df726488c1564b86d5666d8: docker inspect returned 1
Running command: command -v autods-harbor >/dev/null 2>&1
Command failed
Running command: if ! command -v curl >/dev/null 2>&1; then   (apt-get update && apt-get install -y curl)   || apk add --no-cache curl   || (yum install -y curl) || true; fi
Command outputs captured
Running command: mkdir -p /opt/autods-agent-venv && chown -R $(id -u):$(id -g) /opt/autods-agent-venv
Command outputs captured
Running command: set -e; if python3 -c 'import sys; raise SystemExit(0 if sys.version_info >= (3, 12) else 1)'; then   python3 -m venv --system-site-packages /opt/autods-agent-venv;   /opt/autods-agent-venv/bin/python -m pip install --quiet --upgrade pip; else   curl -LsSf https://astral.sh/uv/install.sh | sh;   . "$HOME/.local/bin/env" 2>/dev/null || export PATH="$HOME/.local/bin:$PATH";   uv python install 3.12;   uv venv /opt/autods-agent-venv --python 3.12 --seed; fi; printf '%s\n' "$AUTODS_INSTALL_SPEC" | tr ' ' '\n' | sed '/^$/d' > /tmp/autods-install-req.txt; /opt/autods-agent-venv/bin/pip install -r /tmp/autods-install-req.txt
Command outputs captured
Running command: ln -sf /opt/autods-agent-venv/bin/autods-harbor /usr/local/bin/autods-harbor
Command outputs captured
Running command: ls -1 /workspace 2>/dev/null; echo '<<<H>>>'; head -1 /workspace/train.csv 2>/dev/null
Command failed
AutoDS C1 layer applied (family=tabular)
Running command: autods-harbor --instruction-file /installed-agent/instruction.md --workspace /app --trace-out /logs/agent/autods_trace.json 2>&1 | stdbuf -oL tee /logs/agent/autods.log
No AutoDS raw trace at /home/stas/Documents/GitHub/automl-journal/runs/autods-tabred/jobs/autods-tabred-full-20260828-014230/homecredit-default__Un5U37a/agent/autods_trace.json; skipping ATIF
Collecting main service artifacts
Exception AgentTimeoutError is in exclude_exceptions, not retrying
Not retrying trial because the exception is not in include_exceptions or the maximum number of retries has been reached
Skipping image OS validation for hb__a1865b71d5c2f0a55cc8128839a56408: docker inspect returned 1
Running command: command -v autods-harbor >/dev/null 2>&1
Command failed
Running command: if ! command -v curl >/dev/null 2>&1; then   (apt-get update && apt-get install -y curl)   || apk add --no-cache curl   || (yum install -y curl) || true; fi
Command outputs captured
Running command: mkdir -p /opt/autods-agent-venv && chown -R $(id -u):$(id -g) /opt/autods-agent-venv
Command outputs captured
Running command: set -e; if python3 -c 'import sys; raise SystemExit(0 if sys.version_info >= (3, 12) else 1)'; then   python3 -m venv --system-site-packages /opt/autods-agent-venv;   /opt/autods-agent-venv/bin/python -m pip install --quiet --upgrade pip; else   curl -LsSf https://astral.sh/uv/install.sh | sh;   . "$HOME/.local/bin/env" 2>/dev/null || export PATH="$HOME/.local/bin:$PATH";   uv python install 3.12;   uv venv /opt/autods-agent-venv --python 3.12 --seed; fi; printf '%s\n' "$AUTODS_INSTALL_SPEC" | tr ' ' '\n' | sed '/^$/d' > /tmp/autods-install-req.txt; /opt/autods-agent-venv/bin/pip install -r /tmp/autods-install-req.txt
Command outputs captured
Running command: ln -sf /opt/autods-agent-venv/bin/autods-harbor /usr/local/bin/autods-harbor
Command outputs captured
Running command: ls -1 /workspace 2>/dev/null; echo '<<<H>>>'; head -1 /workspace/train.csv 2>/dev/null
Command failed
AutoDS C1 layer applied (family=tabular)
Running command: autods-harbor --instruction-file /installed-agent/instruction.md --workspace /app --trace-out /logs/agent/autods_trace.json 2>&1 | stdbuf -oL tee /logs/agent/autods.log
Command outputs captured
Collecting main service artifacts
Skipping image OS validation for hb__a746e348e3e3151b64dc0b47006657ad: docker inspect returned 1
Running command: command -v autods-harbor >/dev/null 2>&1
Command failed
Running command: if ! command -v curl >/dev/null 2>&1; then   (apt-get update && apt-get install -y curl)   || apk add --no-cache curl   || (yum install -y curl) || true; fi
Command outputs captured
Running command: mkdir -p /opt/autods-agent-venv && chown -R $(id -u):$(id -g) /opt/autods-agent-venv
Command outputs captured
Running command: set -e; if python3 -c 'import sys; raise SystemExit(0 if sys.version_info >= (3, 12) else 1)'; then   python3 -m venv --system-site-packages /opt/autods-agent-venv;   /opt/autods-agent-venv/bin/python -m pip install --quiet --upgrade pip; else   curl -LsSf https://astral.sh/uv/install.sh | sh;   . "$HOME/.local/bin/env" 2>/dev/null || export PATH="$HOME/.local/bin:$PATH";   uv python install 3.12;   uv venv /opt/autods-agent-venv --python 3.12 --seed; fi; printf '%s\n' "$AUTODS_INSTALL_SPEC" | tr ' ' '\n' | sed '/^$/d' > /tmp/autods-install-req.txt; /opt/autods-agent-venv/bin/pip install -r /tmp/autods-install-req.txt
Command outputs captured
Running command: ln -sf /opt/autods-agent-venv/bin/autods-harbor /usr/local/bin/autods-harbor
Command outputs captured
Running command: ls -1 /workspace 2>/dev/null; echo '<<<H>>>'; head -1 /workspace/train.csv 2>/dev/null
Command failed
AutoDS C1 layer applied (family=tabular)
Running command: autods-harbor --instruction-file /installed-agent/instruction.md --workspace /app --trace-out /logs/agent/autods_trace.json 2>&1 | stdbuf -oL tee /logs/agent/autods.log
No AutoDS raw trace at /home/stas/Documents/GitHub/automl-journal/runs/autods-tabred/jobs/autods-tabred-full-20260828-014230/maps-routing__fPRVeZf/agent/autods_trace.json; skipping ATIF
Collecting main service artifacts
Exception AgentTimeoutError is in exclude_exceptions, not retrying
Not retrying trial because the exception is not in include_exceptions or the maximum number of retries has been reached
Command outputs captured
Collecting main service artifacts
