Skipping image OS validation for hb__1555665de9382897e5b671202cdfec67: docker inspect returned 1
Parser warnings: - Extra text detected before JSON object
- Extra text detected after JSON object
Trajectory dumped to /var/essdata/s_chumakov/automl-journal/runs/autods-tabred/jobs/terminus-tabred-Msmall-20260829-175356/maps-routing__KdWHUJa/agent/trajectory.json
Parser warnings: - Extra text detected before JSON object
- Extra text detected after JSON object
Trajectory dumped to /var/essdata/s_chumakov/automl-journal/runs/autods-tabred/jobs/terminus-tabred-Msmall-20260829-175356/maps-routing__KdWHUJa/agent/trajectory.json
Parser warnings: - Extra text detected before JSON object
- Extra text detected after JSON object
Trajectory dumped to /var/essdata/s_chumakov/automl-journal/runs/autods-tabred/jobs/terminus-tabred-Msmall-20260829-175356/maps-routing__KdWHUJa/agent/trajectory.json
Parser warnings: - Extra text detected before JSON object
- Extra text detected after JSON object
Trajectory dumped to /var/essdata/s_chumakov/automl-journal/runs/autods-tabred/jobs/terminus-tabred-Msmall-20260829-175356/maps-routing__KdWHUJa/agent/trajectory.json
Parser warnings: - Extra text detected before JSON object
- Extra text detected after JSON object
Trajectory dumped to /var/essdata/s_chumakov/automl-journal/runs/autods-tabred/jobs/terminus-tabred-Msmall-20260829-175356/maps-routing__KdWHUJa/agent/trajectory.json
Parser warnings: - Extra text detected before JSON object
- Extra text detected after JSON object
Trajectory dumped to /var/essdata/s_chumakov/automl-journal/runs/autods-tabred/jobs/terminus-tabred-Msmall-20260829-175356/maps-routing__KdWHUJa/agent/trajectory.json
Parser warnings: - Extra text detected before JSON object
- Extra text detected after JSON object
Trajectory dumped to /var/essdata/s_chumakov/automl-journal/runs/autods-tabred/jobs/terminus-tabred-Msmall-20260829-175356/maps-routing__KdWHUJa/agent/trajectory.json
Parser warnings: - Extra text detected before JSON object
- Extra text detected after JSON object
Trajectory dumped to /var/essdata/s_chumakov/automl-journal/runs/autods-tabred/jobs/terminus-tabred-Msmall-20260829-175356/maps-routing__KdWHUJa/agent/trajectory.json
Parser warnings: - Extra text detected before JSON object
- Extra text detected after JSON object
Trajectory dumped to /var/essdata/s_chumakov/automl-journal/runs/autods-tabred/jobs/terminus-tabred-Msmall-20260829-175356/maps-routing__KdWHUJa/agent/trajectory.json
Parser warnings: - Extra text detected before JSON object
- Extra text detected after JSON object
Trajectory dumped to /var/essdata/s_chumakov/automl-journal/runs/autods-tabred/jobs/terminus-tabred-Msmall-20260829-175356/maps-routing__KdWHUJa/agent/trajectory.json
Parser warnings: - Extra text detected before JSON object
- Extra text detected after JSON object
Parser warnings: - Extra text detected before JSON object
- Extra text detected after JSON object
Trajectory dumped to /var/essdata/s_chumakov/automl-journal/runs/autods-tabred/jobs/terminus-tabred-Msmall-20260829-175356/maps-routing__KdWHUJa/agent/trajectory.json
Parser warnings: - Extra text detected before JSON object
- Extra text detected after JSON object
Trajectory dumped to /var/essdata/s_chumakov/automl-journal/runs/autods-tabred/jobs/terminus-tabred-Msmall-20260829-175356/maps-routing__KdWHUJa/agent/trajectory.json
Trajectory dumped to /var/essdata/s_chumakov/automl-journal/runs/autods-tabred/jobs/terminus-tabred-Msmall-20260829-175356/maps-routing__KdWHUJa/agent/trajectory.json
Collecting main service artifacts
