Skipping image OS validation for hb__7cb4f1510963b81b8a231164db7f737b: docker inspect returned 1
Parser warnings: - Extra text detected before JSON object
- Extra text detected after JSON object
Trajectory dumped to /var/essdata/s_chumakov/automl-journal/runs/autods-tabred/jobs/terminus-cases-plain-20260910-100339/openpoly-tg__UTuRT9P/agent/trajectory.json
Parser warnings: - Extra text detected before JSON object
- Extra text detected after JSON object
Trajectory dumped to /var/essdata/s_chumakov/automl-journal/runs/autods-tabred/jobs/terminus-cases-plain-20260910-100339/openpoly-tg__UTuRT9P/agent/trajectory.json
Parser warnings: - Extra text detected before JSON object
- Extra text detected after JSON object
Trajectory dumped to /var/essdata/s_chumakov/automl-journal/runs/autods-tabred/jobs/terminus-cases-plain-20260910-100339/openpoly-tg__UTuRT9P/agent/trajectory.json
Parser warnings: - Extra text detected before JSON object
- Extra text detected after JSON object
Trajectory dumped to /var/essdata/s_chumakov/automl-journal/runs/autods-tabred/jobs/terminus-cases-plain-20260910-100339/openpoly-tg__UTuRT9P/agent/trajectory.json
Parser warnings: - Extra text detected before JSON object
- Extra text detected after JSON object
Trajectory dumped to /var/essdata/s_chumakov/automl-journal/runs/autods-tabred/jobs/terminus-cases-plain-20260910-100339/openpoly-tg__UTuRT9P/agent/trajectory.json
Parser warnings: - Extra text detected before JSON object
- Extra text detected after JSON object
Trajectory dumped to /var/essdata/s_chumakov/automl-journal/runs/autods-tabred/jobs/terminus-cases-plain-20260910-100339/openpoly-tg__UTuRT9P/agent/trajectory.json
Parser warnings: - Extra text detected before JSON object
- Extra text detected after JSON object
Trajectory dumped to /var/essdata/s_chumakov/automl-journal/runs/autods-tabred/jobs/terminus-cases-plain-20260910-100339/openpoly-tg__UTuRT9P/agent/trajectory.json
Parser warnings: - Extra text detected before JSON object
- Extra text detected after JSON object
Trajectory dumped to /var/essdata/s_chumakov/automl-journal/runs/autods-tabred/jobs/terminus-cases-plain-20260910-100339/openpoly-tg__UTuRT9P/agent/trajectory.json
Parser warnings: - Extra text detected before JSON object
- Extra text detected after JSON object
Trajectory dumped to /var/essdata/s_chumakov/automl-journal/runs/autods-tabred/jobs/terminus-cases-plain-20260910-100339/openpoly-tg__UTuRT9P/agent/trajectory.json
Parser warnings: - Extra text detected before JSON object
- Extra text detected after JSON object
Trajectory dumped to /var/essdata/s_chumakov/automl-journal/runs/autods-tabred/jobs/terminus-cases-plain-20260910-100339/openpoly-tg__UTuRT9P/agent/trajectory.json
Parser warnings: - Extra text detected before JSON object
- Extra text detected after JSON object
Trajectory dumped to /var/essdata/s_chumakov/automl-journal/runs/autods-tabred/jobs/terminus-cases-plain-20260910-100339/openpoly-tg__UTuRT9P/agent/trajectory.json
Trajectory dumped to /var/essdata/s_chumakov/automl-journal/runs/autods-tabred/jobs/terminus-cases-plain-20260910-100339/openpoly-tg__UTuRT9P/agent/trajectory.json
Collecting main service artifacts
Failed to download artifact '/workspace/submission.csv' from service 'main' (best-effort)
Traceback (most recent call last):
  File "/home/s_chumakov/.local/share/uv/tools/harbor/lib/python3.12/site-packages/harbor/trial/artifact_handler.py", line 351, in _download_artifact
    await source_env.service_download_file(
  File "/home/s_chumakov/.local/share/uv/tools/harbor/lib/python3.12/site-packages/harbor/environments/docker/docker.py", line 1057, in service_download_file
    await self.download_file(source_path, target_path)
  File "/home/s_chumakov/.local/share/uv/tools/harbor/lib/python3.12/site-packages/harbor/environments/docker/docker.py", line 1042, in download_file
    await self._platform.download_file(source_path, target_path)
  File "/home/s_chumakov/.local/share/uv/tools/harbor/lib/python3.12/site-packages/harbor/environments/docker/docker_unix.py", line 185, in download_file
    await self._env._run_docker_compose_command(
  File "/home/s_chumakov/.local/share/uv/tools/harbor/lib/python3.12/site-packages/harbor/environments/docker/docker.py", line 656, in _run_docker_compose_command
    raise RuntimeError(
RuntimeError: Docker compose command failed for environment openpoly-tg. Command: docker compose --project-name openpoly-tg__uturt9p__env --project-directory /var/essdata/s_chumakov/automl-journal/runs/autods-tabred/harbor-tabred-adapter/datasets/cases/openpoly-tg/environment -f /tmp/tmpkynw7qhd/openpoly-tg__UTuRT9P__env-docker-compose-resources.json -f /home/s_chumakov/.local/share/uv/tools/harbor/lib/python3.12/site-packages/harbor/environments/docker/docker-compose-build.yaml -f /tmp/tmpa_lp9ig7/docker-compose-environment.json -f /tmp/tmpbi2bjl28/docker-compose-mounts.json cp main:/workspace/submission.csv /var/essdata/s_chumakov/automl-journal/runs/autods-tabred/jobs/terminus-cases-plain-20260910-100339/openpoly-tg__UTuRT9P/artifacts/workspace/submission.csv. Return code: 1. Stdout:  openpoly-tg__uturt9p__env-main-1 Copying openpoly-tg__uturt9p__env-main-1:/workspace/submission.csv to /var/essdata/s_chumakov/automl-journal/runs/autods-tabred/jobs/terminus-cases-plain-20260910-100339/openpoly-tg__UTuRT9P/artifacts/workspace/submission.csv
Error response from daemon: Could not find the file /workspace/submission.csv in container 6ff240c30afbb995bd392ce0054c80fb62963db600ec3d8246dfc4202174f0e9
. Stderr: None. 
Trial openpoly-tg__UTuRT9P failed: 2 validation errors for VerifierResult
rewards.error.float
  Input should be a valid number, unable to parse string as a number [type=float_parsing, input_value="read failed: [Errno 2] N...rkspace/submission.csv'", input_type=str]
    For further information visit https://errors.pydantic.dev/2.13/v/float_parsing
rewards.error.int
  Input should be a valid integer, unable to parse string as an integer [type=int_parsing, input_value="read failed: [Errno 2] N...rkspace/submission.csv'", input_type=str]
    For further information visit https://errors.pydantic.dev/2.13/v/int_parsing
