Skipping image OS validation for hb__8222334420efc1c2fd67366099a2e976: docker inspect returned 1
Running command: command -v autods-harbor >/dev/null 2>&1
Command failed
Running command: if ! command -v curl >/dev/null 2>&1; then   (apt-get update && apt-get install -y curl)   || apk add --no-cache curl   || (yum install -y curl) || true; fi
Skipping image OS validation for hb__b6f1c0ecb38374ca93f48eaf5851daf1: docker inspect returned 1
Running command: command -v autods-harbor >/dev/null 2>&1
Command failed
Running command: if ! command -v curl >/dev/null 2>&1; then   (apt-get update && apt-get install -y curl)   || apk add --no-cache curl   || (yum install -y curl) || true; fi
Command outputs captured
Running command: mkdir -p /opt/autods-agent-venv && chown -R $(id -u):$(id -g) /opt/autods-agent-venv
Command outputs captured
Running command: set -e; if python3 -c 'import sys; raise SystemExit(0 if sys.version_info >= (3, 12) else 1)'; then   python3 -m venv --system-site-packages /opt/autods-agent-venv;   /opt/autods-agent-venv/bin/python -m pip install --quiet --upgrade pip; else   curl -LsSf https://astral.sh/uv/install.sh | sh;   . "$HOME/.local/bin/env" 2>/dev/null || export PATH="$HOME/.local/bin:$PATH";   uv python install 3.12;   uv venv /opt/autods-agent-venv --python 3.12 --seed; fi; printf '%s\n' "$AUTODS_INSTALL_SPEC" | tr ' ' '\n' | sed '/^$/d' > /tmp/autods-install-req.txt; /opt/autods-agent-venv/bin/pip install -r /tmp/autods-install-req.txt
Command outputs captured
Running command: mkdir -p /opt/autods-agent-venv && chown -R $(id -u):$(id -g) /opt/autods-agent-venv
Command outputs captured
Running command: set -e; if python3 -c 'import sys; raise SystemExit(0 if sys.version_info >= (3, 12) else 1)'; then   python3 -m venv --system-site-packages /opt/autods-agent-venv;   /opt/autods-agent-venv/bin/python -m pip install --quiet --upgrade pip; else   curl -LsSf https://astral.sh/uv/install.sh | sh;   . "$HOME/.local/bin/env" 2>/dev/null || export PATH="$HOME/.local/bin:$PATH";   uv python install 3.12;   uv venv /opt/autods-agent-venv --python 3.12 --seed; fi; printf '%s\n' "$AUTODS_INSTALL_SPEC" | tr ' ' '\n' | sed '/^$/d' > /tmp/autods-install-req.txt; /opt/autods-agent-venv/bin/pip install -r /tmp/autods-install-req.txt
Command outputs captured
Running command: ln -sf /opt/autods-agent-venv/bin/autods-harbor /usr/local/bin/autods-harbor
Command outputs captured
Running command: ls -1 /workspace 2>/dev/null; echo '<<<H>>>'; head -1 /workspace/train.csv 2>/dev/null
Command failed
AutoDS C1 layer applied (family=tabular, tool=True, discipline=True)
Running command: autods-harbor --instruction-file /installed-agent/instruction.md --workspace /app --trace-out /logs/agent/autods_trace.json 2>&1 | stdbuf -oL tee /logs/agent/autods.log
Command outputs captured
Running command: ln -sf /opt/autods-agent-venv/bin/autods-harbor /usr/local/bin/autods-harbor
Command outputs captured
Running command: ls -1 /workspace 2>/dev/null; echo '<<<H>>>'; head -1 /workspace/train.csv 2>/dev/null
Command failed
AutoDS C1 layer applied (family=tabular, tool=True, discipline=True)
Running command: autods-harbor --instruction-file /installed-agent/instruction.md --workspace /app --trace-out /logs/agent/autods_trace.json 2>&1 | stdbuf -oL tee /logs/agent/autods.log
Command outputs captured
Collecting main service artifacts
Skipping image OS validation for hb__dc38b86add303fa073be1e4c101320af: docker inspect returned 1
Running command: command -v autods-harbor >/dev/null 2>&1
Command failed
Running command: if ! command -v curl >/dev/null 2>&1; then   (apt-get update && apt-get install -y curl)   || apk add --no-cache curl   || (yum install -y curl) || true; fi
Command outputs captured
Running command: mkdir -p /opt/autods-agent-venv && chown -R $(id -u):$(id -g) /opt/autods-agent-venv
Command outputs captured
Running command: set -e; if python3 -c 'import sys; raise SystemExit(0 if sys.version_info >= (3, 12) else 1)'; then   python3 -m venv --system-site-packages /opt/autods-agent-venv;   /opt/autods-agent-venv/bin/python -m pip install --quiet --upgrade pip; else   curl -LsSf https://astral.sh/uv/install.sh | sh;   . "$HOME/.local/bin/env" 2>/dev/null || export PATH="$HOME/.local/bin:$PATH";   uv python install 3.12;   uv venv /opt/autods-agent-venv --python 3.12 --seed; fi; printf '%s\n' "$AUTODS_INSTALL_SPEC" | tr ' ' '\n' | sed '/^$/d' > /tmp/autods-install-req.txt; /opt/autods-agent-venv/bin/pip install -r /tmp/autods-install-req.txt
Command outputs captured
Running command: ln -sf /opt/autods-agent-venv/bin/autods-harbor /usr/local/bin/autods-harbor
Command outputs captured
Running command: ls -1 /workspace 2>/dev/null; echo '<<<H>>>'; head -1 /workspace/train.csv 2>/dev/null
Command failed
AutoDS C1 layer applied (family=tabular, tool=True, discipline=True)
Running command: autods-harbor --instruction-file /installed-agent/instruction.md --workspace /app --trace-out /logs/agent/autods_trace.json 2>&1 | stdbuf -oL tee /logs/agent/autods.log
Command outputs captured
Collecting main service artifacts
Skipping image OS validation for hb__8d2b024226dd30609f837ab300582d1d: docker inspect returned 1
Running command: command -v autods-harbor >/dev/null 2>&1
Command failed
Running command: if ! command -v curl >/dev/null 2>&1; then   (apt-get update && apt-get install -y curl)   || apk add --no-cache curl   || (yum install -y curl) || true; fi
Command outputs captured
Running command: mkdir -p /opt/autods-agent-venv && chown -R $(id -u):$(id -g) /opt/autods-agent-venv
Command outputs captured
Running command: set -e; if python3 -c 'import sys; raise SystemExit(0 if sys.version_info >= (3, 12) else 1)'; then   python3 -m venv --system-site-packages /opt/autods-agent-venv;   /opt/autods-agent-venv/bin/python -m pip install --quiet --upgrade pip; else   curl -LsSf https://astral.sh/uv/install.sh | sh;   . "$HOME/.local/bin/env" 2>/dev/null || export PATH="$HOME/.local/bin:$PATH";   uv python install 3.12;   uv venv /opt/autods-agent-venv --python 3.12 --seed; fi; printf '%s\n' "$AUTODS_INSTALL_SPEC" | tr ' ' '\n' | sed '/^$/d' > /tmp/autods-install-req.txt; /opt/autods-agent-venv/bin/pip install -r /tmp/autods-install-req.txt
Command outputs captured
Running command: ln -sf /opt/autods-agent-venv/bin/autods-harbor /usr/local/bin/autods-harbor
Command outputs captured
Running command: ls -1 /workspace 2>/dev/null; echo '<<<H>>>'; head -1 /workspace/train.csv 2>/dev/null
Command failed
AutoDS C1 layer applied (family=tabular, tool=True, discipline=True)
Running command: autods-harbor --instruction-file /installed-agent/instruction.md --workspace /app --trace-out /logs/agent/autods_trace.json 2>&1 | stdbuf -oL tee /logs/agent/autods.log
Command outputs captured
Collecting main service artifacts
Skipping image OS validation for hb__7b8cfe4a770ec05083f7cd51374a1859: docker inspect returned 1
Running command: command -v autods-harbor >/dev/null 2>&1
Command failed
Running command: if ! command -v curl >/dev/null 2>&1; then   (apt-get update && apt-get install -y curl)   || apk add --no-cache curl   || (yum install -y curl) || true; fi
Command outputs captured
Running command: mkdir -p /opt/autods-agent-venv && chown -R $(id -u):$(id -g) /opt/autods-agent-venv
Command outputs captured
Running command: set -e; if python3 -c 'import sys; raise SystemExit(0 if sys.version_info >= (3, 12) else 1)'; then   python3 -m venv --system-site-packages /opt/autods-agent-venv;   /opt/autods-agent-venv/bin/python -m pip install --quiet --upgrade pip; else   curl -LsSf https://astral.sh/uv/install.sh | sh;   . "$HOME/.local/bin/env" 2>/dev/null || export PATH="$HOME/.local/bin:$PATH";   uv python install 3.12;   uv venv /opt/autods-agent-venv --python 3.12 --seed; fi; printf '%s\n' "$AUTODS_INSTALL_SPEC" | tr ' ' '\n' | sed '/^$/d' > /tmp/autods-install-req.txt; /opt/autods-agent-venv/bin/pip install -r /tmp/autods-install-req.txt
Command outputs captured
Running command: ln -sf /opt/autods-agent-venv/bin/autods-harbor /usr/local/bin/autods-harbor
Command outputs captured
Running command: ls -1 /workspace 2>/dev/null; echo '<<<H>>>'; head -1 /workspace/train.csv 2>/dev/null
Command failed
AutoDS C1 layer applied (family=tabular, tool=True, discipline=True)
Running command: autods-harbor --instruction-file /installed-agent/instruction.md --workspace /app --trace-out /logs/agent/autods_trace.json 2>&1 | stdbuf -oL tee /logs/agent/autods.log
Command outputs captured
Collecting main service artifacts
Skipping image OS validation for hb__d0420a33b5456430f07d88dce8f613ce: docker inspect returned 1
Running command: command -v autods-harbor >/dev/null 2>&1
Command failed
Running command: if ! command -v curl >/dev/null 2>&1; then   (apt-get update && apt-get install -y curl)   || apk add --no-cache curl   || (yum install -y curl) || true; fi
Command outputs captured
Running command: mkdir -p /opt/autods-agent-venv && chown -R $(id -u):$(id -g) /opt/autods-agent-venv
Command outputs captured
Running command: set -e; if python3 -c 'import sys; raise SystemExit(0 if sys.version_info >= (3, 12) else 1)'; then   python3 -m venv --system-site-packages /opt/autods-agent-venv;   /opt/autods-agent-venv/bin/python -m pip install --quiet --upgrade pip; else   curl -LsSf https://astral.sh/uv/install.sh | sh;   . "$HOME/.local/bin/env" 2>/dev/null || export PATH="$HOME/.local/bin:$PATH";   uv python install 3.12;   uv venv /opt/autods-agent-venv --python 3.12 --seed; fi; printf '%s\n' "$AUTODS_INSTALL_SPEC" | tr ' ' '\n' | sed '/^$/d' > /tmp/autods-install-req.txt; /opt/autods-agent-venv/bin/pip install -r /tmp/autods-install-req.txt
Command outputs captured
Running command: ln -sf /opt/autods-agent-venv/bin/autods-harbor /usr/local/bin/autods-harbor
Command outputs captured
Running command: ls -1 /workspace 2>/dev/null; echo '<<<H>>>'; head -1 /workspace/train.csv 2>/dev/null
Command failed
AutoDS C1 layer applied (family=tabular, tool=True, discipline=True)
Running command: autods-harbor --instruction-file /installed-agent/instruction.md --workspace /app --trace-out /logs/agent/autods_trace.json 2>&1 | stdbuf -oL tee /logs/agent/autods.log
Command outputs captured
Collecting main service artifacts
Skipping image OS validation for hb__300fa10a453c22ce5c5a5361ff980df5: docker inspect returned 1
Running command: command -v autods-harbor >/dev/null 2>&1
Command failed
Running command: if ! command -v curl >/dev/null 2>&1; then   (apt-get update && apt-get install -y curl)   || apk add --no-cache curl   || (yum install -y curl) || true; fi
Command outputs captured
Running command: mkdir -p /opt/autods-agent-venv && chown -R $(id -u):$(id -g) /opt/autods-agent-venv
Command outputs captured
Running command: set -e; if python3 -c 'import sys; raise SystemExit(0 if sys.version_info >= (3, 12) else 1)'; then   python3 -m venv --system-site-packages /opt/autods-agent-venv;   /opt/autods-agent-venv/bin/python -m pip install --quiet --upgrade pip; else   curl -LsSf https://astral.sh/uv/install.sh | sh;   . "$HOME/.local/bin/env" 2>/dev/null || export PATH="$HOME/.local/bin:$PATH";   uv python install 3.12;   uv venv /opt/autods-agent-venv --python 3.12 --seed; fi; printf '%s\n' "$AUTODS_INSTALL_SPEC" | tr ' ' '\n' | sed '/^$/d' > /tmp/autods-install-req.txt; /opt/autods-agent-venv/bin/pip install -r /tmp/autods-install-req.txt
Command outputs captured
Running command: ln -sf /opt/autods-agent-venv/bin/autods-harbor /usr/local/bin/autods-harbor
Command outputs captured
Running command: ls -1 /workspace 2>/dev/null; echo '<<<H>>>'; head -1 /workspace/train.csv 2>/dev/null
Command failed
AutoDS C1 layer applied (family=tabular, tool=True, discipline=True)
Running command: autods-harbor --instruction-file /installed-agent/instruction.md --workspace /app --trace-out /logs/agent/autods_trace.json 2>&1 | stdbuf -oL tee /logs/agent/autods.log
No AutoDS raw trace at /home/stas/Documents/GitHub/automl-journal/runs/autods-tabred/jobs/autods-tabred-full-20260828-123058/maps-routing__xPFyZLw/agent/autods_trace.json; skipping ATIF
Trial maps-routing__xPFyZLw cancelled
No AutoDS raw trace at /home/stas/Documents/GitHub/automl-journal/runs/autods-tabred/jobs/autods-tabred-full-20260828-123058/sberbank-housing__8t2X8QE/agent/autods_trace.json; skipping ATIF
Trial sberbank-housing__8t2X8QE cancelled
Collecting main service artifacts
Collecting main service artifacts
