Skipping image OS validation for hb__92efa9f5d010dcc2f955ba3f4621d25d: docker inspect returned 1
Skipping image OS validation for hb__7cb4f1510963b81b8a231164db7f737b: docker inspect returned 1
Skipping image OS validation for hb__7cb4f1510963b81b8a231164db7f737b: docker inspect returned 1
Both tmux and asciinema are already installed
Both tmux and asciinema are already installed
Starting recording.
Sending keys: ['asciinema rec --stdin /logs/agent/recording.cast', 'Enter'] min_timeout_sec: 1.0 max_timeout_sec: 180.0
Starting recording.
Sending keys: ['asciinema rec --stdin /logs/agent/recording.cast', 'Enter'] min_timeout_sec: 1.0 max_timeout_sec: 180.0
Sending keys: ['clear', 'Enter'] min_timeout_sec: 0.0 max_timeout_sec: 180.0
Sending keys: ['clear', 'Enter'] min_timeout_sec: 0.0 max_timeout_sec: 180.0
Both tmux and asciinema are already installed
Starting recording.
Sending keys: ['asciinema rec --stdin /logs/agent/recording.cast', 'Enter'] min_timeout_sec: 1.0 max_timeout_sec: 180.0
Skipping image OS validation for hb__77111a4a6abf361e6d3373aaa4cde0af: docker inspect returned 1
Sending keys: ['clear', 'Enter'] min_timeout_sec: 0.0 max_timeout_sec: 180.0
Parser warnings: - Extra text detected before JSON object
- Extra text detected after JSON object
Sending keys: ['ls -la\n'] min_timeout_sec: 0.1 max_timeout_sec: 180.0
Sending keys: ['head -n 5 train.csv\n'] min_timeout_sec: 0.1 max_timeout_sec: 180.0
Both tmux and asciinema are already installed
Sending keys: ['head -n 5 test.csv\n'] min_timeout_sec: 0.1 max_timeout_sec: 180.0
Sending keys: ['pip install rdkit xgboost scikit-learn pandas\n'] min_timeout_sec: 10.0 max_timeout_sec: 180.0
Starting recording.
Sending keys: ['asciinema rec --stdin /logs/agent/recording.cast', 'Enter'] min_timeout_sec: 1.0 max_timeout_sec: 180.0
Sending keys: ['clear', 'Enter'] min_timeout_sec: 0.0 max_timeout_sec: 180.0
Parser warnings: - Extra text detected before JSON object
- Extra text detected after JSON object
Sending keys: ['ls -lh\n'] min_timeout_sec: 0.1 max_timeout_sec: 180.0
Sending keys: ['head -n 5 train.csv\n'] min_timeout_sec: 0.1 max_timeout_sec: 180.0
Sending keys: ['head -n 5 test.csv\n'] min_timeout_sec: 0.1 max_timeout_sec: 180.0
Sending keys: ["pip list | grep -E 'rdkit|xgboost|pandas|scikit-learn'\n"] min_timeout_sec: 1.0 max_timeout_sec: 180.0
Parser warnings: - Extra text detected before JSON object
- Extra text detected after JSON object
Sending keys: ['ls -lh\n'] min_timeout_sec: 0.1 max_timeout_sec: 180.0
Sending keys: ['head -n 5 train.csv\n'] min_timeout_sec: 0.1 max_timeout_sec: 180.0
Sending keys: ['head -n 5 test.csv\n'] min_timeout_sec: 0.1 max_timeout_sec: 180.0
Sending keys: ['wc -l train.csv\n'] min_timeout_sec: 0.1 max_timeout_sec: 180.0
Trajectory dumped to /var/essdata/s_chumakov/automl-journal/runs/autods-tabred/jobs/terminus-cases-plain-20260910-100339/fdata-exit__rNjbSkH/agent/trajectory.json
Trajectory dumped to /var/essdata/s_chumakov/automl-journal/runs/autods-tabred/jobs/terminus-cases-plain-20260910-100339/openpoly-tg__8f5GRNj/agent/trajectory.json
Parser warnings: - Extra text detected before JSON object
- Extra text detected after JSON object
Sending keys: ['ls -la\n'] min_timeout_sec: 0.1 max_timeout_sec: 180.0
Sending keys: ['head -n 5 train.csv\n'] min_timeout_sec: 0.1 max_timeout_sec: 180.0
Sending keys: ['head -n 5 test.csv\n'] min_timeout_sec: 0.1 max_timeout_sec: 180.0
Sending keys: ['wc -l train.csv test.csv\n'] min_timeout_sec: 0.1 max_timeout_sec: 180.0
Trajectory dumped to /var/essdata/s_chumakov/automl-journal/runs/autods-tabred/jobs/terminus-cases-plain-20260910-100339/openpoly-tg__9b7Soxi/agent/trajectory.json
Trajectory dumped to /var/essdata/s_chumakov/automl-journal/runs/autods-tabred/jobs/terminus-cases-plain-20260910-100339/maize-yield__Bvr8Khf/agent/trajectory.json
Parser warnings: - Extra text detected before JSON object
- Extra text detected after JSON object
Sending keys: ['cat << \'EOF\' > solution.py\nimport pandas as pd\nimport numpy as np\nfrom sklearn.ensemble import RandomForestRegressor\nfrom sklearn.preprocessing import LabelEncoder\nfrom sklearn.model_selection import train_test_split\nfrom sklearn.metrics import r2_score, mean_squared_error\nfrom scipy.stats import pearsonr\n\n# Load data\ntrain = pd.read_csv(\'train.csv\')\ntest = pd.read_csv(\'test.csv\')\n\n# Combine for consistent encoding\nall_df = pd.concat([train, test], axis=0, sort=False)\n\n# Preprocess dates\nfor col in [\'DatePlanted\', \'DateHarvested\']:\n    all_df[col] = pd.to_datetime(all_df[col], errors=\'coerce\')\n    all_df[f\'{col}_days\'] = (all_df[col] - all_df[col].min()).dt.days\n    all_df = all_df.drop(columns=[col])\n\n# Categorical encoding\ncat_cols = [\'Pedigree\', \'F\', \'M\', \'ExperimentCode\']\nfor col in cat_cols:\n    le = LabelEncoder()\n    all_df[col] = le.fit_transform(all_df[col].astype(str))\n\n# Split back to train and test\ntrain_processed = all_df.iloc[:len(train), :].copy()\ntest_processed = all_df.iloc[len(train):, :].copy()\n\n# Target\ny = train_processed[\'GrainYield\']\nX = train_processed.drop(columns=[\'Index\', \'GrainYield\'])\n\nX_test_final = test_processed.drop(columns=[\'Index\'])\n\n# Handle missing values (Median imputation)\nfor col in X.columns:\n    median_val = X[col].median()\n    X[col] = X[col].fillna(median_val)\n    X_test_final[col] = X_test_final[col].fillna(median_val)\n\n# Internal validation\nX_train, X_val, y_train, y_val = train_test_split(X, y, test_size=0.2, random_state=42)\n\nmodel = RandomForestRegressor(n_estimators=100, random_state=42, n_jobs=-1)\nmodel.fit(X_train, y_train)\n\nval_preds = model.predict(X_val)\nprint(f"Validation R2: {r2_score(y_val, val_preds):.4f}")\nprint(f"Validation RMSE: {np.sqrt(mean_squared_error(y_val, val_preds)):.4f}")\nr, _ = pearsonr(y_val, val_preds)\nprint(f"Validation Pearson r: {r:.4f}")\n\n# Final fit on all train data\nmodel.fit(X, y)\n\n# Predict test\npredictions = model.predict(X_test_final)\n\nsubmission = pd.DataFrame({\'Index\': test[\'Index\'], \'GrainYield\': predictions})\nsubmission.to_csv(\'submission.csv\', index=False)\nprint("Submission file created successfully.")\nEOF\n'] min_timeout_sec: 0.1 max_timeout_sec: 180.0
Sending keys: ['python3 solution.py\n'] min_timeout_sec: 5.0 max_timeout_sec: 180.0
Trajectory dumped to /var/essdata/s_chumakov/automl-journal/runs/autods-tabred/jobs/terminus-cases-plain-20260910-100339/maize-yield__Bvr8Khf/agent/trajectory.json
Parser warnings: - Extra text detected before JSON object
- Extra text detected after JSON object
Sending keys: ['pip install rdkit\n'] min_timeout_sec: 10.0 max_timeout_sec: 180.0
Parser warnings: - Extra text detected before JSON object
- Extra text detected after JSON object
Sending keys: ["cat << 'EOF' > solution.py\nimport pandas as pd\nfrom sklearn.ensemble import RandomForestClassifier\nfrom sklearn.model_selection import train_test_split\nfrom sklearn.metrics import accuracy_score, balanced_accuracy_score, classification_report\n\n# Load data\ntrain_df = pd.read_csv('train.csv')\ntest_df = pd.read_csv('test.csv')\n\n# Preprocessing\nX = train_df.drop(['jobid', 'success'], axis=1)\ny = train_df['success']\nX_test = test_df.drop(['jobid'], axis=1)\n\n# Handle categorical variable jobenv_req\nX = pd.get_dummies(X, columns=['jobenv_req'])\nX_test = pd.get_dummies(X_test, columns=['jobenv_req'])\n\n# Align columns between train and test\ntrain_cols = X.columns\nX_test = X_test.reindex(columns=train_cols, fill_value=0)\n\n# Split for validation\nX_train, X_val, y_train, y_val = train_test_split(X, y, test_size=0.2, random_state=42, stratify=y)\n\n# Train model\nmodel = RandomForestClassifier(n_estimators=100, max_depth=10, random_state=42, class_weight='balanced')\nmodel.fit(X_train, y_train)\n\n# Validate\nval_preds = model.predict(X_val)\nprint(f'Validation Accuracy: {accuracy_score(y_val, val_preds):.4f}')\nprint(f'Balanced Accuracy: {balanced_accuracy_score(y_val, val_preds):.4f}')\nprint(classification_report(y_val, val_preds))\n\n# Predict on test set\ntest_preds = model.predict(X_test)\nsubmission = pd.DataFrame({'jobid': test_df['jobid'], 'success': test_preds})\nsubmission.to_csv('submission.csv', index=False)\nprint('Submission file saved.')\nEOF\n"] min_timeout_sec: 0.1 max_timeout_sec: 180.0
Sending keys: ['python3 solution.py\n'] min_timeout_sec: 5.0 max_timeout_sec: 180.0
Parser warnings: - Extra text detected before JSON object
- Extra text detected after JSON object
Sending keys: ['cat << \'EOF\' > solution.py\nimport pandas as pd\nimport numpy as np\nfrom sklearn.ensemble import RandomForestRegressor\nfrom sklearn.preprocessing import LabelEncoder\nfrom sklearn.model_selection import train_test_split\nfrom sklearn.metrics import r2_score, mean_squared_error\nfrom scipy.stats import pearsonr\n\n# Load data\ntrain = pd.read_csv(\'train.csv\')\ntest = pd.read_csv(\'test.csv\')\n\n# Combine for consistent encoding\nall_df = pd.concat([train, test], axis=0, sort=False)\n\n# Preprocess dates\nfor col in [\'DatePlanted\', \'DateHarvested\']:\n    all_df[col] = pd.to_datetime(all_df[col], errors=\'coerce\')\n    all_df[f\'{col}_days\'] = (all_df[col] - all_df[col].min()).dt.days\n    all_df = all_df.drop(columns=[col])\n\n# Categorical encoding\ncat_cols = [\'Pedigree\', \'F\', \'M\', \'ExperimentCode\']\nfor col in cat_cols:\n    le = LabelEncoder()\n    all_df[col] = le.fit_transform(all_df[col].astype(str))\n\n# Split back to train and test\ntrain_processed = all_df.iloc[:len(train), :].copy()\ntest_processed = all_df.iloc[len(train):, :].copy()\n\n# Target\ny = train_processed[\'GrainYield\']\n# Remove Index and Target from training features\nX = train_processed.drop(columns=[\'Index\', \'GrainYield\'])\n\n# Remove Index and Target (if it exists) from test features\nX_test_final = test_processed.drop(columns=[\'Index\'])\nif \'GrainYield\' in X_test_final.columns:\n    X_test_final = X_test_final.drop(columns=[\'GrainYield\'])\n\n# Ensure column order is the same\nX_test_final = X_test_final[X.columns]\n\n# Handle missing values (Median imputation)\nfor col in X.columns:\n    median_val = X[col].median()\n    X[col] = X[col].fillna(median_val)\n    X_test_final[col] = X_test_final[col].fillna(median_val)\n\n# Internal validation\nX_train, X_val, y_train, y_val = train_test_split(X, y, test_size=0.2, random_state=42)\n\nmodel = RandomForestRegressor(n_estimators=100, random_state=42, n_jobs=-1)\nmodel.fit(X_train, y_train)\n\nval_preds = model.predict(X_val)\nprint(f"Validation R2: {r2_score(y_val, val_preds):.4f}")\nprint(f"Validation RMSE: {np.sqrt(mean_squared_error(y_val, val_preds)):.4f}")\nr, _ = pearsonr(y_val, val_preds)\nprint(f"Validation Pearson r: {r:.4f}")\n\n# Final fit on all train data\nmodel.fit(X, y)\n\n# Predict test\npredictions = model.predict(X_test_final)\n\nsubmission = pd.DataFrame({\'Index\': test[\'Index\'], \'GrainYield\': predictions})\nsubmission.to_csv(\'submission.csv\', index=False)\nprint("Submission file created successfully.")\nEOF\n'] min_timeout_sec: 0.1 max_timeout_sec: 180.0
Sending keys: ['python3 solution.py\n'] min_timeout_sec: 5.0 max_timeout_sec: 180.0
Sending keys: ['cat << \'EOF\' > solve.py\nimport pandas as pd\nimport numpy as np\nfrom rdkit import Chem\nfrom rdkit.Chem import AllChem\nfrom xgboost import XGBRegressor\nfrom sklearn.model_selection import train_test_split\nfrom sklearn.metrics import r2_score, mean_absolute_error\n\ndef smiles_to_fp(smiles, radius=2, n_bits=2048):\n    mol = Chem.MolFromSmiles(smiles)\n    if mol is None:\n        return np.zeros(n_bits)\n    fp = AllChem.GetMorganFingerprintAsBitVect(mol, radius, nBits=n_bits)\n    return np.array(fp)\n\n# Load data\ntrain_df = pd.read_csv(\'train.csv\')\ntest_df = pd.read_csv(\'test.csv\')\n\nprint(f"Training set size: {len(train_df)}")\nprint(f"Test set size: {len(test_df)}")\n\n# Feature extraction\nX_train_full = np.array([smiles_to_fp(s) for s in train_df[\'PSMILES\']])\ny_train_full = train_df[\'Tg\'].values\nX_test = np.array([smiles_to_fp(s) for s in test_df[\'PSMILES\']])\n\n# Split for validation\nX_train, X_val, y_train, y_val = train_test_split(X_train_full, y_train_full, test_size=0.2, random_state=42)\n\n# Train XGBoost\nmodel = XGBRegressor(n_estimators=500, learning_rate=0.05, max_depth=6, random_state=42)\nmodel.fit(X_train, y_train)\n\n# Validate\npreds_val = model.predict(X_val)\nprint(f"Validation R2: {r2_score(y_val, preds_val):.4f}")\nprint(f"Validation MAE: {mean_absolute_error(y_val, preds_val):.4f}")\n\n# Re-train on full set\nmodel.fit(X_train_full, y_train_full)\n\n# Predict test set\npreds_test = model.predict(X_test)\n\n# Save submission\nsubmission = pd.DataFrame({\'id\': test_df[\'id\'], \'Tg\': preds_test})\nsubmission.to_csv(\'submission.csv\', index=False)\nprint("Submission saved to submission.csv")\nEOF\n'] min_timeout_sec: 0.1 max_timeout_sec: 180.0
Sending keys: ['python3 solve.py\n'] min_timeout_sec: 10.0 max_timeout_sec: 180.0
Trajectory dumped to /var/essdata/s_chumakov/automl-journal/runs/autods-tabred/jobs/terminus-cases-plain-20260910-100339/fdata-exit__rNjbSkH/agent/trajectory.json
Trajectory dumped to /var/essdata/s_chumakov/automl-journal/runs/autods-tabred/jobs/terminus-cases-plain-20260910-100339/maize-yield__Bvr8Khf/agent/trajectory.json
Parser warnings: - Extra text detected before JSON object
- Extra text detected after JSON object
Sending keys: ['head -n 5 submission.csv\n'] min_timeout_sec: 0.1 max_timeout_sec: 180.0
Sending keys: ['wc -l submission.csv\n'] min_timeout_sec: 0.1 max_timeout_sec: 180.0
Trajectory dumped to /var/essdata/s_chumakov/automl-journal/runs/autods-tabred/jobs/terminus-cases-plain-20260910-100339/maize-yield__Bvr8Khf/agent/trajectory.json
Parser warnings: - Extra text detected before JSON object
- Extra text detected after JSON object
Sending keys: ["cat << 'EOF' > train_and_predict.py\nimport pandas as pd\nimport numpy as np\nfrom rdkit import Chem\nfrom rdkit.Chem import AllChem\nfrom xgboost import XGBRegressor\nfrom sklearn.model_selection import train_test_split\nfrom sklearn.metrics import r2_score, mean_absolute_error\n\ndef smiles_to_fp(smiles, radius=2, n_bits=2048):\n    # PSMILES use * as connection points. RDKit interprets * as dummy atoms.\n    mol = Chem.MolFromSmiles(smiles)\n    if mol is None:\n        return np.zeros(n_bits)\n    fp = AllChem.GetMorganFingerprintAsBitVect(mol, radius, nBits=n_bits)\n    return np.array(fp)\n\n# Load data\ntrain_df = pd.read_csv('train.csv')\ntest_df = pd.read_csv('test.csv')\n\nprint(f'Training samples: {len(train_df)}')\nprint(f'Test samples: {len(test_df)}')\n\n# Generate features\nX_train_all = np.stack(train_df['PSMILES'].apply(smiles_to_fp).values)\ny_train_all = train_df['Tg'].values\nX_test = np.stack(test_df['PSMILES'].apply(smiles_to_fp).values)\n\n# Split for validation\nX_train, X_val, y_train, y_val = train_test_split(X_train_all, y_train_all, test_size=0.2, random_state=42)\n\n# Train XGBoost\nmodel = XGBRegressor(n_estimators=500, learning_rate=0.05, max_depth=6, random_state=42, n_jobs=-1)\nmodel.fit(X_train, y_train, eval_set=[(X_val, y_val)], verbose=False)\n\n# Evaluate\nval_preds = model.predict(X_val)\nr2 = r2_score(y_val, val_preds)\nmae = mean_absolute_error(y_val, val_preds)\nprint(f'Validation R2: {r2:.4f}')\nprint(f'Validation MAE: {mae:.4f} K')\n\n# Final predictions on test set\ntest_preds = model.predict(X_test)\nsubmission = pd.DataFrame({'id': test_df['id'], 'Tg': test_preds})\nsubmission.to_csv('submission.csv', index=False)\nprint('Submission saved to submission.csv')\nEOF\n"] min_timeout_sec: 0.1 max_timeout_sec: 180.0
Sending keys: ['python3 train_and_predict.py\n'] min_timeout_sec: 5.0 max_timeout_sec: 180.0
Parser warnings: - Extra text detected before JSON object
- Extra text detected after JSON object
Trajectory dumped to /var/essdata/s_chumakov/automl-journal/runs/autods-tabred/jobs/terminus-cases-plain-20260910-100339/maize-yield__Bvr8Khf/agent/trajectory.json
Trajectory dumped to /var/essdata/s_chumakov/automl-journal/runs/autods-tabred/jobs/terminus-cases-plain-20260910-100339/maize-yield__Bvr8Khf/agent/trajectory.json
Collecting main service artifacts
Trajectory dumped to /var/essdata/s_chumakov/automl-journal/runs/autods-tabred/jobs/terminus-cases-plain-20260910-100339/openpoly-tg__8f5GRNj/agent/trajectory.json
Parser warnings: - Extra text detected before JSON object
- Extra text detected after JSON object
Sending keys: ["cat << 'EOF' > solution.py\nimport pandas as pd\nfrom sklearn.ensemble import RandomForestClassifier\nfrom sklearn.model_selection import train_test_split\nfrom sklearn.metrics import accuracy_score, balanced_accuracy_score, classification_report\n\n# Load data\ntrain_df = pd.read_csv('train.csv')\ntest_df = pd.read_csv('test.csv')\n\n# Preprocessing\nX = train_df.drop(['jobid', 'success'], axis=1)\ny = train_df['success']\nX_test = test_df.drop(['jobid'], axis=1)\n\n# Handle categorical variable jobenv_req\nX = pd.get_dummies(X, columns=['jobenv_req'])\nX_test = pd.get_dummies(X_test, columns=['jobenv_req'])\n\n# Align columns between train and test\ntrain_cols = X.columns\nX_test = X_test.reindex(columns=train_cols, fill_value=0)\n\n# Split for validation\nX_train, X_val, y_train, y_val = train_test_split(X, y, test_size=0.2, random_state=42, stratify=y)\n\n# Train model - Removing 'balanced' weight and increasing depth for better accuracy\nmodel = RandomForestClassifier(n_estimators=200, max_depth=20, random_state=42)\nmodel.fit(X_train, y_train)\n\n# Validate\nval_preds = model.predict(X_val)\nprint(f'Validation Accuracy: {accuracy_score(y_val, val_preds):.4f}')\nprint(f'Balanced Accuracy: {balanced_accuracy_score(y_val, val_preds):.4f}')\nprint(classification_report(y_val, val_preds))\n\n# Predict on test set\ntest_preds = model.predict(X_test)\nsubmission = pd.DataFrame({'jobid': test_df['jobid'], 'success': test_preds})\nsubmission.to_csv('submission.csv', index=False)\nprint('Submission file saved.')\nEOF\n"] min_timeout_sec: 0.1 max_timeout_sec: 180.0
Sending keys: ['python3 solution.py\n'] min_timeout_sec: 10.0 max_timeout_sec: 180.0
Trajectory dumped to /var/essdata/s_chumakov/automl-journal/runs/autods-tabred/jobs/terminus-cases-plain-20260910-100339/openpoly-tg__9b7Soxi/agent/trajectory.json
Parser warnings: - Extra text detected before JSON object
- Extra text detected after JSON object
Sending keys: ['ls -la submission.csv\n'] min_timeout_sec: 0.1 max_timeout_sec: 180.0
Sending keys: ['python3 -W ignore train_and_predict.py\n'] min_timeout_sec: 5.0 max_timeout_sec: 180.0
Trajectory dumped to /var/essdata/s_chumakov/automl-journal/runs/autods-tabred/jobs/terminus-cases-plain-20260910-100339/fdata-exit__rNjbSkH/agent/trajectory.json
Trajectory dumped to /var/essdata/s_chumakov/automl-journal/runs/autods-tabred/jobs/terminus-cases-plain-20260910-100339/openpoly-tg__9b7Soxi/agent/trajectory.json
Skipping image OS validation for hb__92efa9f5d010dcc2f955ba3f4621d25d: docker inspect returned 1
Parser warnings: - Extra text detected before JSON object
- Extra text detected after JSON object
Trajectory dumped to /var/essdata/s_chumakov/automl-journal/runs/autods-tabred/jobs/terminus-cases-plain-20260910-100339/fdata-exit__rNjbSkH/agent/trajectory.json
Parser warnings: - Extra text detected before JSON object
- Extra text detected after JSON object
Sending keys: ['head -n 5 submission.csv\n'] min_timeout_sec: 0.1 max_timeout_sec: 180.0
Trajectory dumped to /var/essdata/s_chumakov/automl-journal/runs/autods-tabred/jobs/terminus-cases-plain-20260910-100339/openpoly-tg__9b7Soxi/agent/trajectory.json
Both tmux and asciinema are already installed
Starting recording.
Sending keys: ['asciinema rec --stdin /logs/agent/recording.cast', 'Enter'] min_timeout_sec: 1.0 max_timeout_sec: 180.0
Sending keys: ['clear', 'Enter'] min_timeout_sec: 0.0 max_timeout_sec: 180.0
Parser warnings: - Extra text detected before JSON object
- Extra text detected after JSON object
Trajectory dumped to /var/essdata/s_chumakov/automl-journal/runs/autods-tabred/jobs/terminus-cases-plain-20260910-100339/openpoly-tg__9b7Soxi/agent/trajectory.json
Trajectory dumped to /var/essdata/s_chumakov/automl-journal/runs/autods-tabred/jobs/terminus-cases-plain-20260910-100339/openpoly-tg__9b7Soxi/agent/trajectory.json
Collecting main service artifacts
Parser warnings: - Extra text detected before JSON object
- Extra text detected after JSON object
Sending keys: ['ls -la\n'] min_timeout_sec: 0.1 max_timeout_sec: 180.0
Sending keys: ['head -n 5 train.csv\n'] min_timeout_sec: 0.1 max_timeout_sec: 180.0
Sending keys: ['head -n 5 test.csv\n'] min_timeout_sec: 0.1 max_timeout_sec: 180.0
Sending keys: ['python3 -c "import pandas as pd; df = pd.read_csv(\'train.csv\'); print(df.info()); print(df.head())"\n'] min_timeout_sec: 1.0 max_timeout_sec: 180.0
Parser warnings: - Extra text detected before JSON object
- Extra text detected after JSON object
Trajectory dumped to /var/essdata/s_chumakov/automl-journal/runs/autods-tabred/jobs/terminus-cases-plain-20260910-100339/fdata-exit__rNjbSkH/agent/trajectory.json
Trajectory dumped to /var/essdata/s_chumakov/automl-journal/runs/autods-tabred/jobs/terminus-cases-plain-20260910-100339/fdata-exit__rNjbSkH/agent/trajectory.json
Trajectory dumped to /var/essdata/s_chumakov/automl-journal/runs/autods-tabred/jobs/terminus-cases-plain-20260910-100339/maize-yield__UqitPYf/agent/trajectory.json
Collecting main service artifacts
Parser warnings: - Extra text detected before JSON object
- Extra text detected after JSON object
Skipping image OS validation for hb__77111a4a6abf361e6d3373aaa4cde0af: docker inspect returned 1
Both tmux and asciinema are already installed
Starting recording.
Sending keys: ['asciinema rec --stdin /logs/agent/recording.cast', 'Enter'] min_timeout_sec: 1.0 max_timeout_sec: 180.0
Sending keys: ['clear', 'Enter'] min_timeout_sec: 0.0 max_timeout_sec: 180.0
Skipping image OS validation for hb__7cb4f1510963b81b8a231164db7f737b: docker inspect returned 1
Both tmux and asciinema are already installed
Parser warnings: - Extra text detected before JSON object
- Extra text detected after JSON object
Sending keys: ['ls -lh\n'] min_timeout_sec: 0.1 max_timeout_sec: 180.0
Sending keys: ['head -n 5 train.csv\n'] min_timeout_sec: 0.1 max_timeout_sec: 180.0
Starting recording.
Sending keys: ['asciinema rec --stdin /logs/agent/recording.cast', 'Enter'] min_timeout_sec: 1.0 max_timeout_sec: 180.0
Sending keys: ['head -n 5 test.csv\n'] min_timeout_sec: 0.1 max_timeout_sec: 180.0
Trajectory dumped to /var/essdata/s_chumakov/automl-journal/runs/autods-tabred/jobs/terminus-cases-plain-20260910-100339/fdata-exit__vguzt7b/agent/trajectory.json
Sending keys: ['clear', 'Enter'] min_timeout_sec: 0.0 max_timeout_sec: 180.0
Parser warnings: - Extra text detected before JSON object
- Extra text detected after JSON object
Sending keys: ['cat << \'EOF\' > solve.py\nimport pandas as pd\nimport numpy as np\nfrom rdkit import Chem\nfrom rdkit.Chem import AllChem\nfrom xgboost import XGBRegressor\nfrom sklearn.model_selection import KFold\nfrom sklearn.metrics import r2_score, mean_absolute_error\nimport warnings\nwarnings.filterwarnings(\'ignore\')\n\ndef smiles_to_fp(smiles, radius=3, n_bits=2048):\n    mol = Chem.MolFromSmiles(smiles)\n    if mol is None:\n        return np.zeros(n_bits)\n    fp = AllChem.GetMorganFingerprintAsBitVect(mol, radius, nBits=n_bits)\n    return np.array(fp)\n\n# Load data\ntrain_df = pd.read_csv(\'train.csv\')\ntest_df = pd.read_csv(\'test.csv\')\n\n# Feature extraction\nX_train_full = np.array([smiles_to_fp(s) for s in train_df[\'PSMILES\']])\ny_train_full = train_df[\'Tg\'].values\nX_test = np.array([smiles_to_fp(s) for s in test_df[\'PSMILES\']])\n\n# Use Cross-Validation to evaluate\nkfold = KFold(n_splits=5, shuffle=True, random_state=42)\nall_val_preds = np.zeros(len(y_train_full))\n\nfor train_idx, val_idx in kfold.split(X_train_full):\n    xt, xv = X_train_full[train_idx], X_train_full[val_idx]\n    yt, yv = y_train_full[train_idx], y_train_full[val_idx]\n    \n    model = XGBRegressor(\n        n_estimators=1000,\n        learning_rate=0.03,\n        max_depth=8,\n        subsample=0.8,\n        colsample_bytree=0.8,\n        random_state=42,\n        n_jobs=-1\n    )\n    model.fit(xt, yt)\n    all_val_preds[val_idx] = model.predict(xv)\n\nprint(f"CV R2: {r2_score(y_train_full, all_val_preds):.4f}")\nprint(f"CV MAE: {mean_absolute_error(y_train_full, all_val_preds):.4f}")\n\n# Train final model on all data\nfinal_model = XGBRegressor(\n    n_estimators=1000,\n    learning_rate=0.03,\n    max_depth=8,\n    subsample=0.8,\n    colsample_bytree=0.8,\n    random_state=42,\n    n_jobs=-1\n)\nfinal_model.fit(X_train_full, y_train_full)\n\n# Predict test set\npreds_test = final_model.predict(X_test)\n\n# Save submission\nsubmission = pd.DataFrame({\'id\': test_df[\'id\'], \'Tg\': preds_test})\nsubmission.to_csv(\'submission.csv\', index=False)\nprint("Submission saved to submission.csv")\nEOF\n'] min_timeout_sec: 0.1 max_timeout_sec: 180.0
Sending keys: ['python3 solve.py\n'] min_timeout_sec: 10.0 max_timeout_sec: 180.0
Parser warnings: - Extra text detected before JSON object
- Extra text detected after JSON object
Sending keys: ['ls -la\n'] min_timeout_sec: 0.1 max_timeout_sec: 180.0
Sending keys: ['head -n 5 train.csv\n'] min_timeout_sec: 0.1 max_timeout_sec: 180.0
Sending keys: ['head -n 5 test.csv\n'] min_timeout_sec: 0.1 max_timeout_sec: 180.0
Sending keys: ['pip install rdkit xgboost scikit-learn pandas\n'] min_timeout_sec: 10.0 max_timeout_sec: 180.0
Trajectory dumped to /var/essdata/s_chumakov/automl-journal/runs/autods-tabred/jobs/terminus-cases-plain-20260910-100339/openpoly-tg__8f5GRNj/agent/trajectory.json
Parser warnings: - Extra text detected before JSON object
- Extra text detected after JSON object
Sending keys: ['cat << \'EOF\' > solution.py\nimport pandas as pd\nimport numpy as np\nfrom sklearn.ensemble import RandomForestClassifier\nfrom sklearn.model_selection import train_test_split\nfrom sklearn.metrics import accuracy_score, balanced_accuracy_score, classification_report\n\n# Load data\ntrain_df = pd.read_csv(\'train.csv\')\ntest_df = pd.read_csv(\'test.csv\')\n\n# Preprocessing\n# Convert jobenv_req to category codes\nall_envs = pd.concat([train_df[\'jobenv_req\'], test_df[\'jobenv_req\']])\njobenv_mapping = {val: i for i, val in enumerate(all_envs.unique())}\ntrain_df[\'jobenv_req\'] = train_df[\'jobenv_req\'].map(jobenv_mapping)\ntest_df[\'jobenv_req\'] = test_df[\'jobenv_req\'].map(jobenv_mapping)\n\n# Define features and target\nX = train_df.drop([\'jobid\', \'success\'], axis=1)\ny = train_df[\'success\']\nX_test = test_df.drop([\'jobid\'], axis=1)\n\n# Split for validation\nX_train, X_val, y_train, y_val = train_test_split(X, y, test_size=0.2, random_state=42, stratify=y)\n\n# Train model\n# Using Random Forest as it\'s robust and mentioned in the baseline\nmodel = RandomForestClassifier(n_estimators=100, random_state=42, class_weight=\'balanced_subsample\')\nmodel.fit(X_train, y_train)\n\n# Validate\nval_preds = model.predict(X_val)\nprint(f"Validation Accuracy: {accuracy_score(y_val, val_preds):.4f}")\nprint(f"Validation Balanced Accuracy: {balanced_accuracy_score(y_val, val_preds):.4f}")\nprint("Classification Report:\\n", classification_report(y_val, val_preds))\n\n# Predict on test set\n# We retrain on the full training set for better performance\nmodel_full = RandomForestClassifier(n_estimators=100, random_state=42, class_weight=\'balanced_subsample\')\nmodel_full.fit(X, y)\ntest_preds = model_full.predict(X_test)\n\n# Save submission\nsubmission = pd.DataFrame({\'jobid\': test_df[\'jobid\'], \'success\': test_preds})\nsubmission.to_csv(\'submission.csv\', index=False)\nprint("Submission saved to submission.csv")\nEOF\n'] min_timeout_sec: 0.1 max_timeout_sec: 180.0
Sending keys: ['python3 solution.py\n'] min_timeout_sec: 10.0 max_timeout_sec: 180.0
Parser warnings: - Extra text detected before JSON object
- Extra text detected after JSON object
Sending keys: ["cat << 'EOF' > solution.py\nimport pandas as pd\nimport numpy as np\nfrom sklearn.ensemble import HistGradientBoostingRegressor\nfrom sklearn.model_selection import train_test_split\nfrom sklearn.metrics import r2_score, mean_squared_error\n\ndef preprocess(df):\n    # Drop Index and target if present\n    df = df.copy()\n    if 'GrainYield' in df.columns:\n        target = df['GrainYield']\n        df = df.drop(columns=['GrainYield'])\n    else:\n        target = None\n    \n    df = df.drop(columns=['Index'])\n    \n    # Handle Dates\n    for col in ['DatePlanted', 'DateHarvested']:\n        if col in df.columns:\n            df[col] = pd.to_datetime(df[col], errors='coerce')\n            df[col] = df[col].dt.days_in_month # Simple transformation or just drop\n            # Actually, let's just drop dates for now as they are complex\n    \n    df = df.drop(columns=['DatePlanted', 'DateHarvested'], errors='ignore')\n    \n    # Categorical encoding\n    cat_cols = ['Pedigree', 'F', 'M', 'ExperimentCode']\n    for col in cat_cols:\n        if col in df.columns:\n            df[col] = df[col].astype('category').cat.codes\n            \n    return df, target\n\n# Load data\ntrain_df = pd.read_csv('train.csv')\ntest_df = pd.read_csv('test.csv')\n\nX, y = preprocess(train_df)\nX_test, _ = preprocess(test_df)\n\n# Split for validation\nX_train, X_val, y_train, y_val = train_test_split(X, y, test_size=0.2, random_state=42)\n\n# Model: HistGradientBoostingRegressor handles NaNs automatically\nmodel = HistGradientBoostingRegressor(random_state=42, max_iter=200, learning_rate=0.1)\nmodel.fit(X_train, y_train)\n\n# Validate\npreds_val = model.predict(X_val)\nr2 = r2_score(y_val, preds_val)\nrmse = np.sqrt(mean_squared_error(y_val, preds_val))\nprint(f'Validation R2: {r2:.4f}')\nprint(f'Validation RMSE: {rmse:.4f}')\n\n# Predict on test set\nfinal_preds = model.predict(X_test)\n\n# Submission\nsubmission = pd.DataFrame({\n    'Index': test_df['Index'],\n    'GrainYield': final_preds\n})\nsubmission.to_csv('submission.csv', index=False)\nprint('Submission saved to submission.csv')\nEOF\n"] min_timeout_sec: 0.1 max_timeout_sec: 180.0
Sending keys: ['python3 solution.py\n'] min_timeout_sec: 5.0 max_timeout_sec: 180.0
Trajectory dumped to /var/essdata/s_chumakov/automl-journal/runs/autods-tabred/jobs/terminus-cases-plain-20260910-100339/openpoly-tg__UTuRT9P/agent/trajectory.json
Trajectory dumped to /var/essdata/s_chumakov/automl-journal/runs/autods-tabred/jobs/terminus-cases-plain-20260910-100339/maize-yield__UqitPYf/agent/trajectory.json
Parser warnings: - Extra text detected before JSON object
- Extra text detected after JSON object
Sending keys: ['cat << \'EOF\' > solution.py\nimport pandas as pd\nimport numpy as np\nfrom rdkit import Chem\nfrom rdkit.Chem import AllChem\nfrom xgboost import XGBRegressor\nfrom sklearn.model_selection import train_test_split\nfrom sklearn.metrics import r2_score, mean_absolute_error\n\ndef smiles_to_fp(smiles, radius=2, nBits=2048):\n    mol = Chem.MolFromSmiles(smiles)\n    if mol is None:\n        return np.zeros(nBits)\n    fp = AllChem.GetMorganFingerprintAsBitVect(mol, radius, nBits=nBits)\n    return np.array(fp)\n\n# Load data\ntrain_df = pd.read_csv(\'train.csv\')\ntest_df = pd.read_csv(\'test.csv\')\n\nprint(f"Training samples: {len(train_df)}")\nprint(f"Test samples: {len(test_df)}")\n\n# Feature extraction\nprint("Extracting fingerprints for training data...")\nX_train_full = np.array([smiles_to_fp(s) for s in train_df[\'PSMILES\']])\ny_train_full = train_df[\'Tg\'].values\n\n# Split for validation\nX_train, X_val, y_train, y_val = train_test_split(X_train_full, y_train_full, test_size=0.2, random_state=42)\n\n# Model\nmodel = XGBRegressor(n_estimators=1000, learning_rate=0.05, max_depth=6, random_state=42)\nmodel.fit(X_train, y_train, eval_set=[(X_val, y_val)], early_stopping_rounds=50, verbose=False)\n\n# Evaluate\npreds_val = model.predict(X_val)\nprint(f"Validation R2: {r2_score(y_val, preds_val):.4f}")\nprint(f"Validation MAE: {mean_absolute_error(y_val, preds_val):.4f}")\n\n# Test set\nprint("Extracting fingerprints for test data...")\nX_test = np.array([smiles_to_fp(s) for s in test_df[\'PSMILES\']])\npreds_test = model.predict(X_test)\n\n# Submission\nsubmission = pd.DataFrame({\'id\': test_df[\'id\'], \'Tg\': preds_test})\nsubmission.to_csv(\'submission.csv\', index=False)\nprint("Submission saved to submission.csv")\nEOF\n'] min_timeout_sec: 0.1 max_timeout_sec: 180.0
Sending keys: ['python3 solution.py\n'] min_timeout_sec: 10.0 max_timeout_sec: 180.0
Parser warnings: - Extra text detected before JSON object
- Extra text detected after JSON object
Sending keys: [''] min_timeout_sec: 10.0 max_timeout_sec: 180.0
Trajectory dumped to /var/essdata/s_chumakov/automl-journal/runs/autods-tabred/jobs/terminus-cases-plain-20260910-100339/fdata-exit__vguzt7b/agent/trajectory.json
Parser warnings: - Extra text detected before JSON object
- Extra text detected after JSON object
Sending keys: ['ls -l submission.csv\n'] min_timeout_sec: 0.1 max_timeout_sec: 180.0
Sending keys: ['python3 solve.py > output.log 2>&1\n'] min_timeout_sec: 10.0 max_timeout_sec: 180.0
Trajectory dumped to /var/essdata/s_chumakov/automl-journal/runs/autods-tabred/jobs/terminus-cases-plain-20260910-100339/openpoly-tg__UTuRT9P/agent/trajectory.json
Sending keys: ['ls -l submission.csv\n'] min_timeout_sec: 0.1 max_timeout_sec: 180.0
Sending keys: ['head -n 5 submission.csv\n'] min_timeout_sec: 0.1 max_timeout_sec: 180.0
Trajectory dumped to /var/essdata/s_chumakov/automl-journal/runs/autods-tabred/jobs/terminus-cases-plain-20260910-100339/maize-yield__UqitPYf/agent/trajectory.json
Sending keys: ['tail -n 20 output.log\n'] min_timeout_sec: 0.1 max_timeout_sec: 180.0
Trajectory dumped to /var/essdata/s_chumakov/automl-journal/runs/autods-tabred/jobs/terminus-cases-plain-20260910-100339/openpoly-tg__8f5GRNj/agent/trajectory.json
Parser warnings: - Extra text detected before JSON object
- Extra text detected after JSON object
Sending keys: ['cat << \'EOF\' > solution.py\nimport pandas as pd\nimport numpy as np\nfrom sklearn.ensemble import RandomForestClassifier\nfrom sklearn.model_selection import train_test_split\nfrom sklearn.metrics import accuracy_score, balanced_accuracy_score, classification_report\n\n# Load data\ntrain_df = pd.read_csv(\'train.csv\')\ntest_df = pd.read_csv(\'test.csv\')\n\n# Preprocessing\nall_envs = pd.concat([train_df[\'jobenv_req\'], test_df[\'jobenv_req\']])\njobenv_mapping = {val: i for i, val in enumerate(all_envs.unique())}\ntrain_df[\'jobenv_req\'] = train_df[\'jobenv_req\'].map(jobenv_mapping)\ntest_df[\'jobenv_req\'] = test_df[\'jobenv_req\'].map(jobenv_mapping)\n\n# Define features and target\nX = train_df.drop([\'jobid\', \'success\'], axis=1)\ny = train_df[\'success\']\nX_test = test_df.drop([\'jobid\'], axis=1)\n\n# Split for validation\nX_train, X_val, y_train, y_val = train_test_split(X, y, test_size=0.2, random_state=42, stratify=y)\n\n# Train model without class weighting to maximize accuracy\nmodel = RandomForestClassifier(n_estimators=200, max_depth=20, random_state=42)\nmodel.fit(X_train, y_train)\n\n# Validate\nval_preds = model.predict(X_val)\nprint(f"Validation Accuracy: {accuracy_score(y_val, val_preds):.4f}")\nprint(f"Validation Balanced Accuracy: {balanced_accuracy_score(y_val, val_preds):.4f}")\nprint("Classification Report:\\n", classification_report(y_val, val_preds))\n\n# Predict on test set\nmodel_full = RandomForestClassifier(n_estimators=200, max_depth=20, random_state=42)\nmodel_full.fit(X, y)\ntest_preds = model_full.predict(X_test)\n\n# Save submission\nsubmission = pd.DataFrame({\'jobid\': test_df[\'jobid\'], \'success\': test_preds})\nsubmission.to_csv(\'submission.csv\', index=False)\nprint("Submission saved to submission.csv")\nEOF\n'] min_timeout_sec: 0.1 max_timeout_sec: 180.0
Sending keys: ['python3 solution.py\n'] min_timeout_sec: 10.0 max_timeout_sec: 180.0
Trajectory dumped to /var/essdata/s_chumakov/automl-journal/runs/autods-tabred/jobs/terminus-cases-plain-20260910-100339/fdata-exit__vguzt7b/agent/trajectory.json
Parser warnings: - Extra text detected before JSON object
- Extra text detected after JSON object
Sending keys: ['cat << \'EOF\' > solve.py\nimport pandas as pd\nimport numpy as np\nfrom rdkit import Chem\nfrom rdkit.Chem import AllChem, Descriptors\nfrom xgboost import XGBRegressor\nfrom sklearn.model_selection import KFold\nfrom sklearn.metrics import r2_score, mean_absolute_error\nfrom sklearn.preprocessing import StandardScaler\nimport warnings\nwarnings.filterwarnings(\'ignore\')\n\ndef get_features(smiles, radius=3, n_bits=2048):\n    mol = Chem.MolFromSmiles(smiles)\n    if mol is None:\n        return np.zeros(n_bits + 200) # Placeholder for descriptors\n    \n    # Morgan Fingerprint\n    fp = AllChem.GetMorganFingerprintAsBitVect(mol, radius, nBits=n_bits)\n    fp_array = np.array(fp)\n    \n    # Basic RDKit Descriptors\n    desc_list = []\n    for name, func in Descriptors._descList:\n        try:\n            desc_list.append(func(mol))\n        except:\n            desc_list.append(np.nan)\n    \n    return np.concatenate([fp_array, np.array(desc_list)])\n\n# Load data\ntrain_df = pd.read_csv(\'train.csv\')\ntest_df = pd.read_csv(\'test.csv\')\n\n# Feature extraction\nX_train_full = np.array([get_features(s) for s in train_df[\'PSMILES\']])\ny_train_full = train_df[\'Tg\'].values\nX_test = np.array([get_features(s) for s in test_df[\'PSMILES\']])\n\n# Handle NaNs from descriptors\nfrom sklearn.impute import SimpleImputer\nimputer = SimpleImputer(strategy=\'median\')\nX_train_full = imputer.fit_transform(X_train_full)\nX_test = imputer.transform(X_test)\n\n# Scaling for descriptors (though XGBoost is invariant, it\'s good practice)\nscaler = StandardScaler()\nX_train_full = scaler.fit_transform(X_train_full)\nX_test = scaler.transform(X_test)\n\n# Use Cross-Validation to evaluate\nkfold = KFold(n_splits=5, shuffle=True, random_state=42)\nall_val_preds = np.zeros(len(y_train_full))\n\nfor train_idx, val_idx in kfold.split(X_train_full):\n    xt, xv = X_train_full[train_idx], X_train_full[val_idx]\n    yt, yv = y_train_full[train_idx], y_train_full[val_idx]\n    \n    model = XGBRegressor(\n        n_estimators=1000,\n        learning_rate=0.03,\n        max_depth=8,\n        subsample=0.8,\n        colsample_bytree=0.8,\n        random_state=42,\n        n_jobs=-1\n    )\n    model.fit(xt, yt)\n    all_val_preds[val_idx] = model.predict(xv)\n\nprint(f"CV R2: {r2_score(y_train_full, all_val_preds):.4f}")\nprint(f"CV MAE: {mean_absolute_error(y_train_full, all_val_preds):.4f}")\n\n# Train final model on all data\nfinal_model = XGBRegressor(\n    n_estimators=1000,\n    learning_rate=0.03,\n    max_depth=8,\n    subsample=0.8,\n    colsample_bytree=0.8,\n    random_state=42,\n    n_jobs=-1\n)\nfinal_model.fit(X_train_full, y_train_full)\n\n# Predict test set\npreds_test = final_model.predict(X_test)\n\n# Save submission\nsubmission = pd.DataFrame({\'id\': test_df[\'id\'], \'Tg\': preds_test})\nsubmission.to_csv(\'submission.csv\', index=False)\nprint("Submission saved to submission.csv")\nEOF\n'] min_timeout_sec: 0.1 max_timeout_sec: 180.0
Sending keys: ['python3 solve.py\n'] min_timeout_sec: 10.0 max_timeout_sec: 180.0
Parser warnings: - Extra text detected before JSON object
- Extra text detected after JSON object
Sending keys: ['python3 solution.py\n'] min_timeout_sec: 10.0 max_timeout_sec: 180.0
Trajectory dumped to /var/essdata/s_chumakov/automl-journal/runs/autods-tabred/jobs/terminus-cases-plain-20260910-100339/openpoly-tg__8f5GRNj/agent/trajectory.json
Sending keys: ['ls -l submission.csv\n'] min_timeout_sec: 0.1 max_timeout_sec: 180.0
Sending keys: ['head -n 5 submission.csv\n'] min_timeout_sec: 0.1 max_timeout_sec: 180.0
Trajectory dumped to /var/essdata/s_chumakov/automl-journal/runs/autods-tabred/jobs/terminus-cases-plain-20260910-100339/maize-yield__UqitPYf/agent/trajectory.json
Parser warnings: - Extra text detected before JSON object
- Extra text detected after JSON object
Sending keys: ['cat << \'EOF\' > solution.py\nimport pandas as pd\nimport numpy as np\nfrom rdkit import Chem\nfrom rdkit.Chem import AllChem\nfrom xgboost import XGBRegressor\nfrom sklearn.model_selection import train_test_split\nfrom sklearn.metrics import r2_score, mean_absolute_error\n\ndef smiles_to_fp(smiles, radius=2, nBits=2048):\n    mol = Chem.MolFromSmiles(smiles)\n    if mol is None:\n        return np.zeros(nBits)\n    fp = AllChem.GetMorganFingerprintAsBitVect(mol, radius, nBits=nBits)\n    return np.array(fp)\n\n# Load data\ntrain_df = pd.read_csv(\'train.csv\')\ntest_df = pd.read_csv(\'test.csv\')\n\nprint(f"Training samples: {len(train_df)}")\nprint(f"Test samples: {len(test_df)}")\n\n# Feature extraction\nprint("Extracting fingerprints for training data...")\nX_train_full = np.array([smiles_to_fp(s) for s in train_df[\'PSMILES\']])\ny_train_full = train_df[\'Tg\'].values\n\n# Split for validation\nX_train, X_val, y_train, y_val = train_test_split(X_train_full, y_train_full, test_size=0.2, random_state=42)\n\n# Model - Move early_stopping_rounds to the constructor\nmodel = XGBRegressor(\n    n_estimators=1000, \n    learning_rate=0.05, \n    max_depth=6, \n    random_state=42, \n    early_stopping_rounds=50\n)\nmodel.fit(X_train, y_train, eval_set=[(X_val, y_val)], verbose=False)\n\n# Evaluate\npreds_val = model.predict(X_val)\nprint(f"Validation R2: {r2_score(y_val, preds_val):.4f}")\nprint(f"Validation MAE: {mean_absolute_error(y_val, preds_val):.4f}")\n\n# Test set\nprint("Extracting fingerprints for test data...")\nX_test = np.array([smiles_to_fp(s) for s in test_df[\'PSMILES\']])\npreds_test = model.predict(X_test)\n\n# Submission\nsubmission = pd.DataFrame({\'id\': test_df[\'id\'], \'Tg\': preds_test})\nsubmission.to_csv(\'submission.csv\', index=False)\nprint("Submission saved to submission.csv")\nEOF\n'] min_timeout_sec: 0.1 max_timeout_sec: 180.0
Sending keys: ['python3 solution.py\n'] min_timeout_sec: 10.0 max_timeout_sec: 180.0
Parser warnings: - Extra text detected before JSON object
- Extra text detected after JSON object
Sending keys: ['ls -l submission.csv\n'] min_timeout_sec: 0.1 max_timeout_sec: 180.0
Sending keys: ['python3 solve.py\n'] min_timeout_sec: 15.0 max_timeout_sec: 180.0
Parser warnings: - Extra text detected before JSON object
- Extra text detected after JSON object
Sending keys: ['python3 solution.py\n'] min_timeout_sec: 20.0 max_timeout_sec: 180.0
Parser warnings: - Extra text detected before JSON object
- Extra text detected after JSON object
Trajectory dumped to /var/essdata/s_chumakov/automl-journal/runs/autods-tabred/jobs/terminus-cases-plain-20260910-100339/fdata-exit__vguzt7b/agent/trajectory.json
Trajectory dumped to /var/essdata/s_chumakov/automl-journal/runs/autods-tabred/jobs/terminus-cases-plain-20260910-100339/openpoly-tg__UTuRT9P/agent/trajectory.json
Parser warnings: - Extra text detected before JSON object
- Extra text detected after JSON object
Trajectory dumped to /var/essdata/s_chumakov/automl-journal/runs/autods-tabred/jobs/terminus-cases-plain-20260910-100339/fdata-exit__vguzt7b/agent/trajectory.json
Trajectory dumped to /var/essdata/s_chumakov/automl-journal/runs/autods-tabred/jobs/terminus-cases-plain-20260910-100339/fdata-exit__vguzt7b/agent/trajectory.json
Collecting main service artifacts
Trajectory dumped to /var/essdata/s_chumakov/automl-journal/runs/autods-tabred/jobs/terminus-cases-plain-20260910-100339/openpoly-tg__8f5GRNj/agent/trajectory.json
Parser warnings: - Extra text detected before JSON object
- Extra text detected after JSON object
Sending keys: ['ls -l submission.csv\n'] min_timeout_sec: 0.1 max_timeout_sec: 180.0
Sending keys: ['head -n 5 submission.csv\n'] min_timeout_sec: 0.1 max_timeout_sec: 180.0
Trajectory dumped to /var/essdata/s_chumakov/automl-journal/runs/autods-tabred/jobs/terminus-cases-plain-20260910-100339/openpoly-tg__UTuRT9P/agent/trajectory.json
Parser warnings: - Extra text detected before JSON object
- Extra text detected after JSON object
Sending keys: ['ls -la\n'] min_timeout_sec: 0.1 max_timeout_sec: 180.0
Sending keys: ['head -n 5 submission.csv\n'] min_timeout_sec: 0.1 max_timeout_sec: 180.0
Trajectory dumped to /var/essdata/s_chumakov/automl-journal/runs/autods-tabred/jobs/terminus-cases-plain-20260910-100339/openpoly-tg__UTuRT9P/agent/trajectory.json
Sending keys: ['ls -la\n'] min_timeout_sec: 0.1 max_timeout_sec: 180.0
Sending keys: ['head -n 5 submission.csv\n'] min_timeout_sec: 0.1 max_timeout_sec: 180.0
Trajectory dumped to /var/essdata/s_chumakov/automl-journal/runs/autods-tabred/jobs/terminus-cases-plain-20260910-100339/maize-yield__UqitPYf/agent/trajectory.json
Parser warnings: - Extra text detected before JSON object
- Extra text detected after JSON object
Sending keys: ['python3 solution.py\n'] min_timeout_sec: 30.0 max_timeout_sec: 180.0
Skipping image OS validation for hb__92efa9f5d010dcc2f955ba3f4621d25d: docker inspect returned 1
Parser warnings: - Extra text detected before JSON object
- Extra text detected after JSON object
Sending keys: ['ls -la /workspace/submission.csv\n'] min_timeout_sec: 0.1 max_timeout_sec: 180.0
Sending keys: ['head -n 5 /workspace/submission.csv\n'] min_timeout_sec: 0.1 max_timeout_sec: 180.0
Trajectory dumped to /var/essdata/s_chumakov/automl-journal/runs/autods-tabred/jobs/terminus-cases-plain-20260910-100339/openpoly-tg__UTuRT9P/agent/trajectory.json
Both tmux and asciinema are already installed
Starting recording.
Sending keys: ['asciinema rec --stdin /logs/agent/recording.cast', 'Enter'] min_timeout_sec: 1.0 max_timeout_sec: 180.0
Sending keys: ['clear', 'Enter'] min_timeout_sec: 0.0 max_timeout_sec: 180.0
Parser warnings: - Extra text detected before JSON object
- Extra text detected after JSON object
Sending keys: ['ls -la\n'] min_timeout_sec: 0.1 max_timeout_sec: 180.0
Sending keys: ['cat submission.csv | head -n 5\n'] min_timeout_sec: 0.1 max_timeout_sec: 180.0
Trajectory dumped to /var/essdata/s_chumakov/automl-journal/runs/autods-tabred/jobs/terminus-cases-plain-20260910-100339/openpoly-tg__UTuRT9P/agent/trajectory.json
Parser warnings: - Extra text detected before JSON object
- Extra text detected after JSON object
Sending keys: ['python3 solve.py\n'] min_timeout_sec: 20.0 max_timeout_sec: 180.0
Parser warnings: - Extra text detected before JSON object
- Extra text detected after JSON object
Sending keys: ['ls -la\n'] min_timeout_sec: 0.1 max_timeout_sec: 180.0
Sending keys: ['head -n 5 train.csv\n'] min_timeout_sec: 0.1 max_timeout_sec: 180.0
Sending keys: ['head -n 5 test.csv\n'] min_timeout_sec: 0.1 max_timeout_sec: 180.0
Sending keys: ['wc -l train.csv test.csv\n'] min_timeout_sec: 0.1 max_timeout_sec: 180.0
Trajectory dumped to /var/essdata/s_chumakov/automl-journal/runs/autods-tabred/jobs/terminus-cases-plain-20260910-100339/maize-yield__y9P3UE3/agent/trajectory.json
Sending keys: ['ls -l submission.csv\n'] min_timeout_sec: 0.1 max_timeout_sec: 180.0
Sending keys: ['head -n 5 submission.csv\n'] min_timeout_sec: 0.1 max_timeout_sec: 180.0
Trajectory dumped to /var/essdata/s_chumakov/automl-journal/runs/autods-tabred/jobs/terminus-cases-plain-20260910-100339/maize-yield__UqitPYf/agent/trajectory.json
Sending keys: ['ls -l submission.csv\n'] min_timeout_sec: 0.1 max_timeout_sec: 180.0
Sending keys: ['head -n 5 submission.csv\n'] min_timeout_sec: 0.1 max_timeout_sec: 180.0
Trajectory dumped to /var/essdata/s_chumakov/automl-journal/runs/autods-tabred/jobs/terminus-cases-plain-20260910-100339/openpoly-tg__8f5GRNj/agent/trajectory.json
Parser warnings: - Extra text detected before JSON object
- Extra text detected after JSON object
Sending keys: ['cat << \'EOF\' > solution.py\nimport pandas as pd\nimport numpy as np\nfrom rdkit import Chem\nfrom rdkit.Chem import AllChem\nfrom rdkit import RDLogger\nfrom xgboost import XGBRegressor\nfrom sklearn.model_selection import train_test_split\nfrom sklearn.metrics import r2_score, mean_absolute_error\n\n# Suppress RDKit warnings\nRDLogger.DisableLog(\'deprecated\')\nRDLogger.DisableLog(\'warning\')\n\ndef smiles_to_fp(smiles, radius=2, nBits=2048):\n    mol = Chem.MolFromSmiles(smiles)\n    if mol is None:\n        return np.zeros(nBits)\n    fp = AllChem.GetMorganFingerprintAsBitVect(mol, radius, nBits=nBits)\n    return np.array(fp)\n\n# Load data\ntrain_df = pd.read_csv(\'train.csv\')\ntest_df = pd.read_csv(\'test.csv\')\n\nprint(f"Training samples: {len(train_df)}")\nprint(f"Test samples: {len(test_df)}")\n\n# Feature extraction\nprint("Extracting fingerprints for training data...")\nX_train_full = np.array([smiles_to_fp(s) for s in train_df[\'PSMILES\']])\ny_train_full = train_df[\'Tg\'].values\n\n# Split for validation\nX_train, X_val, y_train, y_val = train_test_split(X_train_full, y_train_full, test_size=0.2, random_state=42)\n\n# Model\nmodel = XGBRegressor(\n    n_estimators=1000, \n    learning_rate=0.05, \n    max_depth=6, \n    random_state=42, \n    early_stopping_rounds=50\n)\nmodel.fit(X_train, y_train, eval_set=[(X_val, y_val)], verbose=False)\n\n# Evaluate\npreds_val = model.predict(X_val)\nprint(f"Validation R2: {r2_score(y_val, preds_val):.4f}")\nprint(f"Validation MAE: {mean_absolute_error(y_val, preds_val):.4f}")\n\n# Test set\nprint("Extracting fingerprints for test data...")\nX_test = np.array([smiles_to_fp(s) for s in test_df[\'PSMILES\']])\npreds_test = model.predict(X_test)\n\n# Submission\nsubmission = pd.DataFrame({\'id\': test_df[\'id\'], \'Tg\': preds_test})\nsubmission.to_csv(\'submission.csv\', index=False)\nprint("Submission saved to submission.csv")\nEOF\n'] min_timeout_sec: 0.1 max_timeout_sec: 180.0
Sending keys: ['python3 solution.py\n'] min_timeout_sec: 10.0 max_timeout_sec: 180.0
Sending keys: ['head -n 5 submission.csv\n'] min_timeout_sec: 0.1 max_timeout_sec: 180.0
Trajectory dumped to /var/essdata/s_chumakov/automl-journal/runs/autods-tabred/jobs/terminus-cases-plain-20260910-100339/openpoly-tg__UTuRT9P/agent/trajectory.json
Parser warnings: - Extra text detected before JSON object
- Extra text detected after JSON object
Trajectory dumped to /var/essdata/s_chumakov/automl-journal/runs/autods-tabred/jobs/terminus-cases-plain-20260910-100339/maize-yield__UqitPYf/agent/trajectory.json
Parser warnings: - Extra text detected before JSON object
- Extra text detected after JSON object
Sending keys: ['ls -l submission.csv\n'] min_timeout_sec: 0.1 max_timeout_sec: 180.0
Sending keys: ['wc -l submission.csv\n'] min_timeout_sec: 0.1 max_timeout_sec: 180.0
Trajectory dumped to /var/essdata/s_chumakov/automl-journal/runs/autods-tabred/jobs/terminus-cases-plain-20260910-100339/openpoly-tg__UTuRT9P/agent/trajectory.json
Parser warnings: - Extra text detected before JSON object
- Extra text detected after JSON object
Sending keys: ['cat << \'EOF\' > solve.py\nimport pandas as pd\nimport numpy as np\nfrom sklearn.ensemble import HistGradientBoostingRegressor\nfrom sklearn.model_selection import train_test_split\nfrom sklearn.metrics import r2_score, mean_squared_error\n\n# Load data\ntrain = pd.read_csv(\'train.csv\')\ntest = pd.read_csv(\'test.csv\')\n\n# target and index\ntarget_col = \'GrainYield\'\nindex_col = \'Index\'\n\n# Drop columns that are essentially the same (F and M are components of Pedigree)\n# Date columns might be useful but we\'ll try a baseline without them first or simple conversion\ndrop_cols = [index_col, target_col, \'DatePlanted\', \'DateHarvested\']\n\n# Prepare features\nX = train.drop(columns=[target_col])\ny = train[target_col]\nX_test = test.copy()\n\n# Categorical columns identification\ncat_cols = [\'Pedigree\', \'F\', \'M\', \'ExperimentCode\']\n\n# For HistGradientBoostingRegressor, we can use categorical support\n# We need to map categories to integers\nfor col in cat_cols:\n    # Combine train and test to ensure consistent encoding\n    all_vals = pd.concat([X[col], X_test[col]]).astype(str).unique()\n    mapping = {val: i for i, val in enumerate(all_vals)}\n    X[col] = X[col].astype(str).map(mapping)\n    X_test[col] = X_test[col].astype(str).map(mapping)\n\n# Remove index from features\nX_features = X.drop(columns=[index_col])\nX_test_features = X_test.drop(columns=[index_col])\n\n# Split training data for validation\nX_train, X_val, y_train, y_val = train_test_split(X_features, y, test_size=0.2, random_state=42)\n\n# Initialize and fit model\n# categorical_features is a boolean mask or list of indices\ncat_indices = [X_features.columns.get_loc(col) for col in cat_cols]\nmodel = HistGradientBoostingRegressor(categorical_features=cat_indices, random_state=42)\nmodel.fit(X_train, y_train)\n\n# Validate\npreds_val = model.predict(X_val)\nr2 = r2_score(y_val, preds_val)\nrmse = np.sqrt(mean_squared_error(y_val, preds_val))\nprint(f"Validation R2: {r2:.4f}")\nprint(f"Validation RMSE: {rmse:.4f}")\n\n# Predict on test set\npreds_test = model.predict(X_test_features)\n\n# Create submission\nsubmission = pd.DataFrame({index_col: test[index_col], target_col: preds_test})\nsubmission.to_csv(\'submission.csv\', index=False)\nprint("Submission saved to submission.csv")\nEOF\n'] min_timeout_sec: 0.1 max_timeout_sec: 180.0
Sending keys: ['python3 solve.py\n'] min_timeout_sec: 5.0 max_timeout_sec: 180.0
Trajectory dumped to /var/essdata/s_chumakov/automl-journal/runs/autods-tabred/jobs/terminus-cases-plain-20260910-100339/maize-yield__y9P3UE3/agent/trajectory.json
Parser warnings: - Extra text detected before JSON object
- Extra text detected after JSON object
Sending keys: ['python3 solve.py\n'] min_timeout_sec: 20.0 max_timeout_sec: 180.0
Parser warnings: - Extra text detected before JSON object
- Extra text detected after JSON object
Trajectory dumped to /var/essdata/s_chumakov/automl-journal/runs/autods-tabred/jobs/terminus-cases-plain-20260910-100339/maize-yield__UqitPYf/agent/trajectory.json
Trajectory dumped to /var/essdata/s_chumakov/automl-journal/runs/autods-tabred/jobs/terminus-cases-plain-20260910-100339/maize-yield__UqitPYf/agent/trajectory.json
Collecting main service artifacts
Failed to download artifact '/workspace/submission.csv' from service 'main' (best-effort)
Traceback (most recent call last):
  File "/home/s_chumakov/.local/share/uv/tools/harbor/lib/python3.12/site-packages/harbor/trial/artifact_handler.py", line 351, in _download_artifact
    await source_env.service_download_file(
  File "/home/s_chumakov/.local/share/uv/tools/harbor/lib/python3.12/site-packages/harbor/environments/docker/docker.py", line 1057, in service_download_file
    await self.download_file(source_path, target_path)
  File "/home/s_chumakov/.local/share/uv/tools/harbor/lib/python3.12/site-packages/harbor/environments/docker/docker.py", line 1042, in download_file
    await self._platform.download_file(source_path, target_path)
  File "/home/s_chumakov/.local/share/uv/tools/harbor/lib/python3.12/site-packages/harbor/environments/docker/docker_unix.py", line 185, in download_file
    await self._env._run_docker_compose_command(
  File "/home/s_chumakov/.local/share/uv/tools/harbor/lib/python3.12/site-packages/harbor/environments/docker/docker.py", line 656, in _run_docker_compose_command
    raise RuntimeError(
RuntimeError: Docker compose command failed for environment maize-yield. Command: docker compose --project-name maize-yield__uqitpyf__env --project-directory /var/essdata/s_chumakov/automl-journal/runs/autods-tabred/harbor-tabred-adapter/datasets/cases/maize-yield/environment -f /tmp/tmpbwp30g3r/maize-yield__UqitPYf__env-docker-compose-resources.json -f /home/s_chumakov/.local/share/uv/tools/harbor/lib/python3.12/site-packages/harbor/environments/docker/docker-compose-build.yaml -f /tmp/tmpdgx2or0d/docker-compose-environment.json -f /tmp/tmpedbxxz9d/docker-compose-mounts.json cp main:/workspace/submission.csv /var/essdata/s_chumakov/automl-journal/runs/autods-tabred/jobs/terminus-cases-plain-20260910-100339/maize-yield__UqitPYf/artifacts/workspace/submission.csv. Return code: 1. Stdout:  maize-yield__uqitpyf__env-main-1 Copying maize-yield__uqitpyf__env-main-1:/workspace/submission.csv to /var/essdata/s_chumakov/automl-journal/runs/autods-tabred/jobs/terminus-cases-plain-20260910-100339/maize-yield__UqitPYf/artifacts/workspace/submission.csv
Error response from daemon: Could not find the file /workspace/submission.csv in container b10ad5936e2fd0e8beaec319b8238d450544fb07140c6edfe622a469557a3f63
. Stderr: None. 
Trial maize-yield__UqitPYf failed: 2 validation errors for VerifierResult
rewards.error.float
  Input should be a valid number, unable to parse string as a number [type=float_parsing, input_value="read failed: [Errno 2] N...rkspace/submission.csv'", input_type=str]
    For further information visit https://errors.pydantic.dev/2.13/v/float_parsing
rewards.error.int
  Input should be a valid integer, unable to parse string as an integer [type=int_parsing, input_value="read failed: [Errno 2] N...rkspace/submission.csv'", input_type=str]
    For further information visit https://errors.pydantic.dev/2.13/v/int_parsing
Parser warnings: - Extra text detected before JSON object
- Extra text detected after JSON object
Trajectory dumped to /var/essdata/s_chumakov/automl-journal/runs/autods-tabred/jobs/terminus-cases-plain-20260910-100339/openpoly-tg__UTuRT9P/agent/trajectory.json
Parser warnings: - Extra text detected before JSON object
- Extra text detected after JSON object
Sending keys: ['cat << \'EOF\' > solve.py\nimport pandas as pd\nimport numpy as np\nfrom sklearn.ensemble import HistGradientBoostingRegressor\nfrom sklearn.model_selection import train_test_split\nfrom sklearn.metrics import r2_score, mean_squared_error\n\n# Load data\ntrain = pd.read_csv(\'train.csv\')\ntest = pd.read_csv(\'test.csv\')\n\ntarget_col = \'GrainYield\'\nindex_col = \'Index\'\n\n# Define columns to drop\n# DatePlanted and DateHarvested are strings and should be removed for this baseline\n# Index is not a feature\ndrop_cols = [index_col, \'DatePlanted\', \'DateHarvested\']\n\n# Separate target\ny = train[target_col]\n\n# Features\nX = train.drop(columns=[target_col])\nX_test = test.copy()\n\n# Categorical columns identification\ncat_cols = [\'Pedigree\', \'F\', \'M\', \'ExperimentCode\']\n\n# Mapping categorical columns to integers\nfor col in cat_cols:\n    all_vals = pd.concat([X[col], X_test[col]]).astype(str).unique()\n    mapping = {val: i for i, val in enumerate(all_vals)}\n    X[col] = X[col].astype(str).map(mapping)\n    X_test[col] = X_test[col].astype(str).map(mapping)\n\n# Drop the specified columns from features\nX_features = X.drop(columns=drop_cols)\nX_test_features = X_test.drop(columns=drop_cols)\n\n# Split training data for validation\nX_train, X_val, y_train, y_val = train_test_split(X_features, y, test_size=0.2, random_state=42)\n\n# Identify indices of categorical features for the model\ncat_indices = [X_features.columns.get_loc(col) for col in cat_cols]\n\n# Initialize and fit model\nmodel = HistGradientBoostingRegressor(categorical_features=cat_indices, random_state=42)\nmodel.fit(X_train, y_train)\n\n# Validate\npreds_val = model.predict(X_val)\nr2 = r2_score(y_val, preds_val)\nrmse = np.sqrt(mean_squared_error(y_val, preds_val))\nprint(f"Validation R2: {r2:.4f}")\nprint(f"Validation RMSE: {rmse:.4f}")\n\n# Predict on test set\npreds_test = model.predict(X_test_features)\n\n# Create submission\nsubmission = pd.DataFrame({index_col: test[index_col], target_col: preds_test})\nsubmission.to_csv(\'submission.csv\', index=False)\nprint("Submission saved to submission.csv")\nEOF\n'] min_timeout_sec: 0.1 max_timeout_sec: 180.0
Sending keys: ['python3 solve.py\n'] min_timeout_sec: 5.0 max_timeout_sec: 180.0
Trajectory dumped to /var/essdata/s_chumakov/automl-journal/runs/autods-tabred/jobs/terminus-cases-plain-20260910-100339/maize-yield__y9P3UE3/agent/trajectory.json
Not retrying trial because the maximum number of retries has been reached
Skipping image OS validation for hb__77111a4a6abf361e6d3373aaa4cde0af: docker inspect returned 1
Sending keys: ['ls -l submission.csv\n'] min_timeout_sec: 0.1 max_timeout_sec: 180.0
Sending keys: ['head -n 10 submission.csv\n'] min_timeout_sec: 0.1 max_timeout_sec: 180.0
Trajectory dumped to /var/essdata/s_chumakov/automl-journal/runs/autods-tabred/jobs/terminus-cases-plain-20260910-100339/openpoly-tg__8f5GRNj/agent/trajectory.json
Both tmux and asciinema are already installed
Starting recording.
Sending keys: ['asciinema rec --stdin /logs/agent/recording.cast', 'Enter'] min_timeout_sec: 1.0 max_timeout_sec: 180.0
Sending keys: ['clear', 'Enter'] min_timeout_sec: 0.0 max_timeout_sec: 180.0
Parser warnings: - Extra text detected before JSON object
- Extra text detected after JSON object
Trajectory dumped to /var/essdata/s_chumakov/automl-journal/runs/autods-tabred/jobs/terminus-cases-plain-20260910-100339/openpoly-tg__8f5GRNj/agent/trajectory.json
Parser warnings: - Extra text detected before JSON object
- Extra text detected after JSON object
Sending keys: ['ls -la /workspace\n'] min_timeout_sec: 0.1 max_timeout_sec: 180.0
Sending keys: ['head -n 5 /workspace/train.csv\n'] min_timeout_sec: 0.1 max_timeout_sec: 180.0
Sending keys: ['head -n 5 /workspace/test.csv\n'] min_timeout_sec: 0.1 max_timeout_sec: 180.0
Sending keys: ['wc -l /workspace/train.csv /workspace/test.csv\n'] min_timeout_sec: 0.1 max_timeout_sec: 180.0
Trajectory dumped to /var/essdata/s_chumakov/automl-journal/runs/autods-tabred/jobs/terminus-cases-plain-20260910-100339/fdata-exit__RVvW8pZ/agent/trajectory.json
Parser warnings: - Extra text detected before JSON object
- Extra text detected after JSON object
Trajectory dumped to /var/essdata/s_chumakov/automl-journal/runs/autods-tabred/jobs/terminus-cases-plain-20260910-100339/openpoly-tg__UTuRT9P/agent/trajectory.json
Trajectory dumped to /var/essdata/s_chumakov/automl-journal/runs/autods-tabred/jobs/terminus-cases-plain-20260910-100339/openpoly-tg__UTuRT9P/agent/trajectory.json
Collecting main service artifacts
Failed to download artifact '/workspace/submission.csv' from service 'main' (best-effort)
Traceback (most recent call last):
  File "/home/s_chumakov/.local/share/uv/tools/harbor/lib/python3.12/site-packages/harbor/trial/artifact_handler.py", line 351, in _download_artifact
    await source_env.service_download_file(
  File "/home/s_chumakov/.local/share/uv/tools/harbor/lib/python3.12/site-packages/harbor/environments/docker/docker.py", line 1057, in service_download_file
    await self.download_file(source_path, target_path)
  File "/home/s_chumakov/.local/share/uv/tools/harbor/lib/python3.12/site-packages/harbor/environments/docker/docker.py", line 1042, in download_file
    await self._platform.download_file(source_path, target_path)
  File "/home/s_chumakov/.local/share/uv/tools/harbor/lib/python3.12/site-packages/harbor/environments/docker/docker_unix.py", line 185, in download_file
    await self._env._run_docker_compose_command(
  File "/home/s_chumakov/.local/share/uv/tools/harbor/lib/python3.12/site-packages/harbor/environments/docker/docker.py", line 656, in _run_docker_compose_command
    raise RuntimeError(
RuntimeError: Docker compose command failed for environment openpoly-tg. Command: docker compose --project-name openpoly-tg__uturt9p__env --project-directory /var/essdata/s_chumakov/automl-journal/runs/autods-tabred/harbor-tabred-adapter/datasets/cases/openpoly-tg/environment -f /tmp/tmpkynw7qhd/openpoly-tg__UTuRT9P__env-docker-compose-resources.json -f /home/s_chumakov/.local/share/uv/tools/harbor/lib/python3.12/site-packages/harbor/environments/docker/docker-compose-build.yaml -f /tmp/tmpa_lp9ig7/docker-compose-environment.json -f /tmp/tmpbi2bjl28/docker-compose-mounts.json cp main:/workspace/submission.csv /var/essdata/s_chumakov/automl-journal/runs/autods-tabred/jobs/terminus-cases-plain-20260910-100339/openpoly-tg__UTuRT9P/artifacts/workspace/submission.csv. Return code: 1. Stdout:  openpoly-tg__uturt9p__env-main-1 Copying openpoly-tg__uturt9p__env-main-1:/workspace/submission.csv to /var/essdata/s_chumakov/automl-journal/runs/autods-tabred/jobs/terminus-cases-plain-20260910-100339/openpoly-tg__UTuRT9P/artifacts/workspace/submission.csv
Error response from daemon: Could not find the file /workspace/submission.csv in container 6ff240c30afbb995bd392ce0054c80fb62963db600ec3d8246dfc4202174f0e9
. Stderr: None. 
Trial openpoly-tg__UTuRT9P failed: 2 validation errors for VerifierResult
rewards.error.float
  Input should be a valid number, unable to parse string as a number [type=float_parsing, input_value="read failed: [Errno 2] N...rkspace/submission.csv'", input_type=str]
    For further information visit https://errors.pydantic.dev/2.13/v/float_parsing
rewards.error.int
  Input should be a valid integer, unable to parse string as an integer [type=int_parsing, input_value="read failed: [Errno 2] N...rkspace/submission.csv'", input_type=str]
    For further information visit https://errors.pydantic.dev/2.13/v/int_parsing
Parser warnings: - Extra text detected before JSON object
- Extra text detected after JSON object
Trajectory dumped to /var/essdata/s_chumakov/automl-journal/runs/autods-tabred/jobs/terminus-cases-plain-20260910-100339/openpoly-tg__8f5GRNj/agent/trajectory.json
Trajectory dumped to /var/essdata/s_chumakov/automl-journal/runs/autods-tabred/jobs/terminus-cases-plain-20260910-100339/openpoly-tg__8f5GRNj/agent/trajectory.json
Collecting main service artifacts
Parser warnings: - Extra text detected before JSON object
- Extra text detected after JSON object
Sending keys: ["cat << 'EOF' > solution.py\nimport pandas as pd\nfrom sklearn.ensemble import RandomForestClassifier\nfrom sklearn.model_selection import train_test_split\nfrom sklearn.metrics import accuracy_score, balanced_accuracy_score, classification_report\n\n# Load data\ntrain = pd.read_csv('train.csv')\ntest = pd.read_csv('test.csv')\n\n# Define features and target\nfeatures = ['cnumr', 'cnumat', 'nnumr', 'nnuma', 'elpl', 'pri', 'mszl', 'freq_req', 'jobenv_req']\ntarget = 'success'\n\n# Preprocessing\n# Convert categorical 'jobenv_req' to numeric\n# Use category codes as a simple way to handle the categorical variable\nfor df in [train, test]:\n    df['jobenv_req'] = df['jobenv_req'].astype('category').cat.codes\n\n# Check for missing values (fill with median if any)\nX = train[features].fillna(train[features].median())\ny = train[target]\nX_test = test[features].fillna(train[features].median())\n\n# Split for validation\nX_train, X_val, y_train, y_val = train_test_split(X, y, test_size=0.2, random_state=42, stratify=y)\n\n# Train Random Forest\nmodel = RandomForestClassifier(n_estimators=100, random_state=42, n_jobs=-1)\nmodel.fit(X_train, y_train)\n\n# Evaluate\nval_preds = model.predict(X_val)\nacc = accuracy_score(y_val, val_preds)\nb_acc = balanced_accuracy_score(y_val, val_preds)\nprint(f'Validation Accuracy: {acc:.4f}')\nprint(f'Validation Balanced Accuracy: {b_acc:.4f}')\nprint('\\nClassification Report:\\n', classification_report(y_val, val_preds))\n\n# Predict on test set\ntest_preds = model.predict(X_test)\nsubmission = pd.DataFrame({'jobid': test['jobid'], 'success': test_preds})\nsubmission.to_csv('submission.csv', index=False)\nprint('Submission file saved to submission.csv')\nEOF\n"] min_timeout_sec: 0.1 max_timeout_sec: 180.0
Sending keys: ['python3 solution.py\n'] min_timeout_sec: 5.0 max_timeout_sec: 180.0
Trajectory dumped to /var/essdata/s_chumakov/automl-journal/runs/autods-tabred/jobs/terminus-cases-plain-20260910-100339/fdata-exit__RVvW8pZ/agent/trajectory.json
Not retrying trial because the maximum number of retries has been reached
Parser warnings: - Extra text detected before JSON object
- Extra text detected after JSON object
Sending keys: ['head -n 5 submission.csv\n'] min_timeout_sec: 0.1 max_timeout_sec: 180.0
Sending keys: ['wc -l submission.csv\n'] min_timeout_sec: 0.1 max_timeout_sec: 180.0
Trajectory dumped to /var/essdata/s_chumakov/automl-journal/runs/autods-tabred/jobs/terminus-cases-plain-20260910-100339/fdata-exit__RVvW8pZ/agent/trajectory.json
Parser warnings: - Extra text detected before JSON object
- Extra text detected after JSON object
Trajectory dumped to /var/essdata/s_chumakov/automl-journal/runs/autods-tabred/jobs/terminus-cases-plain-20260910-100339/fdata-exit__RVvW8pZ/agent/trajectory.json
Parser warnings: - Extra text detected before JSON object
- Extra text detected after JSON object
Trajectory dumped to /var/essdata/s_chumakov/automl-journal/runs/autods-tabred/jobs/terminus-cases-plain-20260910-100339/fdata-exit__RVvW8pZ/agent/trajectory.json
Trajectory dumped to /var/essdata/s_chumakov/automl-journal/runs/autods-tabred/jobs/terminus-cases-plain-20260910-100339/fdata-exit__RVvW8pZ/agent/trajectory.json
Parser warnings: - Extra text detected before JSON object
- Extra text detected after JSON object
Sending keys: ['cat << \'EOF\' > solve.py\nimport pandas as pd\nimport numpy as np\nfrom sklearn.ensemble import HistGradientBoostingRegressor\nfrom sklearn.model_selection import train_test_split\nfrom sklearn.metrics import r2_score, mean_squared_error\n\n# Load data\ntrain = pd.read_csv(\'train.csv\')\ntest = pd.read_csv(\'test.csv\')\n\ntarget_col = \'GrainYield\'\nindex_col = \'Index\'\ndrop_cols = [index_col, \'DatePlanted\', \'DateHarvested\']\n\ny = train[target_col]\nX = train.drop(columns=[target_col])\nX_test = test.copy()\n\n# Split first to avoid leakage during target encoding\nX_train_raw, X_val_raw, y_train, y_val = train_test_split(X, y, test_size=0.2, random_state=42)\n\ncat_cols = [\'Pedigree\', \'F\', \'M\', \'ExperimentCode\']\n\n# Target Encoding Function\ndef target_encode(train_df, val_df, test_df, cols, target):\n    for col in cols:\n        # Calculate mean target for each category using train set\n        means = train_df.groupby(col)[target].mean()\n        # Map means to train, val, and test sets\n        train_df[col] = train_df[col].map(means).fillna(train_df[target].mean())\n        val_df[col] = val_df[col].map(means).fillna(train_df[target].mean())\n        test_df[col] = test_df[col].map(means).fillna(train_df[target].mean())\n    return train_df, val_df, test_df\n\n# We need a temporary dataframe for the encoding process that includes the target\ntrain_with_target = X_train_raw.copy()\ntrain_with_target[target_col] = y_train\n\n# Perform target encoding\nX_train_encoded, X_val_encoded, X_test_encoded = target_encode(\n    train_with_target, X_val_raw.copy(), X_test.copy(), cat_cols, target_col\n)\n\n# Drop the target column and the drop_cols\nX_train = X_train_encoded.drop(columns=[target_col] + drop_cols)\nX_val = X_val_encoded.drop(columns=drop_cols)\nX_test_features = X_test_encoded.drop(columns=drop_cols)\n\n# Now all features are numeric (target encoded), so categorical_features=None\nmodel = HistGradientBoostingRegressor(random_state=42)\nmodel.fit(X_train, y_train)\n\n# Validate\npreds_val = model.predict(X_val)\nr2 = r2_score(y_val, preds_val)\nrmse = np.sqrt(mean_squared_error(y_val, preds_val))\nprint(f"Validation R2: {r2:.4f}")\nprint(f"Validation RMSE: {rmse:.4f}")\n\n# Predict on test set\npreds_test = model.predict(X_test_features)\n\n# Create submission\nsubmission = pd.DataFrame({index_col: test[index_col], target_col: preds_test})\nsubmission.to_csv(\'submission.csv\', index=False)\nprint("Submission saved to submission.csv")\nEOF\n'] min_timeout_sec: 0.1 max_timeout_sec: 180.0
Sending keys: ['python3 solve.py\n'] min_timeout_sec: 5.0 max_timeout_sec: 180.0
Collecting main service artifacts
Trajectory dumped to /var/essdata/s_chumakov/automl-journal/runs/autods-tabred/jobs/terminus-cases-plain-20260910-100339/maize-yield__y9P3UE3/agent/trajectory.json
Parser warnings: - Extra text detected before JSON object
- Extra text detected after JSON object
Trajectory dumped to /var/essdata/s_chumakov/automl-journal/runs/autods-tabred/jobs/terminus-cases-plain-20260910-100339/maize-yield__y9P3UE3/agent/trajectory.json
Parser warnings: - Extra text detected before JSON object
- Extra text detected after JSON object
Trajectory dumped to /var/essdata/s_chumakov/automl-journal/runs/autods-tabred/jobs/terminus-cases-plain-20260910-100339/maize-yield__y9P3UE3/agent/trajectory.json
Trajectory dumped to /var/essdata/s_chumakov/automl-journal/runs/autods-tabred/jobs/terminus-cases-plain-20260910-100339/maize-yield__y9P3UE3/agent/trajectory.json
Collecting main service artifacts
