Skipping image OS validation for hb__7cb4f1510963b81b8a231164db7f737b: docker inspect returned 1
Running command: command -v autods-harbor >/dev/null 2>&1
Command failed
Running command: if ! command -v curl >/dev/null 2>&1; then   (apt-get update && apt-get install -y curl)   || apk add --no-cache curl   || (yum install -y curl) || true; fi
Command outputs captured
Running command: mkdir -p /opt/autods-agent-venv && chown -R $(id -u):$(id -g) /opt/autods-agent-venv
Command outputs captured
Running command: set -e; if python3 -c 'import sys; raise SystemExit(0 if sys.version_info >= (3, 12) else 1)'; then   python3 -m venv --system-site-packages /opt/autods-agent-venv;   /opt/autods-agent-venv/bin/python -m pip install --quiet --upgrade pip; else   curl -LsSf https://astral.sh/uv/install.sh | sh;   . "$HOME/.local/bin/env" 2>/dev/null || export PATH="$HOME/.local/bin:$PATH";   uv python install 3.12;   uv venv /opt/autods-agent-venv --python 3.12 --seed; fi; printf '%s\n' "$AUTODS_INSTALL_SPEC" | tr ' ' '\n' | sed '/^$/d' > /tmp/autods-install-req.txt; /opt/autods-agent-venv/bin/pip install -r /tmp/autods-install-req.txt
Trial openpoly-tg__sdS8APc failed: Agent setup timed out after 360.0 seconds
Collecting main service artifacts
Failed to download artifact '/workspace/submission.csv' from service 'main' (best-effort)
Traceback (most recent call last):
  File "/home/s_chumakov/.local/share/uv/python/cpython-3.12.11-linux-x86_64-gnu/lib/python3.12/asyncio/tasks.py", line 520, in wait_for
    return await fut
           ^^^^^^^^^
  File "/home/s_chumakov/.local/share/uv/tools/harbor/lib/python3.12/site-packages/harbor/agents/installed/base.py", line 953, in setup
    await self.install(environment)
  File "/home/s_chumakov/.local/share/uv/tools/harbor/lib/python3.12/site-packages/autods_harbor/agent.py", line 94, in install
    await self._install_autods(environment, spec)
  File "/home/s_chumakov/.local/share/uv/tools/harbor/lib/python3.12/site-packages/autods_harbor/agent.py", line 138, in _install_autods
    await self.exec_as_agent(environment, command=install, env={"AUTODS_INSTALL_SPEC": spec})
  File "/home/s_chumakov/.local/share/uv/tools/harbor/lib/python3.12/site-packages/harbor/agents/installed/base.py", line 898, in exec_as_agent
    return await self._exec(
           ^^^^^^^^^^^^^^^^^
  File "/home/s_chumakov/.local/share/uv/tools/harbor/lib/python3.12/site-packages/harbor/agents/installed/base.py", line 849, in _exec
    result = await environment.exec(
             ^^^^^^^^^^^^^^^^^^^^^^^
  File "/home/s_chumakov/.local/share/uv/tools/harbor/lib/python3.12/site-packages/harbor/environments/docker/docker.py", line 1101, in exec
    return await self._compose_exec(
           ^^^^^^^^^^^^^^^^^^^^^^^^^
  File "/home/s_chumakov/.local/share/uv/tools/harbor/lib/python3.12/site-packages/harbor/environments/docker/docker.py", line 1178, in _compose_exec
    return await self._run_docker_compose_command(
           ^^^^^^^^^^^^^^^^^^^^^^^^^^^^^^^^^^^^^^^
  File "/home/s_chumakov/.local/share/uv/tools/harbor/lib/python3.12/site-packages/harbor/environments/docker/docker.py", line 649, in _run_docker_compose_command
    result = await self._collect_buffered_output(
             ^^^^^^^^^^^^^^^^^^^^^^^^^^^^^^^^^^^^
  File "/home/s_chumakov/.local/share/uv/tools/harbor/lib/python3.12/site-packages/harbor/environments/docker/docker.py", line 679, in _collect_buffered_output
    stdout_bytes, stderr_bytes = await process.communicate(input=stdin_data)
                                 ^^^^^^^^^^^^^^^^^^^^^^^^^^^^^^^^^^^^^^^^^^^
  File "/home/s_chumakov/.local/share/uv/python/cpython-3.12.11-linux-x86_64-gnu/lib/python3.12/asyncio/subprocess.py", line 201, in communicate
    stdin, stdout, stderr = await tasks.gather(stdin, stdout, stderr)
                            ^^^^^^^^^^^^^^^^^^^^^^^^^^^^^^^^^^^^^^^^^
  File "/home/s_chumakov/.local/share/uv/python/cpython-3.12.11-linux-x86_64-gnu/lib/python3.12/asyncio/subprocess.py", line 181, in _read_stream
    output = await stream.read()
             ^^^^^^^^^^^^^^^^^^^
  File "/home/s_chumakov/.local/share/uv/python/cpython-3.12.11-linux-x86_64-gnu/lib/python3.12/asyncio/streams.py", line 706, in read
    block = await self.read(self._limit)
            ^^^^^^^^^^^^^^^^^^^^^^^^^^^^
  File "/home/s_chumakov/.local/share/uv/python/cpython-3.12.11-linux-x86_64-gnu/lib/python3.12/asyncio/streams.py", line 713, in read
    await self._wait_for_data('read')
  File "/home/s_chumakov/.local/share/uv/python/cpython-3.12.11-linux-x86_64-gnu/lib/python3.12/asyncio/streams.py", line 545, in _wait_for_data
    await self._waiter
asyncio.exceptions.CancelledError

The above exception was the direct cause of the following exception:

Traceback (most recent call last):
  File "/home/s_chumakov/.local/share/uv/tools/harbor/lib/python3.12/site-packages/harbor/trial/trial.py", line 1455, in _setup_agent
    await asyncio.wait_for(
  File "/home/s_chumakov/.local/share/uv/python/cpython-3.12.11-linux-x86_64-gnu/lib/python3.12/asyncio/tasks.py", line 519, in wait_for
    async with timeouts.timeout(timeout):
               ^^^^^^^^^^^^^^^^^^^^^^^^^
  File "/home/s_chumakov/.local/share/uv/python/cpython-3.12.11-linux-x86_64-gnu/lib/python3.12/asyncio/timeouts.py", line 115, in __aexit__
    raise TimeoutError from exc_val
TimeoutError

The above exception was the direct cause of the following exception:

Traceback (most recent call last):
  File "/home/s_chumakov/.local/share/uv/tools/harbor/lib/python3.12/site-packages/harbor/trial/trial.py", line 406, in run
    await self._prepare()
  File "/home/s_chumakov/.local/share/uv/tools/harbor/lib/python3.12/site-packages/harbor/trial/trial.py", line 450, in _prepare
    await self._setup_agent()
  File "/home/s_chumakov/.local/share/uv/tools/harbor/lib/python3.12/site-packages/harbor/trial/trial.py", line 1460, in _setup_agent
    raise AgentSetupTimeoutError(
harbor.trial.errors.AgentSetupTimeoutError: Agent setup timed out after 360.0 seconds

During handling of the above exception, another exception occurred:

Traceback (most recent call last):
  File "/home/s_chumakov/.local/share/uv/tools/harbor/lib/python3.12/site-packages/harbor/trial/artifact_handler.py", line 351, in _download_artifact
    await source_env.service_download_file(
  File "/home/s_chumakov/.local/share/uv/tools/harbor/lib/python3.12/site-packages/harbor/environments/docker/docker.py", line 1057, in service_download_file
    await self.download_file(source_path, target_path)
  File "/home/s_chumakov/.local/share/uv/tools/harbor/lib/python3.12/site-packages/harbor/environments/docker/docker.py", line 1042, in download_file
    await self._platform.download_file(source_path, target_path)
  File "/home/s_chumakov/.local/share/uv/tools/harbor/lib/python3.12/site-packages/harbor/environments/docker/docker_unix.py", line 185, in download_file
    await self._env._run_docker_compose_command(
  File "/home/s_chumakov/.local/share/uv/tools/harbor/lib/python3.12/site-packages/harbor/environments/docker/docker.py", line 656, in _run_docker_compose_command
    raise RuntimeError(
RuntimeError: Docker compose command failed for environment openpoly-tg. Command: docker compose --project-name openpoly-tg__sds8apc__env --project-directory /var/essdata/s_chumakov/automl-journal/runs/autods-tabred/harbor-tabred-adapter/datasets/cases/openpoly-tg/environment -f /tmp/tmp1usctit3/openpoly-tg__sdS8APc__env-docker-compose-resources.json -f /home/s_chumakov/.local/share/uv/tools/harbor/lib/python3.12/site-packages/harbor/environments/docker/docker-compose-build.yaml -f /tmp/tmptwg1i3a_/docker-compose-environment.json -f /tmp/tmpz1bo4i8h/docker-compose-mounts.json cp main:/workspace/submission.csv /var/essdata/s_chumakov/automl-journal/runs/autods-tabred/jobs/autods-cases-20260924-152108/openpoly-tg__sdS8APc/artifacts/workspace/submission.csv. Return code: 1. Stdout:  openpoly-tg__sds8apc__env-main-1 Copying openpoly-tg__sds8apc__env-main-1:/workspace/submission.csv to /var/essdata/s_chumakov/automl-journal/runs/autods-tabred/jobs/autods-cases-20260924-152108/openpoly-tg__sdS8APc/artifacts/workspace/submission.csv
Error response from daemon: Could not find the file /workspace/submission.csv in container 3dfd89e519dbfabbd35278a96a328d9b48ece682b89934474eca78e4ce10a32d
. Stderr: None. 
