Skipping image OS validation for hb__125d6e469991bf365f72af9ee99eefdd: docker inspect returned 1
Parser warnings: - Extra text detected before JSON object
- Extra text detected after JSON object
Trajectory dumped to /home/stas/Documents/GitHub/automl-journal/runs/autods-tabred/jobs/terminus-matched-20260828-105709/ecom-offers__oi6qKbQ/agent/trajectory.json
Parser warnings: - Extra text detected before JSON object
- Extra text detected after JSON object
Trajectory dumped to /home/stas/Documents/GitHub/automl-journal/runs/autods-tabred/jobs/terminus-matched-20260828-105709/ecom-offers__oi6qKbQ/agent/trajectory.json
Parser warnings: - Extra text detected before JSON object
- Extra text detected after JSON object
Trajectory dumped to /home/stas/Documents/GitHub/automl-journal/runs/autods-tabred/jobs/terminus-matched-20260828-105709/ecom-offers__oi6qKbQ/agent/trajectory.json
Parser warnings: - Extra text detected before JSON object
- Extra text detected after JSON object
Trajectory dumped to /home/stas/Documents/GitHub/automl-journal/runs/autods-tabred/jobs/terminus-matched-20260828-105709/ecom-offers__oi6qKbQ/agent/trajectory.json
Parser warnings: - Extra text detected before JSON object
- Extra text detected after JSON object
Trajectory dumped to /home/stas/Documents/GitHub/automl-journal/runs/autods-tabred/jobs/terminus-matched-20260828-105709/ecom-offers__oi6qKbQ/agent/trajectory.json
Parser warnings: - Extra text detected before JSON object
- Extra text detected after JSON object
Trajectory dumped to /home/stas/Documents/GitHub/automl-journal/runs/autods-tabred/jobs/terminus-matched-20260828-105709/ecom-offers__oi6qKbQ/agent/trajectory.json
Trajectory dumped to /home/stas/Documents/GitHub/automl-journal/runs/autods-tabred/jobs/terminus-matched-20260828-105709/ecom-offers__oi6qKbQ/agent/trajectory.json
Collecting main service artifacts
