   15.2s  peak   6.04 GB  read train+val: (325663, 696), pandas 1.69 GB, object cols 0
/usr/local/lib/python3.10/site-packages/hyperopt/atpe.py:19: UserWarning: pkg_resources is deprecated as an API. See https://setuptools.pypa.io/en/latest/pkg_resources.html. The pkg_resources package is slated for removal as early as 2025-11-30. Refrain from using this package or pin to Setuptools<81.
  import pkg_resources
2026-09-22 10:22:01,395 - TableTypesCorrector - Preprocessing defines the following columns as categorical: [ 22  24  27  29  31  33  48  81  82  83 109 110 123 147 223 224 225 226
 227 228 229 256 257 258 295 296 299 300 303 304 349 369 381 404 405 408
 409 412 413 420 421 424 425 428 430 431 456 458 459 460 462 463 464 465
 466 509 510 511 512 515 516 517 523 561 562 569 570 571 572 573 574 575
 580 581 582 583 584 585 586 587 588 589 591 592 593 594 595 596 597 598
 599 600 601 602 603 604 605 606 607 608 609 610 611 612 613 614 615 616
 617 618 619 620 621 622 623 624 625 626 627 628 629 630 631 632 633 636
 637 638 639 640 641 642 644 645 646 649 650 651 652 653 654 655 656 657
 658 659 660 661]
  284.7s  peak  16.95 GB  define_data: features (325663, 662) dtype object
categorical idx: 148
categorical inspect failed: The truth value of an array with more than one element is ambiguous. Use a.any() or a.all()
2026-09-22 10:23:36.493420: I tensorflow/core/util/port.cc:153] oneDNN custom operations are on. You may see slightly different numerical results due to floating-point round-off errors from different computation orders. To turn them off, set the environment variable `TF_ENABLE_ONEDNN_OPTS=0`.
2026-09-22 10:23:36.534976: I tensorflow/core/platform/cpu_feature_guard.cc:210] This TensorFlow binary is optimized to use available CPU instructions in performance-critical operations.
To enable the following instructions: AVX2 AVX512F AVX512_VNNI AVX512_BF16 AVX512_FP16 AVX_VNNI AMX_TILE AMX_INT8 AMX_BF16 FMA, in other operations, rebuild TensorFlow with the appropriate compiler flags.
2026-09-22 10:23:38.636787: I tensorflow/core/util/port.cc:153] oneDNN custom operations are on. You may see slightly different numerical results due to floating-point round-off errors from different computation orders. To turn them off, set the environment variable `TF_ENABLE_ONEDNN_OPTS=0`.
2026-09-22 10:23:38.637318: I external/local_xla/xla/tsl/cuda/cudart_stub.cc:31] Could not find cuda drivers on your machine, GPU will not be used.
  701.9s  peak  24.54 GB  fit scaling->rf(5 trees) incl. pipeline preprocessing
preprocessor state: DataPreprocessor
EXIT=0
