Skipping image OS validation for hb__77111a4a6abf361e6d3373aaa4cde0af: docker inspect returned 1
Parser warnings: - Extra text detected before JSON object
- Extra text detected after JSON object
Trajectory dumped to /var/essdata/s_chumakov/automl-journal/runs/autods-tabred/jobs/terminus-cases-20260910-100938/fdata-exit__norbcbv/agent/trajectory.json
Parser warnings: - Extra text detected before JSON object
- Extra text detected after JSON object
Trajectory dumped to /var/essdata/s_chumakov/automl-journal/runs/autods-tabred/jobs/terminus-cases-20260910-100938/fdata-exit__norbcbv/agent/trajectory.json
Parser warnings: - Extra text detected before JSON object
- Extra text detected after JSON object
Trajectory dumped to /var/essdata/s_chumakov/automl-journal/runs/autods-tabred/jobs/terminus-cases-20260910-100938/fdata-exit__norbcbv/agent/trajectory.json
Parser warnings: - Extra text detected before JSON object
- Extra text detected after JSON object
Trajectory dumped to /var/essdata/s_chumakov/automl-journal/runs/autods-tabred/jobs/terminus-cases-20260910-100938/fdata-exit__norbcbv/agent/trajectory.json
Parser warnings: - Extra text detected before JSON object
- Extra text detected after JSON object
Trajectory dumped to /var/essdata/s_chumakov/automl-journal/runs/autods-tabred/jobs/terminus-cases-20260910-100938/fdata-exit__norbcbv/agent/trajectory.json
Parser warnings: - Extra text detected before JSON object
- Extra text detected after JSON object
Trajectory dumped to /var/essdata/s_chumakov/automl-journal/runs/autods-tabred/jobs/terminus-cases-20260910-100938/fdata-exit__norbcbv/agent/trajectory.json
Parser warnings: - Extra text detected before JSON object
- Extra text detected after JSON object
Trajectory dumped to /var/essdata/s_chumakov/automl-journal/runs/autods-tabred/jobs/terminus-cases-20260910-100938/fdata-exit__norbcbv/agent/trajectory.json
Parser warnings: - Extra text detected before JSON object
- Extra text detected after JSON object
Trajectory dumped to /var/essdata/s_chumakov/automl-journal/runs/autods-tabred/jobs/terminus-cases-20260910-100938/fdata-exit__norbcbv/agent/trajectory.json
Parser warnings: - Extra text detected before JSON object
- Extra text detected after JSON object
Trajectory dumped to /var/essdata/s_chumakov/automl-journal/runs/autods-tabred/jobs/terminus-cases-20260910-100938/fdata-exit__norbcbv/agent/trajectory.json
Trajectory dumped to /var/essdata/s_chumakov/automl-journal/runs/autods-tabred/jobs/terminus-cases-20260910-100938/fdata-exit__norbcbv/agent/trajectory.json
Collecting main service artifacts
Failed to download artifact '/workspace/submission.csv' from service 'main' (best-effort)
Traceback (most recent call last):
  File "/home/s_chumakov/.local/share/uv/tools/harbor/lib/python3.12/site-packages/harbor/trial/artifact_handler.py", line 351, in _download_artifact
    await source_env.service_download_file(
  File "/home/s_chumakov/.local/share/uv/tools/harbor/lib/python3.12/site-packages/harbor/environments/docker/docker.py", line 1057, in service_download_file
    await self.download_file(source_path, target_path)
  File "/home/s_chumakov/.local/share/uv/tools/harbor/lib/python3.12/site-packages/harbor/environments/docker/docker.py", line 1042, in download_file
    await self._platform.download_file(source_path, target_path)
  File "/home/s_chumakov/.local/share/uv/tools/harbor/lib/python3.12/site-packages/harbor/environments/docker/docker_unix.py", line 185, in download_file
    await self._env._run_docker_compose_command(
  File "/home/s_chumakov/.local/share/uv/tools/harbor/lib/python3.12/site-packages/harbor/environments/docker/docker.py", line 656, in _run_docker_compose_command
    raise RuntimeError(
RuntimeError: Docker compose command failed for environment fdata-exit. Command: docker compose --project-name fdata-exit__norbcbv__env --project-directory /var/essdata/s_chumakov/automl-journal/runs/autods-tabred/harbor-tabred-adapter/datasets/cases/fdata-exit/environment -f /tmp/tmpmumm6tdf/fdata-exit__norbcbv__env-docker-compose-resources.json -f /home/s_chumakov/.local/share/uv/tools/harbor/lib/python3.12/site-packages/harbor/environments/docker/docker-compose-build.yaml -f /tmp/tmpn_46rvic/docker-compose-environment.json -f /tmp/tmpaktm8q5f/docker-compose-mounts.json cp main:/workspace/submission.csv /var/essdata/s_chumakov/automl-journal/runs/autods-tabred/jobs/terminus-cases-20260910-100938/fdata-exit__norbcbv/artifacts/workspace/submission.csv. Return code: 1. Stdout:  fdata-exit__norbcbv__env-main-1 Copying fdata-exit__norbcbv__env-main-1:/workspace/submission.csv to /var/essdata/s_chumakov/automl-journal/runs/autods-tabred/jobs/terminus-cases-20260910-100938/fdata-exit__norbcbv/artifacts/workspace/submission.csv
Error response from daemon: Could not find the file /workspace/submission.csv in container d56fd897e745bfc8a3475ab2d7bf043a705a1533b612495becd18c1160c651bf
. Stderr: None. 
Trial fdata-exit__norbcbv failed: 2 validation errors for VerifierResult
rewards.error.float
  Input should be a valid number, unable to parse string as a number [type=float_parsing, input_value="read failed: [Errno 2] N...rkspace/submission.csv'", input_type=str]
    For further information visit https://errors.pydantic.dev/2.13/v/float_parsing
rewards.error.int
  Input should be a valid integer, unable to parse string as an integer [type=int_parsing, input_value="read failed: [Errno 2] N...rkspace/submission.csv'", input_type=str]
    For further information visit https://errors.pydantic.dev/2.13/v/int_parsing
