Skipping image OS validation for hb__fe87ed56be4ccc47d6527e641c3270f3: docker inspect returned 1
Skipping image OS validation for hb__510af71948abf0411e34a4fffcdcc268: docker inspect returned 1
Skipping image OS validation for hb__cdeb1b31d9d574133ed516844dac0264: docker inspect returned 1
Skipping image OS validation for hb__bedbcf202e03f615e42812f0f64f327f: docker inspect returned 1
Running command: command -v autods-harbor >/dev/null 2>&1
Running command: command -v autods-harbor >/dev/null 2>&1
Running command: command -v autods-harbor >/dev/null 2>&1
Running command: command -v autods-harbor >/dev/null 2>&1
Command failed
Running command: if ! command -v curl >/dev/null 2>&1; then   (apt-get update && apt-get install -y curl)   || apk add --no-cache curl   || (yum install -y curl) || true; fi
Command failed
Running command: if ! command -v curl >/dev/null 2>&1; then   (apt-get update && apt-get install -y curl)   || apk add --no-cache curl   || (yum install -y curl) || true; fi
Command failed
Running command: if ! command -v curl >/dev/null 2>&1; then   (apt-get update && apt-get install -y curl)   || apk add --no-cache curl   || (yum install -y curl) || true; fi
Command failed
Running command: if ! command -v curl >/dev/null 2>&1; then   (apt-get update && apt-get install -y curl)   || apk add --no-cache curl   || (yum install -y curl) || true; fi
Command outputs captured
Running command: mkdir -p /opt/autods-agent-venv && chown -R $(id -u):$(id -g) /opt/autods-agent-venv
Command outputs captured
Running command: mkdir -p /opt/autods-agent-venv && chown -R $(id -u):$(id -g) /opt/autods-agent-venv
Command outputs captured
Running command: mkdir -p /opt/autods-agent-venv && chown -R $(id -u):$(id -g) /opt/autods-agent-venv
Command outputs captured
Running command: mkdir -p /opt/autods-agent-venv && chown -R $(id -u):$(id -g) /opt/autods-agent-venv
Command outputs captured
Running command: set -e; if python3 -c 'import sys; raise SystemExit(0 if sys.version_info >= (3, 12) else 1)'; then   python3 -m venv --system-site-packages /opt/autods-agent-venv;   /opt/autods-agent-venv/bin/python -m pip install --quiet --upgrade pip; else   curl -LsSf https://astral.sh/uv/install.sh | sh;   . "$HOME/.local/bin/env" 2>/dev/null || export PATH="$HOME/.local/bin:$PATH";   uv python install 3.12;   uv venv /opt/autods-agent-venv --python 3.12 --seed; fi; printf '%s\n' "$AUTODS_INSTALL_SPEC" | tr ' ' '\n' | sed '/^$/d' > /tmp/autods-install-req.txt; /opt/autods-agent-venv/bin/pip install -r /tmp/autods-install-req.txt
Command outputs captured
Running command: set -e; if python3 -c 'import sys; raise SystemExit(0 if sys.version_info >= (3, 12) else 1)'; then   python3 -m venv --system-site-packages /opt/autods-agent-venv;   /opt/autods-agent-venv/bin/python -m pip install --quiet --upgrade pip; else   curl -LsSf https://astral.sh/uv/install.sh | sh;   . "$HOME/.local/bin/env" 2>/dev/null || export PATH="$HOME/.local/bin:$PATH";   uv python install 3.12;   uv venv /opt/autods-agent-venv --python 3.12 --seed; fi; printf '%s\n' "$AUTODS_INSTALL_SPEC" | tr ' ' '\n' | sed '/^$/d' > /tmp/autods-install-req.txt; /opt/autods-agent-venv/bin/pip install -r /tmp/autods-install-req.txt
Command outputs captured
Running command: set -e; if python3 -c 'import sys; raise SystemExit(0 if sys.version_info >= (3, 12) else 1)'; then   python3 -m venv --system-site-packages /opt/autods-agent-venv;   /opt/autods-agent-venv/bin/python -m pip install --quiet --upgrade pip; else   curl -LsSf https://astral.sh/uv/install.sh | sh;   . "$HOME/.local/bin/env" 2>/dev/null || export PATH="$HOME/.local/bin:$PATH";   uv python install 3.12;   uv venv /opt/autods-agent-venv --python 3.12 --seed; fi; printf '%s\n' "$AUTODS_INSTALL_SPEC" | tr ' ' '\n' | sed '/^$/d' > /tmp/autods-install-req.txt; /opt/autods-agent-venv/bin/pip install -r /tmp/autods-install-req.txt
Command outputs captured
Running command: set -e; if python3 -c 'import sys; raise SystemExit(0 if sys.version_info >= (3, 12) else 1)'; then   python3 -m venv --system-site-packages /opt/autods-agent-venv;   /opt/autods-agent-venv/bin/python -m pip install --quiet --upgrade pip; else   curl -LsSf https://astral.sh/uv/install.sh | sh;   . "$HOME/.local/bin/env" 2>/dev/null || export PATH="$HOME/.local/bin:$PATH";   uv python install 3.12;   uv venv /opt/autods-agent-venv --python 3.12 --seed; fi; printf '%s\n' "$AUTODS_INSTALL_SPEC" | tr ' ' '\n' | sed '/^$/d' > /tmp/autods-install-req.txt; /opt/autods-agent-venv/bin/pip install -r /tmp/autods-install-req.txt
Command outputs captured
Running command: ln -sf /opt/autods-agent-venv/bin/autods-harbor /usr/local/bin/autods-harbor
Command outputs captured
Command outputs captured
Running command: ln -sf /opt/autods-agent-venv/bin/autods-harbor /usr/local/bin/autods-harbor
Command outputs captured
Running command: autods-harbor --instruction-file /installed-agent/instruction.md --workspace /app --trace-out /logs/agent/autods_trace.json 2>&1 | stdbuf -oL tee /logs/agent/autods.log
Running command: autods-harbor --instruction-file /installed-agent/instruction.md --workspace /app --trace-out /logs/agent/autods_trace.json 2>&1 | stdbuf -oL tee /logs/agent/autods.log
Command outputs captured
Running command: ln -sf /opt/autods-agent-venv/bin/autods-harbor /usr/local/bin/autods-harbor
Command outputs captured
Running command: autods-harbor --instruction-file /installed-agent/instruction.md --workspace /app --trace-out /logs/agent/autods_trace.json 2>&1 | stdbuf -oL tee /logs/agent/autods.log
Command outputs captured
Running command: ln -sf /opt/autods-agent-venv/bin/autods-harbor /usr/local/bin/autods-harbor
Command outputs captured
Running command: autods-harbor --instruction-file /installed-agent/instruction.md --workspace /app --trace-out /logs/agent/autods_trace.json 2>&1 | stdbuf -oL tee /logs/agent/autods.log
Command outputs captured
Collecting main service artifacts
Command outputs captured
Collecting main service artifacts
Skipping image OS validation for hb__a68bb1b9a885efa968f3bdbbe5d805f3: docker inspect returned 1
Running command: command -v autods-harbor >/dev/null 2>&1
Command failed
Running command: if ! command -v curl >/dev/null 2>&1; then   (apt-get update && apt-get install -y curl)   || apk add --no-cache curl   || (yum install -y curl) || true; fi
Command outputs captured
Running command: mkdir -p /opt/autods-agent-venv && chown -R $(id -u):$(id -g) /opt/autods-agent-venv
Command outputs captured
Running command: set -e; if python3 -c 'import sys; raise SystemExit(0 if sys.version_info >= (3, 12) else 1)'; then   python3 -m venv --system-site-packages /opt/autods-agent-venv;   /opt/autods-agent-venv/bin/python -m pip install --quiet --upgrade pip; else   curl -LsSf https://astral.sh/uv/install.sh | sh;   . "$HOME/.local/bin/env" 2>/dev/null || export PATH="$HOME/.local/bin:$PATH";   uv python install 3.12;   uv venv /opt/autods-agent-venv --python 3.12 --seed; fi; printf '%s\n' "$AUTODS_INSTALL_SPEC" | tr ' ' '\n' | sed '/^$/d' > /tmp/autods-install-req.txt; /opt/autods-agent-venv/bin/pip install -r /tmp/autods-install-req.txt
Skipping image OS validation for hb__1555665de9382897e5b671202cdfec67: docker inspect returned 1
Running command: command -v autods-harbor >/dev/null 2>&1
Command failed
Running command: if ! command -v curl >/dev/null 2>&1; then   (apt-get update && apt-get install -y curl)   || apk add --no-cache curl   || (yum install -y curl) || true; fi
Command outputs captured
Running command: mkdir -p /opt/autods-agent-venv && chown -R $(id -u):$(id -g) /opt/autods-agent-venv
Command outputs captured
Running command: set -e; if python3 -c 'import sys; raise SystemExit(0 if sys.version_info >= (3, 12) else 1)'; then   python3 -m venv --system-site-packages /opt/autods-agent-venv;   /opt/autods-agent-venv/bin/python -m pip install --quiet --upgrade pip; else   curl -LsSf https://astral.sh/uv/install.sh | sh;   . "$HOME/.local/bin/env" 2>/dev/null || export PATH="$HOME/.local/bin:$PATH";   uv python install 3.12;   uv venv /opt/autods-agent-venv --python 3.12 --seed; fi; printf '%s\n' "$AUTODS_INSTALL_SPEC" | tr ' ' '\n' | sed '/^$/d' > /tmp/autods-install-req.txt; /opt/autods-agent-venv/bin/pip install -r /tmp/autods-install-req.txt
Command outputs captured
Collecting main service artifacts
Skipping image OS validation for hb__c1e077a1b126740b5b97886b4c84a2bb: docker inspect returned 1
Running command: command -v autods-harbor >/dev/null 2>&1
Command failed
Running command: if ! command -v curl >/dev/null 2>&1; then   (apt-get update && apt-get install -y curl)   || apk add --no-cache curl   || (yum install -y curl) || true; fi
Command outputs captured
Running command: mkdir -p /opt/autods-agent-venv && chown -R $(id -u):$(id -g) /opt/autods-agent-venv
Command outputs captured
Running command: set -e; if python3 -c 'import sys; raise SystemExit(0 if sys.version_info >= (3, 12) else 1)'; then   python3 -m venv --system-site-packages /opt/autods-agent-venv;   /opt/autods-agent-venv/bin/python -m pip install --quiet --upgrade pip; else   curl -LsSf https://astral.sh/uv/install.sh | sh;   . "$HOME/.local/bin/env" 2>/dev/null || export PATH="$HOME/.local/bin:$PATH";   uv python install 3.12;   uv venv /opt/autods-agent-venv --python 3.12 --seed; fi; printf '%s\n' "$AUTODS_INSTALL_SPEC" | tr ' ' '\n' | sed '/^$/d' > /tmp/autods-install-req.txt; /opt/autods-agent-venv/bin/pip install -r /tmp/autods-install-req.txt
Command outputs captured
Running command: ln -sf /opt/autods-agent-venv/bin/autods-harbor /usr/local/bin/autods-harbor
Command outputs captured
Running command: autods-harbor --instruction-file /installed-agent/instruction.md --workspace /app --trace-out /logs/agent/autods_trace.json 2>&1 | stdbuf -oL tee /logs/agent/autods.log
Command outputs captured
Running command: ln -sf /opt/autods-agent-venv/bin/autods-harbor /usr/local/bin/autods-harbor
Command outputs captured
Running command: autods-harbor --instruction-file /installed-agent/instruction.md --workspace /app --trace-out /logs/agent/autods_trace.json 2>&1 | stdbuf -oL tee /logs/agent/autods.log
Command outputs captured
Running command: ln -sf /opt/autods-agent-venv/bin/autods-harbor /usr/local/bin/autods-harbor
Command outputs captured
Running command: autods-harbor --instruction-file /installed-agent/instruction.md --workspace /app --trace-out /logs/agent/autods_trace.json 2>&1 | stdbuf -oL tee /logs/agent/autods.log
Command outputs captured
Collecting main service artifacts
Skipping image OS validation for hb__a17abc1fec03fe69f280527c03c41533: docker inspect returned 1
Running command: command -v autods-harbor >/dev/null 2>&1
Command failed
Running command: if ! command -v curl >/dev/null 2>&1; then   (apt-get update && apt-get install -y curl)   || apk add --no-cache curl   || (yum install -y curl) || true; fi
Command outputs captured
Running command: mkdir -p /opt/autods-agent-venv && chown -R $(id -u):$(id -g) /opt/autods-agent-venv
Command outputs captured
Running command: set -e; if python3 -c 'import sys; raise SystemExit(0 if sys.version_info >= (3, 12) else 1)'; then   python3 -m venv --system-site-packages /opt/autods-agent-venv;   /opt/autods-agent-venv/bin/python -m pip install --quiet --upgrade pip; else   curl -LsSf https://astral.sh/uv/install.sh | sh;   . "$HOME/.local/bin/env" 2>/dev/null || export PATH="$HOME/.local/bin:$PATH";   uv python install 3.12;   uv venv /opt/autods-agent-venv --python 3.12 --seed; fi; printf '%s\n' "$AUTODS_INSTALL_SPEC" | tr ' ' '\n' | sed '/^$/d' > /tmp/autods-install-req.txt; /opt/autods-agent-venv/bin/pip install -r /tmp/autods-install-req.txt
Command outputs captured
Collecting main service artifacts
Command outputs captured
Collecting main service artifacts
Skipping image OS validation for hb__cdeb1b31d9d574133ed516844dac0264: docker inspect returned 1
Command outputs captured
Running command: ln -sf /opt/autods-agent-venv/bin/autods-harbor /usr/local/bin/autods-harbor
Command outputs captured
Running command: autods-harbor --instruction-file /installed-agent/instruction.md --workspace /app --trace-out /logs/agent/autods_trace.json 2>&1 | stdbuf -oL tee /logs/agent/autods.log
Running command: command -v autods-harbor >/dev/null 2>&1
Command failed
Running command: if ! command -v curl >/dev/null 2>&1; then   (apt-get update && apt-get install -y curl)   || apk add --no-cache curl   || (yum install -y curl) || true; fi
Command outputs captured
Running command: mkdir -p /opt/autods-agent-venv && chown -R $(id -u):$(id -g) /opt/autods-agent-venv
Command outputs captured
Running command: set -e; if python3 -c 'import sys; raise SystemExit(0 if sys.version_info >= (3, 12) else 1)'; then   python3 -m venv --system-site-packages /opt/autods-agent-venv;   /opt/autods-agent-venv/bin/python -m pip install --quiet --upgrade pip; else   curl -LsSf https://astral.sh/uv/install.sh | sh;   . "$HOME/.local/bin/env" 2>/dev/null || export PATH="$HOME/.local/bin:$PATH";   uv python install 3.12;   uv venv /opt/autods-agent-venv --python 3.12 --seed; fi; printf '%s\n' "$AUTODS_INSTALL_SPEC" | tr ' ' '\n' | sed '/^$/d' > /tmp/autods-install-req.txt; /opt/autods-agent-venv/bin/pip install -r /tmp/autods-install-req.txt
Skipping image OS validation for hb__510af71948abf0411e34a4fffcdcc268: docker inspect returned 1
Running command: command -v autods-harbor >/dev/null 2>&1
Command failed
Running command: if ! command -v curl >/dev/null 2>&1; then   (apt-get update && apt-get install -y curl)   || apk add --no-cache curl   || (yum install -y curl) || true; fi
Command outputs captured
Running command: mkdir -p /opt/autods-agent-venv && chown -R $(id -u):$(id -g) /opt/autods-agent-venv
Command outputs captured
Running command: set -e; if python3 -c 'import sys; raise SystemExit(0 if sys.version_info >= (3, 12) else 1)'; then   python3 -m venv --system-site-packages /opt/autods-agent-venv;   /opt/autods-agent-venv/bin/python -m pip install --quiet --upgrade pip; else   curl -LsSf https://astral.sh/uv/install.sh | sh;   . "$HOME/.local/bin/env" 2>/dev/null || export PATH="$HOME/.local/bin:$PATH";   uv python install 3.12;   uv venv /opt/autods-agent-venv --python 3.12 --seed; fi; printf '%s\n' "$AUTODS_INSTALL_SPEC" | tr ' ' '\n' | sed '/^$/d' > /tmp/autods-install-req.txt; /opt/autods-agent-venv/bin/pip install -r /tmp/autods-install-req.txt
Command outputs captured
Collecting main service artifacts
Command outputs captured
Running command: ln -sf /opt/autods-agent-venv/bin/autods-harbor /usr/local/bin/autods-harbor
Command outputs captured
Running command: autods-harbor --instruction-file /installed-agent/instruction.md --workspace /app --trace-out /logs/agent/autods_trace.json 2>&1 | stdbuf -oL tee /logs/agent/autods.log
Skipping image OS validation for hb__bedbcf202e03f615e42812f0f64f327f: docker inspect returned 1
Running command: command -v autods-harbor >/dev/null 2>&1
Command failed
Running command: if ! command -v curl >/dev/null 2>&1; then   (apt-get update && apt-get install -y curl)   || apk add --no-cache curl   || (yum install -y curl) || true; fi
Command outputs captured
Running command: mkdir -p /opt/autods-agent-venv && chown -R $(id -u):$(id -g) /opt/autods-agent-venv
Command outputs captured
Running command: set -e; if python3 -c 'import sys; raise SystemExit(0 if sys.version_info >= (3, 12) else 1)'; then   python3 -m venv --system-site-packages /opt/autods-agent-venv;   /opt/autods-agent-venv/bin/python -m pip install --quiet --upgrade pip; else   curl -LsSf https://astral.sh/uv/install.sh | sh;   . "$HOME/.local/bin/env" 2>/dev/null || export PATH="$HOME/.local/bin:$PATH";   uv python install 3.12;   uv venv /opt/autods-agent-venv --python 3.12 --seed; fi; printf '%s\n' "$AUTODS_INSTALL_SPEC" | tr ' ' '\n' | sed '/^$/d' > /tmp/autods-install-req.txt; /opt/autods-agent-venv/bin/pip install -r /tmp/autods-install-req.txt
Command outputs captured
Running command: ln -sf /opt/autods-agent-venv/bin/autods-harbor /usr/local/bin/autods-harbor
Command outputs captured
Running command: autods-harbor --instruction-file /installed-agent/instruction.md --workspace /app --trace-out /logs/agent/autods_trace.json 2>&1 | stdbuf -oL tee /logs/agent/autods.log
Command outputs captured
Running command: ln -sf /opt/autods-agent-venv/bin/autods-harbor /usr/local/bin/autods-harbor
Command outputs captured
Running command: autods-harbor --instruction-file /installed-agent/instruction.md --workspace /app --trace-out /logs/agent/autods_trace.json 2>&1 | stdbuf -oL tee /logs/agent/autods.log
Command outputs captured
Collecting main service artifacts
Skipping image OS validation for hb__fe87ed56be4ccc47d6527e641c3270f3: docker inspect returned 1
Running command: command -v autods-harbor >/dev/null 2>&1
Command failed
Running command: if ! command -v curl >/dev/null 2>&1; then   (apt-get update && apt-get install -y curl)   || apk add --no-cache curl   || (yum install -y curl) || true; fi
Command outputs captured
Running command: mkdir -p /opt/autods-agent-venv && chown -R $(id -u):$(id -g) /opt/autods-agent-venv
Command outputs captured
Running command: set -e; if python3 -c 'import sys; raise SystemExit(0 if sys.version_info >= (3, 12) else 1)'; then   python3 -m venv --system-site-packages /opt/autods-agent-venv;   /opt/autods-agent-venv/bin/python -m pip install --quiet --upgrade pip; else   curl -LsSf https://astral.sh/uv/install.sh | sh;   . "$HOME/.local/bin/env" 2>/dev/null || export PATH="$HOME/.local/bin:$PATH";   uv python install 3.12;   uv venv /opt/autods-agent-venv --python 3.12 --seed; fi; printf '%s\n' "$AUTODS_INSTALL_SPEC" | tr ' ' '\n' | sed '/^$/d' > /tmp/autods-install-req.txt; /opt/autods-agent-venv/bin/pip install -r /tmp/autods-install-req.txt
Command outputs captured
Collecting main service artifacts
Command outputs captured
Running command: ln -sf /opt/autods-agent-venv/bin/autods-harbor /usr/local/bin/autods-harbor
Command outputs captured
Running command: autods-harbor --instruction-file /installed-agent/instruction.md --workspace /app --trace-out /logs/agent/autods_trace.json 2>&1 | stdbuf -oL tee /logs/agent/autods.log
Skipping image OS validation for hb__a68bb1b9a885efa968f3bdbbe5d805f3: docker inspect returned 1
Running command: command -v autods-harbor >/dev/null 2>&1
Command failed
Running command: if ! command -v curl >/dev/null 2>&1; then   (apt-get update && apt-get install -y curl)   || apk add --no-cache curl   || (yum install -y curl) || true; fi
Command outputs captured
Running command: mkdir -p /opt/autods-agent-venv && chown -R $(id -u):$(id -g) /opt/autods-agent-venv
Command outputs captured
Running command: set -e; if python3 -c 'import sys; raise SystemExit(0 if sys.version_info >= (3, 12) else 1)'; then   python3 -m venv --system-site-packages /opt/autods-agent-venv;   /opt/autods-agent-venv/bin/python -m pip install --quiet --upgrade pip; else   curl -LsSf https://astral.sh/uv/install.sh | sh;   . "$HOME/.local/bin/env" 2>/dev/null || export PATH="$HOME/.local/bin:$PATH";   uv python install 3.12;   uv venv /opt/autods-agent-venv --python 3.12 --seed; fi; printf '%s\n' "$AUTODS_INSTALL_SPEC" | tr ' ' '\n' | sed '/^$/d' > /tmp/autods-install-req.txt; /opt/autods-agent-venv/bin/pip install -r /tmp/autods-install-req.txt
Command outputs captured
Running command: ln -sf /opt/autods-agent-venv/bin/autods-harbor /usr/local/bin/autods-harbor
Command outputs captured
Running command: autods-harbor --instruction-file /installed-agent/instruction.md --workspace /app --trace-out /logs/agent/autods_trace.json 2>&1 | stdbuf -oL tee /logs/agent/autods.log
Command outputs captured
Collecting main service artifacts
Skipping image OS validation for hb__1555665de9382897e5b671202cdfec67: docker inspect returned 1
Running command: command -v autods-harbor >/dev/null 2>&1
Command failed
Running command: if ! command -v curl >/dev/null 2>&1; then   (apt-get update && apt-get install -y curl)   || apk add --no-cache curl   || (yum install -y curl) || true; fi
Command outputs captured
Running command: mkdir -p /opt/autods-agent-venv && chown -R $(id -u):$(id -g) /opt/autods-agent-venv
Command outputs captured
Running command: set -e; if python3 -c 'import sys; raise SystemExit(0 if sys.version_info >= (3, 12) else 1)'; then   python3 -m venv --system-site-packages /opt/autods-agent-venv;   /opt/autods-agent-venv/bin/python -m pip install --quiet --upgrade pip; else   curl -LsSf https://astral.sh/uv/install.sh | sh;   . "$HOME/.local/bin/env" 2>/dev/null || export PATH="$HOME/.local/bin:$PATH";   uv python install 3.12;   uv venv /opt/autods-agent-venv --python 3.12 --seed; fi; printf '%s\n' "$AUTODS_INSTALL_SPEC" | tr ' ' '\n' | sed '/^$/d' > /tmp/autods-install-req.txt; /opt/autods-agent-venv/bin/pip install -r /tmp/autods-install-req.txt
Command outputs captured
Running command: ln -sf /opt/autods-agent-venv/bin/autods-harbor /usr/local/bin/autods-harbor
Command outputs captured
Running command: autods-harbor --instruction-file /installed-agent/instruction.md --workspace /app --trace-out /logs/agent/autods_trace.json 2>&1 | stdbuf -oL tee /logs/agent/autods.log
Command outputs captured
Collecting main service artifacts
Skipping image OS validation for hb__c1e077a1b126740b5b97886b4c84a2bb: docker inspect returned 1
Running command: command -v autods-harbor >/dev/null 2>&1
Command failed
Running command: if ! command -v curl >/dev/null 2>&1; then   (apt-get update && apt-get install -y curl)   || apk add --no-cache curl   || (yum install -y curl) || true; fi
Command outputs captured
Running command: mkdir -p /opt/autods-agent-venv && chown -R $(id -u):$(id -g) /opt/autods-agent-venv
Command outputs captured
Running command: set -e; if python3 -c 'import sys; raise SystemExit(0 if sys.version_info >= (3, 12) else 1)'; then   python3 -m venv --system-site-packages /opt/autods-agent-venv;   /opt/autods-agent-venv/bin/python -m pip install --quiet --upgrade pip; else   curl -LsSf https://astral.sh/uv/install.sh | sh;   . "$HOME/.local/bin/env" 2>/dev/null || export PATH="$HOME/.local/bin:$PATH";   uv python install 3.12;   uv venv /opt/autods-agent-venv --python 3.12 --seed; fi; printf '%s\n' "$AUTODS_INSTALL_SPEC" | tr ' ' '\n' | sed '/^$/d' > /tmp/autods-install-req.txt; /opt/autods-agent-venv/bin/pip install -r /tmp/autods-install-req.txt
Command outputs captured
Running command: ln -sf /opt/autods-agent-venv/bin/autods-harbor /usr/local/bin/autods-harbor
Command outputs captured
Running command: autods-harbor --instruction-file /installed-agent/instruction.md --workspace /app --trace-out /logs/agent/autods_trace.json 2>&1 | stdbuf -oL tee /logs/agent/autods.log
Command outputs captured
Collecting main service artifacts
Skipping image OS validation for hb__a17abc1fec03fe69f280527c03c41533: docker inspect returned 1
Running command: command -v autods-harbor >/dev/null 2>&1
Command failed
Running command: if ! command -v curl >/dev/null 2>&1; then   (apt-get update && apt-get install -y curl)   || apk add --no-cache curl   || (yum install -y curl) || true; fi
Command outputs captured
Running command: mkdir -p /opt/autods-agent-venv && chown -R $(id -u):$(id -g) /opt/autods-agent-venv
Command outputs captured
Running command: set -e; if python3 -c 'import sys; raise SystemExit(0 if sys.version_info >= (3, 12) else 1)'; then   python3 -m venv --system-site-packages /opt/autods-agent-venv;   /opt/autods-agent-venv/bin/python -m pip install --quiet --upgrade pip; else   curl -LsSf https://astral.sh/uv/install.sh | sh;   . "$HOME/.local/bin/env" 2>/dev/null || export PATH="$HOME/.local/bin:$PATH";   uv python install 3.12;   uv venv /opt/autods-agent-venv --python 3.12 --seed; fi; printf '%s\n' "$AUTODS_INSTALL_SPEC" | tr ' ' '\n' | sed '/^$/d' > /tmp/autods-install-req.txt; /opt/autods-agent-venv/bin/pip install -r /tmp/autods-install-req.txt
Command outputs captured
Running command: ln -sf /opt/autods-agent-venv/bin/autods-harbor /usr/local/bin/autods-harbor
Command outputs captured
Running command: autods-harbor --instruction-file /installed-agent/instruction.md --workspace /app --trace-out /logs/agent/autods_trace.json 2>&1 | stdbuf -oL tee /logs/agent/autods.log
Command outputs captured
Collecting main service artifacts
Skipping image OS validation for hb__cdeb1b31d9d574133ed516844dac0264: docker inspect returned 1
Running command: command -v autods-harbor >/dev/null 2>&1
Command failed
Running command: if ! command -v curl >/dev/null 2>&1; then   (apt-get update && apt-get install -y curl)   || apk add --no-cache curl   || (yum install -y curl) || true; fi
Command outputs captured
Running command: mkdir -p /opt/autods-agent-venv && chown -R $(id -u):$(id -g) /opt/autods-agent-venv
Command outputs captured
Running command: set -e; if python3 -c 'import sys; raise SystemExit(0 if sys.version_info >= (3, 12) else 1)'; then   python3 -m venv --system-site-packages /opt/autods-agent-venv;   /opt/autods-agent-venv/bin/python -m pip install --quiet --upgrade pip; else   curl -LsSf https://astral.sh/uv/install.sh | sh;   . "$HOME/.local/bin/env" 2>/dev/null || export PATH="$HOME/.local/bin:$PATH";   uv python install 3.12;   uv venv /opt/autods-agent-venv --python 3.12 --seed; fi; printf '%s\n' "$AUTODS_INSTALL_SPEC" | tr ' ' '\n' | sed '/^$/d' > /tmp/autods-install-req.txt; /opt/autods-agent-venv/bin/pip install -r /tmp/autods-install-req.txt
Command outputs captured
Running command: ln -sf /opt/autods-agent-venv/bin/autods-harbor /usr/local/bin/autods-harbor
Command outputs captured
Running command: autods-harbor --instruction-file /installed-agent/instruction.md --workspace /app --trace-out /logs/agent/autods_trace.json 2>&1 | stdbuf -oL tee /logs/agent/autods.log
Command outputs captured
Collecting main service artifacts
Command outputs captured
Collecting main service artifacts
Skipping image OS validation for hb__510af71948abf0411e34a4fffcdcc268: docker inspect returned 1
Running command: command -v autods-harbor >/dev/null 2>&1
Command failed
Running command: if ! command -v curl >/dev/null 2>&1; then   (apt-get update && apt-get install -y curl)   || apk add --no-cache curl   || (yum install -y curl) || true; fi
Skipping image OS validation for hb__bedbcf202e03f615e42812f0f64f327f: docker inspect returned 1
Command outputs captured
Running command: mkdir -p /opt/autods-agent-venv && chown -R $(id -u):$(id -g) /opt/autods-agent-venv
Command outputs captured
Running command: set -e; if python3 -c 'import sys; raise SystemExit(0 if sys.version_info >= (3, 12) else 1)'; then   python3 -m venv --system-site-packages /opt/autods-agent-venv;   /opt/autods-agent-venv/bin/python -m pip install --quiet --upgrade pip; else   curl -LsSf https://astral.sh/uv/install.sh | sh;   . "$HOME/.local/bin/env" 2>/dev/null || export PATH="$HOME/.local/bin:$PATH";   uv python install 3.12;   uv venv /opt/autods-agent-venv --python 3.12 --seed; fi; printf '%s\n' "$AUTODS_INSTALL_SPEC" | tr ' ' '\n' | sed '/^$/d' > /tmp/autods-install-req.txt; /opt/autods-agent-venv/bin/pip install -r /tmp/autods-install-req.txt
Running command: command -v autods-harbor >/dev/null 2>&1
Command failed
Running command: if ! command -v curl >/dev/null 2>&1; then   (apt-get update && apt-get install -y curl)   || apk add --no-cache curl   || (yum install -y curl) || true; fi
Command outputs captured
Running command: mkdir -p /opt/autods-agent-venv && chown -R $(id -u):$(id -g) /opt/autods-agent-venv
Command outputs captured
Running command: set -e; if python3 -c 'import sys; raise SystemExit(0 if sys.version_info >= (3, 12) else 1)'; then   python3 -m venv --system-site-packages /opt/autods-agent-venv;   /opt/autods-agent-venv/bin/python -m pip install --quiet --upgrade pip; else   curl -LsSf https://astral.sh/uv/install.sh | sh;   . "$HOME/.local/bin/env" 2>/dev/null || export PATH="$HOME/.local/bin:$PATH";   uv python install 3.12;   uv venv /opt/autods-agent-venv --python 3.12 --seed; fi; printf '%s\n' "$AUTODS_INSTALL_SPEC" | tr ' ' '\n' | sed '/^$/d' > /tmp/autods-install-req.txt; /opt/autods-agent-venv/bin/pip install -r /tmp/autods-install-req.txt
Command outputs captured
Running command: ln -sf /opt/autods-agent-venv/bin/autods-harbor /usr/local/bin/autods-harbor
Command outputs captured
Running command: autods-harbor --instruction-file /installed-agent/instruction.md --workspace /app --trace-out /logs/agent/autods_trace.json 2>&1 | stdbuf -oL tee /logs/agent/autods.log
Command outputs captured
Running command: ln -sf /opt/autods-agent-venv/bin/autods-harbor /usr/local/bin/autods-harbor
Command outputs captured
Running command: autods-harbor --instruction-file /installed-agent/instruction.md --workspace /app --trace-out /logs/agent/autods_trace.json 2>&1 | stdbuf -oL tee /logs/agent/autods.log
Command outputs captured
Collecting main service artifacts
Skipping image OS validation for hb__fe87ed56be4ccc47d6527e641c3270f3: docker inspect returned 1
Running command: command -v autods-harbor >/dev/null 2>&1
Command failed
Running command: if ! command -v curl >/dev/null 2>&1; then   (apt-get update && apt-get install -y curl)   || apk add --no-cache curl   || (yum install -y curl) || true; fi
Command outputs captured
Running command: mkdir -p /opt/autods-agent-venv && chown -R $(id -u):$(id -g) /opt/autods-agent-venv
Command outputs captured
Running command: set -e; if python3 -c 'import sys; raise SystemExit(0 if sys.version_info >= (3, 12) else 1)'; then   python3 -m venv --system-site-packages /opt/autods-agent-venv;   /opt/autods-agent-venv/bin/python -m pip install --quiet --upgrade pip; else   curl -LsSf https://astral.sh/uv/install.sh | sh;   . "$HOME/.local/bin/env" 2>/dev/null || export PATH="$HOME/.local/bin:$PATH";   uv python install 3.12;   uv venv /opt/autods-agent-venv --python 3.12 --seed; fi; printf '%s\n' "$AUTODS_INSTALL_SPEC" | tr ' ' '\n' | sed '/^$/d' > /tmp/autods-install-req.txt; /opt/autods-agent-venv/bin/pip install -r /tmp/autods-install-req.txt
Command outputs captured
Running command: ln -sf /opt/autods-agent-venv/bin/autods-harbor /usr/local/bin/autods-harbor
Command outputs captured
Running command: autods-harbor --instruction-file /installed-agent/instruction.md --workspace /app --trace-out /logs/agent/autods_trace.json 2>&1 | stdbuf -oL tee /logs/agent/autods.log
Command outputs captured
Collecting main service artifacts
Skipping image OS validation for hb__a68bb1b9a885efa968f3bdbbe5d805f3: docker inspect returned 1
Running command: command -v autods-harbor >/dev/null 2>&1
Command failed
Running command: if ! command -v curl >/dev/null 2>&1; then   (apt-get update && apt-get install -y curl)   || apk add --no-cache curl   || (yum install -y curl) || true; fi
Command outputs captured
Running command: mkdir -p /opt/autods-agent-venv && chown -R $(id -u):$(id -g) /opt/autods-agent-venv
Command outputs captured
Running command: set -e; if python3 -c 'import sys; raise SystemExit(0 if sys.version_info >= (3, 12) else 1)'; then   python3 -m venv --system-site-packages /opt/autods-agent-venv;   /opt/autods-agent-venv/bin/python -m pip install --quiet --upgrade pip; else   curl -LsSf https://astral.sh/uv/install.sh | sh;   . "$HOME/.local/bin/env" 2>/dev/null || export PATH="$HOME/.local/bin:$PATH";   uv python install 3.12;   uv venv /opt/autods-agent-venv --python 3.12 --seed; fi; printf '%s\n' "$AUTODS_INSTALL_SPEC" | tr ' ' '\n' | sed '/^$/d' > /tmp/autods-install-req.txt; /opt/autods-agent-venv/bin/pip install -r /tmp/autods-install-req.txt
Command outputs captured
Running command: ln -sf /opt/autods-agent-venv/bin/autods-harbor /usr/local/bin/autods-harbor
Command outputs captured
Running command: autods-harbor --instruction-file /installed-agent/instruction.md --workspace /app --trace-out /logs/agent/autods_trace.json 2>&1 | stdbuf -oL tee /logs/agent/autods.log
Command outputs captured
Collecting main service artifacts
Skipping image OS validation for hb__1555665de9382897e5b671202cdfec67: docker inspect returned 1
Running command: command -v autods-harbor >/dev/null 2>&1
Command failed
Running command: if ! command -v curl >/dev/null 2>&1; then   (apt-get update && apt-get install -y curl)   || apk add --no-cache curl   || (yum install -y curl) || true; fi
Command outputs captured
Running command: mkdir -p /opt/autods-agent-venv && chown -R $(id -u):$(id -g) /opt/autods-agent-venv
Command outputs captured
Running command: set -e; if python3 -c 'import sys; raise SystemExit(0 if sys.version_info >= (3, 12) else 1)'; then   python3 -m venv --system-site-packages /opt/autods-agent-venv;   /opt/autods-agent-venv/bin/python -m pip install --quiet --upgrade pip; else   curl -LsSf https://astral.sh/uv/install.sh | sh;   . "$HOME/.local/bin/env" 2>/dev/null || export PATH="$HOME/.local/bin:$PATH";   uv python install 3.12;   uv venv /opt/autods-agent-venv --python 3.12 --seed; fi; printf '%s\n' "$AUTODS_INSTALL_SPEC" | tr ' ' '\n' | sed '/^$/d' > /tmp/autods-install-req.txt; /opt/autods-agent-venv/bin/pip install -r /tmp/autods-install-req.txt
Command outputs captured
Running command: ln -sf /opt/autods-agent-venv/bin/autods-harbor /usr/local/bin/autods-harbor
Command outputs captured
Running command: autods-harbor --instruction-file /installed-agent/instruction.md --workspace /app --trace-out /logs/agent/autods_trace.json 2>&1 | stdbuf -oL tee /logs/agent/autods.log
Command outputs captured
Collecting main service artifacts
Skipping image OS validation for hb__c1e077a1b126740b5b97886b4c84a2bb: docker inspect returned 1
Running command: command -v autods-harbor >/dev/null 2>&1
Command failed
Running command: if ! command -v curl >/dev/null 2>&1; then   (apt-get update && apt-get install -y curl)   || apk add --no-cache curl   || (yum install -y curl) || true; fi
Command outputs captured
Running command: mkdir -p /opt/autods-agent-venv && chown -R $(id -u):$(id -g) /opt/autods-agent-venv
Command outputs captured
Running command: set -e; if python3 -c 'import sys; raise SystemExit(0 if sys.version_info >= (3, 12) else 1)'; then   python3 -m venv --system-site-packages /opt/autods-agent-venv;   /opt/autods-agent-venv/bin/python -m pip install --quiet --upgrade pip; else   curl -LsSf https://astral.sh/uv/install.sh | sh;   . "$HOME/.local/bin/env" 2>/dev/null || export PATH="$HOME/.local/bin:$PATH";   uv python install 3.12;   uv venv /opt/autods-agent-venv --python 3.12 --seed; fi; printf '%s\n' "$AUTODS_INSTALL_SPEC" | tr ' ' '\n' | sed '/^$/d' > /tmp/autods-install-req.txt; /opt/autods-agent-venv/bin/pip install -r /tmp/autods-install-req.txt
Command outputs captured
Collecting main service artifacts
Command outputs captured
Running command: ln -sf /opt/autods-agent-venv/bin/autods-harbor /usr/local/bin/autods-harbor
Command outputs captured
Running command: autods-harbor --instruction-file /installed-agent/instruction.md --workspace /app --trace-out /logs/agent/autods_trace.json 2>&1 | stdbuf -oL tee /logs/agent/autods.log
Skipping image OS validation for hb__a17abc1fec03fe69f280527c03c41533: docker inspect returned 1
Running command: command -v autods-harbor >/dev/null 2>&1
Command failed
Running command: if ! command -v curl >/dev/null 2>&1; then   (apt-get update && apt-get install -y curl)   || apk add --no-cache curl   || (yum install -y curl) || true; fi
Command outputs captured
Running command: mkdir -p /opt/autods-agent-venv && chown -R $(id -u):$(id -g) /opt/autods-agent-venv
Command outputs captured
Running command: set -e; if python3 -c 'import sys; raise SystemExit(0 if sys.version_info >= (3, 12) else 1)'; then   python3 -m venv --system-site-packages /opt/autods-agent-venv;   /opt/autods-agent-venv/bin/python -m pip install --quiet --upgrade pip; else   curl -LsSf https://astral.sh/uv/install.sh | sh;   . "$HOME/.local/bin/env" 2>/dev/null || export PATH="$HOME/.local/bin:$PATH";   uv python install 3.12;   uv venv /opt/autods-agent-venv --python 3.12 --seed; fi; printf '%s\n' "$AUTODS_INSTALL_SPEC" | tr ' ' '\n' | sed '/^$/d' > /tmp/autods-install-req.txt; /opt/autods-agent-venv/bin/pip install -r /tmp/autods-install-req.txt
Command outputs captured
Running command: ln -sf /opt/autods-agent-venv/bin/autods-harbor /usr/local/bin/autods-harbor
Command outputs captured
Running command: autods-harbor --instruction-file /installed-agent/instruction.md --workspace /app --trace-out /logs/agent/autods_trace.json 2>&1 | stdbuf -oL tee /logs/agent/autods.log
Command outputs captured
Collecting main service artifacts
Command outputs captured
Collecting main service artifacts
Command outputs captured
Collecting main service artifacts
Command outputs captured
Collecting main service artifacts
