Skipping image OS validation for hb__a68bb1b9a885efa968f3bdbbe5d805f3: docker inspect returned 1
Trajectory dumped to /var/essdata/s_chumakov/automl-journal/runs/autods-tabred/jobs/terminus-tabred-Mlarge-20260829-192307/delivery-eta__rt5M9af/agent/trajectory.json
Parser warnings: - No valid JSON object found
Trajectory dumped to /var/essdata/s_chumakov/automl-journal/runs/autods-tabred/jobs/terminus-tabred-Mlarge-20260829-192307/delivery-eta__rt5M9af/agent/trajectory.json
Trajectory dumped to /var/essdata/s_chumakov/automl-journal/runs/autods-tabred/jobs/terminus-tabred-Mlarge-20260829-192307/delivery-eta__rt5M9af/agent/trajectory.json
Trajectory dumped to /var/essdata/s_chumakov/automl-journal/runs/autods-tabred/jobs/terminus-tabred-Mlarge-20260829-192307/delivery-eta__rt5M9af/agent/trajectory.json
Trajectory dumped to /var/essdata/s_chumakov/automl-journal/runs/autods-tabred/jobs/terminus-tabred-Mlarge-20260829-192307/delivery-eta__rt5M9af/agent/trajectory.json
Parser warnings: - Command 1 should end with newline when followed by another command. Otherwise the two commands will be concatenated together on the same line.
Trajectory dumped to /var/essdata/s_chumakov/automl-journal/runs/autods-tabred/jobs/terminus-tabred-Mlarge-20260829-192307/delivery-eta__rt5M9af/agent/trajectory.json
Parser warnings: - No valid JSON object found
Parser warnings: - No valid JSON object found
Trajectory dumped to /var/essdata/s_chumakov/automl-journal/runs/autods-tabred/jobs/terminus-tabred-Mlarge-20260829-192307/delivery-eta__rt5M9af/agent/trajectory.json
Trajectory dumped to /var/essdata/s_chumakov/automl-journal/runs/autods-tabred/jobs/terminus-tabred-Mlarge-20260829-192307/delivery-eta__rt5M9af/agent/trajectory.json
Trajectory dumped to /var/essdata/s_chumakov/automl-journal/runs/autods-tabred/jobs/terminus-tabred-Mlarge-20260829-192307/delivery-eta__rt5M9af/agent/trajectory.json
Parser warnings: - No valid JSON object found
Trajectory dumped to /var/essdata/s_chumakov/automl-journal/runs/autods-tabred/jobs/terminus-tabred-Mlarge-20260829-192307/delivery-eta__rt5M9af/agent/trajectory.json
Parser warnings: - No valid JSON object found
Trajectory dumped to /var/essdata/s_chumakov/automl-journal/runs/autods-tabred/jobs/terminus-tabred-Mlarge-20260829-192307/delivery-eta__rt5M9af/agent/trajectory.json
Trajectory dumped to /var/essdata/s_chumakov/automl-journal/runs/autods-tabred/jobs/terminus-tabred-Mlarge-20260829-192307/delivery-eta__rt5M9af/agent/trajectory.json
Parser warnings: - No valid JSON object found
Trajectory dumped to /var/essdata/s_chumakov/automl-journal/runs/autods-tabred/jobs/terminus-tabred-Mlarge-20260829-192307/delivery-eta__rt5M9af/agent/trajectory.json
Trajectory dumped to /var/essdata/s_chumakov/automl-journal/runs/autods-tabred/jobs/terminus-tabred-Mlarge-20260829-192307/delivery-eta__rt5M9af/agent/trajectory.json
Trajectory dumped to /var/essdata/s_chumakov/automl-journal/runs/autods-tabred/jobs/terminus-tabred-Mlarge-20260829-192307/delivery-eta__rt5M9af/agent/trajectory.json
Trajectory dumped to /var/essdata/s_chumakov/automl-journal/runs/autods-tabred/jobs/terminus-tabred-Mlarge-20260829-192307/delivery-eta__rt5M9af/agent/trajectory.json
Collecting main service artifacts
