читаю переменные из /home/stas/Documents/GitHub/automl-journal/runs/autods-tabred/../../.env
  1/1 Reward: 0.674 ━━━━━━━━━━━━━━━━━━━━━━━━━━━━━━━━━━━━━━━━ 0:03:33 0:00:00
tabred • terminus-2 • google/gemma-4-31b-it
┏━━━━━━━━┳━━━━━━━━━━━━┳━━━━━━━━┳━━━━━━━┓
┃ Trials ┃ Exceptions ┃ Reward ┃  Rmse ┃
┡━━━━━━━━╇━━━━━━━━━━━━╇━━━━━━━━╇━━━━━━━┩
│      1 │          0 │  0.674 │ 0.484 │
└────────┴────────────┴────────┴───────┘

┏━━━━━━━━━━━━━━━━━━━━━┳━━━━━━━┓
┃ Reward              ┃ Count ┃
┡━━━━━━━━━━━━━━━━━━━━━╇━━━━━━━┩
│ 0.673939663623042   │     1 │
│ 0.48381235587780297 │     1 │
└─────────────────────┴───────┘

Job Info
Total runtime: 3m 34s
Results written to 
/home/stas/Documents/GitHub/automl-journal/runs/autods-tabred/jobs/terminus-matc
hed-smoke-20260828-105315/result.json
Inspect results by running `harbor view 
/home/stas/Documents/GitHub/automl-journal/runs/autods-tabred/jobs`
Share results by running `harbor upload 
/home/stas/Documents/GitHub/automl-journal/runs/autods-tabred/jobs/terminus-matc
hed-smoke-20260828-105315`

