читаю переменные из /home/stas/Documents/GitHub/automl-journal/runs/autods-tabred/../../.env
  24/24 Reward: 0.718 ━━━━━━━━━━━━━━━━━━━━━━━━━━━━━━━━━━━━━━━━ 0:51:33 0:00:00
tabred • terminus-2 • google/gemma-4-31b-it
┏━━━━━━━━┳━━━━━━━━━━━━┳━━━━━━━━┳━━━━━━━┳━━━━━━━━━┓
┃ Trials ┃ Exceptions ┃ Reward ┃  Rmse ┃ Roc_Auc ┃
┡━━━━━━━━╇━━━━━━━━━━━━╇━━━━━━━━╇━━━━━━━╇━━━━━━━━━┩
│     24 │          0 │  0.718 │ 0.372 │   0.296 │
└────────┴────────────┴────────┴───────┴─────────┘

┏━━━━━━━━━━━━━━━━━━━━━┳━━━━━━━┓
┃ Reward              ┃ Count ┃
┡━━━━━━━━━━━━━━━━━━━━━╇━━━━━━━┩
│ 0.5526283688657418  │     1 │
│ 0.3962604170212166  │     2 │
│ 0.673939663623042   │     3 │
│ 0.8573448006699509  │     1 │
│ 0.6460660027959892  │     3 │
│ 0.8600637372696278  │     3 │
│ 0.7825747129697099  │     1 │
│ 0.9581659166521772  │     1 │
│ 0.5536615895420993  │     2 │
│ 0.39631626953859517 │     1 │
│ 0.8588376004392972  │     2 │
│ 0.8014723030230653  │     2 │
│ 0.959642959211396   │     1 │
│ 0.9586146350779462  │     1 │
│ 0.5526283688657418  │     1 │
│ 0.8573448006699509  │     1 │
│ 0.9581659166521772  │     1 │
│ 0.5536615895420993  │     2 │
│ 0.8588376004392972  │     2 │
│ 0.959642959211396   │     1 │
│ 0.9586146350779462  │     1 │
│ 1.5235929632266498  │     2 │
│ 0.48381235587780297 │     3 │
│ 0.5478294720234239  │     3 │
│ 0.16270452603270547 │     3 │
│ 0.2778332642581892  │     1 │
│ 1.523237315400233   │     1 │
│ 0.24770375249164597 │     2 │
└─────────────────────┴───────┘

Job Info
Total runtime: 52m 3s
Results written to 
/home/stas/Documents/GitHub/automl-journal/runs/autods-tabred/jobs/terminus-matc
hed-20260828-105709/result.json
Inspect results by running `harbor view 
/home/stas/Documents/GitHub/automl-journal/runs/autods-tabred/jobs`
Share results by running `harbor upload 
/home/stas/Documents/GitHub/automl-journal/runs/autods-tabred/jobs/terminus-matc
hed-20260828-105709`

./run.sh: line 109: ra: command not found
