читаю переменные из /home/stas/Documents/GitHub/automl-journal/runs/autods-tabred/../../.env
AutoDS C1 layer applied (family=tabular, tool=True, discipline=True)
  1/1 Reward: 0.675 ━━━━━━━━━━━━━━━━━━━━━━━━━━━━━━━━━━━━━━━━ 0:36:41 0:00:00
tabred • autods • gemma-4-31b-it
┏━━━━━━━━┳━━━━━━━━━━━━┳━━━━━━━━┳━━━━━━━┓
┃ Trials ┃ Exceptions ┃ Reward ┃  Rmse ┃
┡━━━━━━━━╇━━━━━━━━━━━━╇━━━━━━━━╇━━━━━━━┩
│      1 │          0 │  0.675 │ 0.482 │
└────────┴────────────┴────────┴───────┘

┏━━━━━━━━━━━━━━━━━━━━┳━━━━━━━┓
┃ Reward             ┃ Count ┃
┡━━━━━━━━━━━━━━━━━━━━╇━━━━━━━┩
│ 0.6747718079354631 │     1 │
│ 0.4819824839149808 │     1 │
└────────────────────┴───────┘

Job Info
Total runtime: 36m 42s
Results written to 
/home/stas/Documents/GitHub/automl-journal/runs/autods-tabred/jobs/autods-tabred
-smoke-20260828-115353/result.json
Inspect results by running `harbor view 
/home/stas/Documents/GitHub/automl-journal/runs/autods-tabred/jobs`
Share results by running `harbor upload 
/home/stas/Documents/GitHub/automl-journal/runs/autods-tabred/jobs/autods-tabred
-smoke-20260828-115353`

