Skipping image OS validation for hb__92efa9f5d010dcc2f955ba3f4621d25d: docker inspect returned 1
Parser warnings: - Extra text detected before JSON object
- Extra text detected after JSON object
Trajectory dumped to /var/essdata/s_chumakov/automl-journal/runs/autods-tabred/jobs/terminus-cases-plain-20260910-100339/maize-yield__y9P3UE3/agent/trajectory.json
Parser warnings: - Extra text detected before JSON object
- Extra text detected after JSON object
Trajectory dumped to /var/essdata/s_chumakov/automl-journal/runs/autods-tabred/jobs/terminus-cases-plain-20260910-100339/maize-yield__y9P3UE3/agent/trajectory.json
Parser warnings: - Extra text detected before JSON object
- Extra text detected after JSON object
Trajectory dumped to /var/essdata/s_chumakov/automl-journal/runs/autods-tabred/jobs/terminus-cases-plain-20260910-100339/maize-yield__y9P3UE3/agent/trajectory.json
Parser warnings: - Extra text detected before JSON object
- Extra text detected after JSON object
Trajectory dumped to /var/essdata/s_chumakov/automl-journal/runs/autods-tabred/jobs/terminus-cases-plain-20260910-100339/maize-yield__y9P3UE3/agent/trajectory.json
Parser warnings: - Extra text detected before JSON object
- Extra text detected after JSON object
Trajectory dumped to /var/essdata/s_chumakov/automl-journal/runs/autods-tabred/jobs/terminus-cases-plain-20260910-100339/maize-yield__y9P3UE3/agent/trajectory.json
Parser warnings: - Extra text detected before JSON object
- Extra text detected after JSON object
Trajectory dumped to /var/essdata/s_chumakov/automl-journal/runs/autods-tabred/jobs/terminus-cases-plain-20260910-100339/maize-yield__y9P3UE3/agent/trajectory.json
Trajectory dumped to /var/essdata/s_chumakov/automl-journal/runs/autods-tabred/jobs/terminus-cases-plain-20260910-100339/maize-yield__y9P3UE3/agent/trajectory.json
Collecting main service artifacts
