Skipping image OS validation for hb__a1865b71d5c2f0a55cc8128839a56408: docker inspect returned 1
Parser warnings: - Extra text detected before JSON object
- Extra text detected after JSON object
Trajectory dumped to /home/stas/Documents/GitHub/automl-journal/runs/autods-tabred/jobs/terminus-matched-20260828-105709/sberbank-housing__x28HWSX/agent/trajectory.json
Parser warnings: - Extra text detected before JSON object
- Extra text detected after JSON object
Trajectory dumped to /home/stas/Documents/GitHub/automl-journal/runs/autods-tabred/jobs/terminus-matched-20260828-105709/sberbank-housing__x28HWSX/agent/trajectory.json
Parser warnings: - Extra text detected before JSON object
- Extra text detected after JSON object
Trajectory dumped to /home/stas/Documents/GitHub/automl-journal/runs/autods-tabred/jobs/terminus-matched-20260828-105709/sberbank-housing__x28HWSX/agent/trajectory.json
Parser warnings: - Extra text detected before JSON object
- Extra text detected after JSON object
Trajectory dumped to /home/stas/Documents/GitHub/automl-journal/runs/autods-tabred/jobs/terminus-matched-20260828-105709/sberbank-housing__x28HWSX/agent/trajectory.json
Parser warnings: - Extra text detected before JSON object
- Extra text detected after JSON object
Trajectory dumped to /home/stas/Documents/GitHub/automl-journal/runs/autods-tabred/jobs/terminus-matched-20260828-105709/sberbank-housing__x28HWSX/agent/trajectory.json
Parser warnings: - Extra text detected before JSON object
- Extra text detected after JSON object
Trajectory dumped to /home/stas/Documents/GitHub/automl-journal/runs/autods-tabred/jobs/terminus-matched-20260828-105709/sberbank-housing__x28HWSX/agent/trajectory.json
Trajectory dumped to /home/stas/Documents/GitHub/automl-journal/runs/autods-tabred/jobs/terminus-matched-20260828-105709/sberbank-housing__x28HWSX/agent/trajectory.json
Collecting main service artifacts
