Skipping image OS validation for hb__560ea29b5df726488c1564b86d5666d8: docker inspect returned 1
Parser warnings: - Extra text detected before JSON object
- Extra text detected after JSON object
Trajectory dumped to /home/stas/Documents/GitHub/automl-journal/runs/autods-tabred/jobs/terminus-matched-20260828-105709/maps-routing__RXRXxkE/agent/trajectory.json
Parser warnings: - Extra text detected before JSON object
- Extra text detected after JSON object
Trajectory dumped to /home/stas/Documents/GitHub/automl-journal/runs/autods-tabred/jobs/terminus-matched-20260828-105709/maps-routing__RXRXxkE/agent/trajectory.json
Parser warnings: - Extra text detected before JSON object
- Extra text detected after JSON object
Trajectory dumped to /home/stas/Documents/GitHub/automl-journal/runs/autods-tabred/jobs/terminus-matched-20260828-105709/maps-routing__RXRXxkE/agent/trajectory.json
Parser warnings: - Extra text detected before JSON object
- Extra text detected after JSON object
Trajectory dumped to /home/stas/Documents/GitHub/automl-journal/runs/autods-tabred/jobs/terminus-matched-20260828-105709/maps-routing__RXRXxkE/agent/trajectory.json
Parser warnings: - Extra text detected before JSON object
- Extra text detected after JSON object
Trajectory dumped to /home/stas/Documents/GitHub/automl-journal/runs/autods-tabred/jobs/terminus-matched-20260828-105709/maps-routing__RXRXxkE/agent/trajectory.json
Parser warnings: - Extra text detected before JSON object
- Extra text detected after JSON object
Trajectory dumped to /home/stas/Documents/GitHub/automl-journal/runs/autods-tabred/jobs/terminus-matched-20260828-105709/maps-routing__RXRXxkE/agent/trajectory.json
Parser warnings: - Extra text detected before JSON object
- Extra text detected after JSON object
Trajectory dumped to /home/stas/Documents/GitHub/automl-journal/runs/autods-tabred/jobs/terminus-matched-20260828-105709/maps-routing__RXRXxkE/agent/trajectory.json
Parser warnings: - Extra text detected before JSON object
- Extra text detected after JSON object
Trajectory dumped to /home/stas/Documents/GitHub/automl-journal/runs/autods-tabred/jobs/terminus-matched-20260828-105709/maps-routing__RXRXxkE/agent/trajectory.json
Parser warnings: - Extra text detected before JSON object
- Extra text detected after JSON object
Trajectory dumped to /home/stas/Documents/GitHub/automl-journal/runs/autods-tabred/jobs/terminus-matched-20260828-105709/maps-routing__RXRXxkE/agent/trajectory.json
Parser warnings: - Extra text detected before JSON object
- Extra text detected after JSON object
Trajectory dumped to /home/stas/Documents/GitHub/automl-journal/runs/autods-tabred/jobs/terminus-matched-20260828-105709/maps-routing__RXRXxkE/agent/trajectory.json
Parser warnings: - Extra text detected before JSON object
- Extra text detected after JSON object
Trajectory dumped to /home/stas/Documents/GitHub/automl-journal/runs/autods-tabred/jobs/terminus-matched-20260828-105709/maps-routing__RXRXxkE/agent/trajectory.json
Parser warnings: - Extra text detected before JSON object
- Extra text detected after JSON object
Trajectory dumped to /home/stas/Documents/GitHub/automl-journal/runs/autods-tabred/jobs/terminus-matched-20260828-105709/maps-routing__RXRXxkE/agent/trajectory.json
Trajectory dumped to /home/stas/Documents/GitHub/automl-journal/runs/autods-tabred/jobs/terminus-matched-20260828-105709/maps-routing__RXRXxkE/agent/trajectory.json
Collecting main service artifacts
