Skipping image OS validation for hb__7c06da68f110ae26f21ea0235e140956: docker inspect returned 1
Parser warnings: - Extra text detected before JSON object
- Extra text detected after JSON object
Trajectory dumped to /home/stas/Documents/GitHub/automl-journal/runs/autods-tabred/jobs/terminus-matched-20260828-105709/delivery-eta__KeZUjrj/agent/trajectory.json
Parser warnings: - Extra text detected before JSON object
- Extra text detected after JSON object
Trajectory dumped to /home/stas/Documents/GitHub/automl-journal/runs/autods-tabred/jobs/terminus-matched-20260828-105709/delivery-eta__KeZUjrj/agent/trajectory.json
Parser warnings: - Extra text detected before JSON object
- Extra text detected after JSON object
Trajectory dumped to /home/stas/Documents/GitHub/automl-journal/runs/autods-tabred/jobs/terminus-matched-20260828-105709/delivery-eta__KeZUjrj/agent/trajectory.json
Parser warnings: - Extra text detected before JSON object
- Extra text detected after JSON object
Trajectory dumped to /home/stas/Documents/GitHub/automl-journal/runs/autods-tabred/jobs/terminus-matched-20260828-105709/delivery-eta__KeZUjrj/agent/trajectory.json
Parser warnings: - Extra text detected before JSON object
- Extra text detected after JSON object
Trajectory dumped to /home/stas/Documents/GitHub/automl-journal/runs/autods-tabred/jobs/terminus-matched-20260828-105709/delivery-eta__KeZUjrj/agent/trajectory.json
Parser warnings: - Extra text detected before JSON object
- Extra text detected after JSON object
Trajectory dumped to /home/stas/Documents/GitHub/automl-journal/runs/autods-tabred/jobs/terminus-matched-20260828-105709/delivery-eta__KeZUjrj/agent/trajectory.json
Parser warnings: - Extra text detected before JSON object
- Extra text detected after JSON object
Trajectory dumped to /home/stas/Documents/GitHub/automl-journal/runs/autods-tabred/jobs/terminus-matched-20260828-105709/delivery-eta__KeZUjrj/agent/trajectory.json
Trajectory dumped to /home/stas/Documents/GitHub/automl-journal/runs/autods-tabred/jobs/terminus-matched-20260828-105709/delivery-eta__KeZUjrj/agent/trajectory.json
Collecting main service artifacts
