Skipping image OS validation for hb__c1e077a1b126740b5b97886b4c84a2bb: docker inspect returned 1
Skipping image OS validation for hb__510af71948abf0411e34a4fffcdcc268: docker inspect returned 1
Skipping image OS validation for hb__fe87ed56be4ccc47d6527e641c3270f3: docker inspect returned 1
Skipping image OS validation for hb__cdeb1b31d9d574133ed516844dac0264: docker inspect returned 1
Running command: command -v autods-harbor >/dev/null 2>&1
Running command: command -v autods-harbor >/dev/null 2>&1
Running command: command -v autods-harbor >/dev/null 2>&1
Running command: command -v autods-harbor >/dev/null 2>&1
Command failed
Running command: if ! command -v curl >/dev/null 2>&1; then   (apt-get update && apt-get install -y curl)   || apk add --no-cache curl   || (yum install -y curl) || true; fi
Command failed
Running command: if ! command -v curl >/dev/null 2>&1; then   (apt-get update && apt-get install -y curl)   || apk add --no-cache curl   || (yum install -y curl) || true; fi
Command failed
Running command: if ! command -v curl >/dev/null 2>&1; then   (apt-get update && apt-get install -y curl)   || apk add --no-cache curl   || (yum install -y curl) || true; fi
Command failed
Running command: if ! command -v curl >/dev/null 2>&1; then   (apt-get update && apt-get install -y curl)   || apk add --no-cache curl   || (yum install -y curl) || true; fi
Command outputs captured
Running command: mkdir -p /opt/autods-agent-venv && chown -R $(id -u):$(id -g) /opt/autods-agent-venv
Command outputs captured
Running command: mkdir -p /opt/autods-agent-venv && chown -R $(id -u):$(id -g) /opt/autods-agent-venv
Command outputs captured
Running command: mkdir -p /opt/autods-agent-venv && chown -R $(id -u):$(id -g) /opt/autods-agent-venv
Command outputs captured
Running command: mkdir -p /opt/autods-agent-venv && chown -R $(id -u):$(id -g) /opt/autods-agent-venv
Command outputs captured
Running command: set -e; if python3 -c 'import sys; raise SystemExit(0 if sys.version_info >= (3, 12) else 1)'; then   python3 -m venv --system-site-packages /opt/autods-agent-venv;   /opt/autods-agent-venv/bin/python -m pip install --quiet --upgrade pip; else   curl -LsSf https://astral.sh/uv/install.sh | sh;   . "$HOME/.local/bin/env" 2>/dev/null || export PATH="$HOME/.local/bin:$PATH";   uv python install 3.12;   uv venv /opt/autods-agent-venv --python 3.12 --seed; fi; printf '%s\n' "$AUTODS_INSTALL_SPEC" | tr ' ' '\n' | sed '/^$/d' > /tmp/autods-install-req.txt; /opt/autods-agent-venv/bin/pip install -r /tmp/autods-install-req.txt
Command outputs captured
Running command: set -e; if python3 -c 'import sys; raise SystemExit(0 if sys.version_info >= (3, 12) else 1)'; then   python3 -m venv --system-site-packages /opt/autods-agent-venv;   /opt/autods-agent-venv/bin/python -m pip install --quiet --upgrade pip; else   curl -LsSf https://astral.sh/uv/install.sh | sh;   . "$HOME/.local/bin/env" 2>/dev/null || export PATH="$HOME/.local/bin:$PATH";   uv python install 3.12;   uv venv /opt/autods-agent-venv --python 3.12 --seed; fi; printf '%s\n' "$AUTODS_INSTALL_SPEC" | tr ' ' '\n' | sed '/^$/d' > /tmp/autods-install-req.txt; /opt/autods-agent-venv/bin/pip install -r /tmp/autods-install-req.txt
Command outputs captured
Running command: set -e; if python3 -c 'import sys; raise SystemExit(0 if sys.version_info >= (3, 12) else 1)'; then   python3 -m venv --system-site-packages /opt/autods-agent-venv;   /opt/autods-agent-venv/bin/python -m pip install --quiet --upgrade pip; else   curl -LsSf https://astral.sh/uv/install.sh | sh;   . "$HOME/.local/bin/env" 2>/dev/null || export PATH="$HOME/.local/bin:$PATH";   uv python install 3.12;   uv venv /opt/autods-agent-venv --python 3.12 --seed; fi; printf '%s\n' "$AUTODS_INSTALL_SPEC" | tr ' ' '\n' | sed '/^$/d' > /tmp/autods-install-req.txt; /opt/autods-agent-venv/bin/pip install -r /tmp/autods-install-req.txt
Command outputs captured
Running command: set -e; if python3 -c 'import sys; raise SystemExit(0 if sys.version_info >= (3, 12) else 1)'; then   python3 -m venv --system-site-packages /opt/autods-agent-venv;   /opt/autods-agent-venv/bin/python -m pip install --quiet --upgrade pip; else   curl -LsSf https://astral.sh/uv/install.sh | sh;   . "$HOME/.local/bin/env" 2>/dev/null || export PATH="$HOME/.local/bin:$PATH";   uv python install 3.12;   uv venv /opt/autods-agent-venv --python 3.12 --seed; fi; printf '%s\n' "$AUTODS_INSTALL_SPEC" | tr ' ' '\n' | sed '/^$/d' > /tmp/autods-install-req.txt; /opt/autods-agent-venv/bin/pip install -r /tmp/autods-install-req.txt
Command outputs captured
Running command: ln -sf /opt/autods-agent-venv/bin/autods-harbor /usr/local/bin/autods-harbor
Command outputs captured
Running command: /opt/autods-agent-venv/bin/python -c "$GLOB_PATCH_PY"
Command outputs captured
Running command: ln -sf /opt/autods-agent-venv/bin/autods-harbor /usr/local/bin/autods-harbor
Command outputs captured
Running command: /opt/autods-agent-venv/bin/python -c "$GLOB_PATCH_PY"
Command outputs captured
Command outputs captured
Running command: ln -sf /opt/autods-agent-venv/bin/autods-harbor /usr/local/bin/autods-harbor
Command outputs captured
Running command: /opt/autods-agent-venv/bin/python -c "$GLOB_PATCH_PY"
Running command: ls -1 /workspace 2>/dev/null; echo '<<<H>>>'; head -1 /workspace/train.csv 2>/dev/null
Command outputs captured
Command failed
AutoDS C1 layer applied (family=tabular, tool=True, discipline=True)
Running command: autods-harbor --instruction-file /installed-agent/instruction.md --workspace /app --trace-out /logs/agent/autods_trace.json 2>&1 | stdbuf -oL tee /logs/agent/autods.log
Running command: ls -1 /workspace 2>/dev/null; echo '<<<H>>>'; head -1 /workspace/train.csv 2>/dev/null
Command failed
AutoDS C1 layer applied (family=tabular, tool=True, discipline=True)
Running command: autods-harbor --instruction-file /installed-agent/instruction.md --workspace /app --trace-out /logs/agent/autods_trace.json 2>&1 | stdbuf -oL tee /logs/agent/autods.log
Command outputs captured
Running command: ls -1 /workspace 2>/dev/null; echo '<<<H>>>'; head -1 /workspace/train.csv 2>/dev/null
Command failed
AutoDS C1 layer applied (family=tabular, tool=True, discipline=True)
Running command: autods-harbor --instruction-file /installed-agent/instruction.md --workspace /app --trace-out /logs/agent/autods_trace.json 2>&1 | stdbuf -oL tee /logs/agent/autods.log
Command outputs captured
Running command: ln -sf /opt/autods-agent-venv/bin/autods-harbor /usr/local/bin/autods-harbor
Command outputs captured
Running command: /opt/autods-agent-venv/bin/python -c "$GLOB_PATCH_PY"
Command outputs captured
Running command: ls -1 /workspace 2>/dev/null; echo '<<<H>>>'; head -1 /workspace/train.csv 2>/dev/null
Command failed
AutoDS C1 layer applied (family=tabular, tool=True, discipline=True)
Running command: autods-harbor --instruction-file /installed-agent/instruction.md --workspace /app --trace-out /logs/agent/autods_trace.json 2>&1 | stdbuf -oL tee /logs/agent/autods.log
Command outputs captured
Collecting main service artifacts
Command outputs captured
Collecting main service artifacts
No AutoDS raw trace at /var/essdata/s_chumakov/automl-journal/runs/autods-tabred/jobs/autods-tabred-Mlarge-fix-20261007-202855/cooking-time__CC3jWJX/agent/autods_trace.json; skipping ATIF
Collecting main service artifacts
Exception AgentTimeoutError is in exclude_exceptions, not retrying
Not retrying trial because the exception is not in include_exceptions or the maximum number of retries has been reached
No AutoDS raw trace at /var/essdata/s_chumakov/automl-journal/runs/autods-tabred/jobs/autods-tabred-Mlarge-fix-20261007-202855/homecredit-default__jQgDwrZ/agent/autods_trace.json; skipping ATIF
Collecting main service artifacts
Exception AgentTimeoutError is in exclude_exceptions, not retrying
Not retrying trial because the exception is not in include_exceptions or the maximum number of retries has been reached
