Skipping image OS validation for hb__92efa9f5d010dcc2f955ba3f4621d25d: docker inspect returned 1
Parser warnings: - Extra text detected before JSON object
- Extra text detected after JSON object
Trajectory dumped to /var/essdata/s_chumakov/automl-journal/runs/autods-tabred/jobs/terminus-cases-plain-20260910-100339/maize-yield__UqitPYf/agent/trajectory.json
Parser warnings: - Extra text detected before JSON object
- Extra text detected after JSON object
Trajectory dumped to /var/essdata/s_chumakov/automl-journal/runs/autods-tabred/jobs/terminus-cases-plain-20260910-100339/maize-yield__UqitPYf/agent/trajectory.json
Parser warnings: - Extra text detected before JSON object
- Extra text detected after JSON object
Trajectory dumped to /var/essdata/s_chumakov/automl-journal/runs/autods-tabred/jobs/terminus-cases-plain-20260910-100339/maize-yield__UqitPYf/agent/trajectory.json
Parser warnings: - Extra text detected before JSON object
- Extra text detected after JSON object
Trajectory dumped to /var/essdata/s_chumakov/automl-journal/runs/autods-tabred/jobs/terminus-cases-plain-20260910-100339/maize-yield__UqitPYf/agent/trajectory.json
Parser warnings: - Extra text detected before JSON object
- Extra text detected after JSON object
Trajectory dumped to /var/essdata/s_chumakov/automl-journal/runs/autods-tabred/jobs/terminus-cases-plain-20260910-100339/maize-yield__UqitPYf/agent/trajectory.json
Parser warnings: - Extra text detected before JSON object
- Extra text detected after JSON object
Trajectory dumped to /var/essdata/s_chumakov/automl-journal/runs/autods-tabred/jobs/terminus-cases-plain-20260910-100339/maize-yield__UqitPYf/agent/trajectory.json
Parser warnings: - Extra text detected before JSON object
- Extra text detected after JSON object
Trajectory dumped to /var/essdata/s_chumakov/automl-journal/runs/autods-tabred/jobs/terminus-cases-plain-20260910-100339/maize-yield__UqitPYf/agent/trajectory.json
Parser warnings: - Extra text detected before JSON object
- Extra text detected after JSON object
Trajectory dumped to /var/essdata/s_chumakov/automl-journal/runs/autods-tabred/jobs/terminus-cases-plain-20260910-100339/maize-yield__UqitPYf/agent/trajectory.json
Trajectory dumped to /var/essdata/s_chumakov/automl-journal/runs/autods-tabred/jobs/terminus-cases-plain-20260910-100339/maize-yield__UqitPYf/agent/trajectory.json
Collecting main service artifacts
Failed to download artifact '/workspace/submission.csv' from service 'main' (best-effort)
Traceback (most recent call last):
  File "/home/s_chumakov/.local/share/uv/tools/harbor/lib/python3.12/site-packages/harbor/trial/artifact_handler.py", line 351, in _download_artifact
    await source_env.service_download_file(
  File "/home/s_chumakov/.local/share/uv/tools/harbor/lib/python3.12/site-packages/harbor/environments/docker/docker.py", line 1057, in service_download_file
    await self.download_file(source_path, target_path)
  File "/home/s_chumakov/.local/share/uv/tools/harbor/lib/python3.12/site-packages/harbor/environments/docker/docker.py", line 1042, in download_file
    await self._platform.download_file(source_path, target_path)
  File "/home/s_chumakov/.local/share/uv/tools/harbor/lib/python3.12/site-packages/harbor/environments/docker/docker_unix.py", line 185, in download_file
    await self._env._run_docker_compose_command(
  File "/home/s_chumakov/.local/share/uv/tools/harbor/lib/python3.12/site-packages/harbor/environments/docker/docker.py", line 656, in _run_docker_compose_command
    raise RuntimeError(
RuntimeError: Docker compose command failed for environment maize-yield. Command: docker compose --project-name maize-yield__uqitpyf__env --project-directory /var/essdata/s_chumakov/automl-journal/runs/autods-tabred/harbor-tabred-adapter/datasets/cases/maize-yield/environment -f /tmp/tmpbwp30g3r/maize-yield__UqitPYf__env-docker-compose-resources.json -f /home/s_chumakov/.local/share/uv/tools/harbor/lib/python3.12/site-packages/harbor/environments/docker/docker-compose-build.yaml -f /tmp/tmpdgx2or0d/docker-compose-environment.json -f /tmp/tmpedbxxz9d/docker-compose-mounts.json cp main:/workspace/submission.csv /var/essdata/s_chumakov/automl-journal/runs/autods-tabred/jobs/terminus-cases-plain-20260910-100339/maize-yield__UqitPYf/artifacts/workspace/submission.csv. Return code: 1. Stdout:  maize-yield__uqitpyf__env-main-1 Copying maize-yield__uqitpyf__env-main-1:/workspace/submission.csv to /var/essdata/s_chumakov/automl-journal/runs/autods-tabred/jobs/terminus-cases-plain-20260910-100339/maize-yield__UqitPYf/artifacts/workspace/submission.csv
Error response from daemon: Could not find the file /workspace/submission.csv in container b10ad5936e2fd0e8beaec319b8238d450544fb07140c6edfe622a469557a3f63
. Stderr: None. 
Trial maize-yield__UqitPYf failed: 2 validation errors for VerifierResult
rewards.error.float
  Input should be a valid number, unable to parse string as a number [type=float_parsing, input_value="read failed: [Errno 2] N...rkspace/submission.csv'", input_type=str]
    For further information visit https://errors.pydantic.dev/2.13/v/float_parsing
rewards.error.int
  Input should be a valid integer, unable to parse string as an integer [type=int_parsing, input_value="read failed: [Errno 2] N...rkspace/submission.csv'", input_type=str]
    For further information visit https://errors.pydantic.dev/2.13/v/int_parsing
